STMicroelectronics Memory Configuration

Name     Origin   Length   Bytes-Used %age-Used Attributes
RAM 0x20000000 0x008000 0x0006f8        5%  rwx     
FLASH 0x8000000 0x020000 0x002094        6%  rx      

     VMA      LMA     Size Align Out     In      Symbol
       0        0        0     1 _estack = ORIGIN(RAM) + LENGTH(RAM)
       0        0        0     1 _Min_Heap_Size = 0x200
       0        0        0     1 _Min_Stack_Size = 0x400
 8000000  8000000      1d8     1 .isr_vector
 8000000  8000000        0     1         . = ALIGN(4)
 8000000  8000000      1d8     1         CMakeFiles/g4bee_v2.dir/startup_stm32g431xx.s.obj:(.isr_vector)
 8000000  8000000      1d8     1                 g_pfnVectors
 80001d8  80001d8        0     1         . = ALIGN(4)
 80001d8  80001d8     1e5c     4 .text
 80001d8  80001d8        0     1         . = ALIGN(4)
 80001d8  80001d8       14     4         /opt/ST/STM32CubeCLT_1.21.0/st-arm-clang/bin/../lib/clang-runtimes/arm-none-eabi/armv7m_hard_fpv4_sp_d16_exn_rtti_unaligned_size/lib/libclang_rt.builtins.a(aeabi_uldivmod.S.obj):(.text)
 80001d8  80001d8        0     1                 $t
 80001d9  80001d9       14     1                 __aeabi_uldivmod
 80001ec  80001ec       12     4         cmake/stm32cubemx/CMakeFiles/STM32_Drivers.dir/__/__/Core/Src/system_stm32g4xx.c.obj:(.text.SystemInit)
 80001ec  80001ec        0     1                 $t
 80001ed  80001ed       12     1                 SystemInit
 8000200  8000200       d2     4         cmake/stm32cubemx/CMakeFiles/STM32_Drivers.dir/__/__/Drivers/STM32G4xx_HAL_Driver/Src/stm32g4xx_hal_pwr_ex.c.obj:(.text.HAL_PWREx_ControlVoltageScaling)
 8000200  8000200        0     1                 $t
 8000201  8000201       d2     1                 HAL_PWREx_ControlVoltageScaling
 80002d4  80002d4       12     4         cmake/stm32cubemx/CMakeFiles/STM32_Drivers.dir/__/__/Drivers/STM32G4xx_HAL_Driver/Src/stm32g4xx_hal_pwr_ex.c.obj:(.text.HAL_PWREx_DisableUCPDDeadBattery)
 80002d4  80002d4        0     1                 $t
 80002d5  80002d5       12     1                 HAL_PWREx_DisableUCPDDeadBattery
 80002e8  80002e8       60     4         cmake/stm32cubemx/CMakeFiles/STM32_Drivers.dir/__/__/Drivers/STM32G4xx_HAL_Driver/Src/stm32g4xx_hal_tim.c.obj:(.text.HAL_TIM_Base_Init)
 80002e8  80002e8        0     1                 $t
 80002e9  80002e9       60     1                 HAL_TIM_Base_Init
 8000348  8000348      10e     4         cmake/stm32cubemx/CMakeFiles/STM32_Drivers.dir/__/__/Drivers/STM32G4xx_HAL_Driver/Src/stm32g4xx_hal_tim.c.obj:(.text.TIM_Base_SetConfig)
 8000348  8000348        0     1                 $t
 8000349  8000349      10e     1                 TIM_Base_SetConfig
 8000458  8000458       b4     4         cmake/stm32cubemx/CMakeFiles/STM32_Drivers.dir/__/__/Drivers/STM32G4xx_HAL_Driver/Src/stm32g4xx_hal_tim_ex.c.obj:(.text.HAL_TIMEx_MasterConfigSynchronization)
 8000458  8000458        0     1                 $t
 8000459  8000459       b4     1                 HAL_TIMEx_MasterConfigSynchronization
 800050c  800050c       1c     4         cmake/stm32cubemx/CMakeFiles/STM32_Drivers.dir/__/__/Drivers/STM32G4xx_HAL_Driver/Src/stm32g4xx_hal.c.obj:(.text.HAL_Init)
 800050c  800050c        0     1                 $t
 800050d  800050d       1c     1                 HAL_Init
 8000528  8000528       56     4         cmake/stm32cubemx/CMakeFiles/STM32_Drivers.dir/__/__/Drivers/STM32G4xx_HAL_Driver/Src/stm32g4xx_hal.c.obj:(.text.HAL_InitTick)
 8000528  8000528        0     1                 $t
 8000529  8000529       56     1                 HAL_InitTick
 8000580  8000580       1a     4         cmake/stm32cubemx/CMakeFiles/STM32_Drivers.dir/__/__/Drivers/STM32G4xx_HAL_Driver/Src/stm32g4xx_hal.c.obj:(.text.HAL_IncTick)
 8000580  8000580        0     1                 $t
 8000581  8000581       1a     1                 HAL_IncTick
 800059c  800059c        c     4         cmake/stm32cubemx/CMakeFiles/STM32_Drivers.dir/__/__/Drivers/STM32G4xx_HAL_Driver/Src/stm32g4xx_hal.c.obj:(.text.HAL_GetTick)
 800059c  800059c        0     1                 $t
 800059d  800059d        c     1                 HAL_GetTick
 80005a8  80005a8       28     4         cmake/stm32cubemx/CMakeFiles/STM32_Drivers.dir/__/__/Drivers/STM32G4xx_HAL_Driver/Src/stm32g4xx_hal.c.obj:(.text.HAL_Delay)
 80005a8  80005a8        0     1                 $t
 80005a9  80005a9       28     1                 HAL_Delay
 80005d0  80005d0      47c     4         cmake/stm32cubemx/CMakeFiles/STM32_Drivers.dir/__/__/Drivers/STM32G4xx_HAL_Driver/Src/stm32g4xx_hal_rcc.c.obj:(.text.HAL_RCC_OscConfig)
 80005d0  80005d0        0     1                 $t
 80005d1  80005d1      47c     1                 HAL_RCC_OscConfig
 8000a4c  8000a4c      318     4         cmake/stm32cubemx/CMakeFiles/STM32_Drivers.dir/__/__/Drivers/STM32G4xx_HAL_Driver/Src/stm32g4xx_hal_rcc.c.obj:(.text.HAL_RCC_ClockConfig)
 8000a4c  8000a4c        0     1                 $t
 8000a4d  8000a4d      318     1                 HAL_RCC_ClockConfig
 8000d64  8000d64       7e     4         cmake/stm32cubemx/CMakeFiles/STM32_Drivers.dir/__/__/Drivers/STM32G4xx_HAL_Driver/Src/stm32g4xx_hal_rcc.c.obj:(.text.HAL_RCC_GetSysClockFreq)
 8000d64  8000d64        0     1                 $t
 8000d65  8000d65       7e     1                 HAL_RCC_GetSysClockFreq
 8000de4  8000de4       2a     4         cmake/stm32cubemx/CMakeFiles/STM32_Drivers.dir/__/__/Drivers/STM32G4xx_HAL_Driver/Src/stm32g4xx_hal_rcc.c.obj:(.text.HAL_RCC_GetPCLK1Freq)
 8000de4  8000de4        0     1                 $t
 8000de5  8000de5       2a     1                 HAL_RCC_GetPCLK1Freq
 8000e10  8000e10       2a     4         cmake/stm32cubemx/CMakeFiles/STM32_Drivers.dir/__/__/Drivers/STM32G4xx_HAL_Driver/Src/stm32g4xx_hal_rcc.c.obj:(.text.HAL_RCC_GetPCLK2Freq)
 8000e10  8000e10        0     1                 $t
 8000e11  8000e11       2a     1                 HAL_RCC_GetPCLK2Freq
 8000e3c  8000e3c      2b4     4         cmake/stm32cubemx/CMakeFiles/STM32_Drivers.dir/__/__/Drivers/STM32G4xx_HAL_Driver/Src/stm32g4xx_hal_rcc_ex.c.obj:(.text.HAL_RCCEx_PeriphCLKConfig)
 8000e3c  8000e3c        0     1                 $t
 8000e3d  8000e3d      2b4     1                 HAL_RCCEx_PeriphCLKConfig
 80010f0  80010f0      1ac     4         cmake/stm32cubemx/CMakeFiles/STM32_Drivers.dir/__/__/Drivers/STM32G4xx_HAL_Driver/Src/stm32g4xx_hal_gpio.c.obj:(.text.HAL_GPIO_Init)
 80010f0  80010f0        0     1                 $t
 80010f1  80010f1      1ac     1                 HAL_GPIO_Init
 800129c  800129c        c     4         cmake/stm32cubemx/CMakeFiles/STM32_Drivers.dir/__/__/Drivers/STM32G4xx_HAL_Driver/Src/stm32g4xx_hal_gpio.c.obj:(.text.HAL_GPIO_WritePin)
 800129c  800129c        0     1                 $t
 800129d  800129d        c     1                 HAL_GPIO_WritePin
 80012a8  80012a8       12     4         cmake/stm32cubemx/CMakeFiles/STM32_Drivers.dir/__/__/Drivers/STM32G4xx_HAL_Driver/Src/stm32g4xx_hal_gpio.c.obj:(.text.HAL_GPIO_TogglePin)
 80012a8  80012a8        0     1                 $t
 80012a9  80012a9       12     1                 HAL_GPIO_TogglePin
 80012bc  80012bc       20     4         cmake/stm32cubemx/CMakeFiles/STM32_Drivers.dir/__/__/Drivers/STM32G4xx_HAL_Driver/Src/stm32g4xx_hal_cortex.c.obj:(.text.HAL_NVIC_SetPriorityGrouping)
 80012bc  80012bc        0     1                 $t
 80012bd  80012bd       20     1                 HAL_NVIC_SetPriorityGrouping
 80012dc  80012dc       5c     4         cmake/stm32cubemx/CMakeFiles/STM32_Drivers.dir/__/__/Drivers/STM32G4xx_HAL_Driver/Src/stm32g4xx_hal_cortex.c.obj:(.text.HAL_NVIC_SetPriority)
 80012dc  80012dc        0     1                 $t
 80012dd  80012dd       5c     1                 HAL_NVIC_SetPriority
 8001338  8001338       32     4         cmake/stm32cubemx/CMakeFiles/STM32_Drivers.dir/__/__/Drivers/STM32G4xx_HAL_Driver/Src/stm32g4xx_hal_cortex.c.obj:(.text.HAL_SYSTICK_Config)
 8001338  8001338        0     1                 $t
 8001339  8001339       32     1                 HAL_SYSTICK_Config
 800136c  800136c       62     4         cmake/stm32cubemx/CMakeFiles/STM32_Drivers.dir/__/__/Drivers/STM32G4xx_HAL_Driver/Src/stm32g4xx_hal_uart.c.obj:(.text.HAL_UART_Init)
 800136c  800136c        0     1                 $t
 800136d  800136d       62     1                 HAL_UART_Init
 80013d0  80013d0       e4     4         cmake/stm32cubemx/CMakeFiles/STM32_Drivers.dir/__/__/Drivers/STM32G4xx_HAL_Driver/Src/stm32g4xx_hal_uart.c.obj:(.text.UART_AdvFeatureConfig)
 80013d0  80013d0        0     1                 $t
 80013d1  80013d1       e4     1                 UART_AdvFeatureConfig
 80014b4  80014b4      2d4     4         cmake/stm32cubemx/CMakeFiles/STM32_Drivers.dir/__/__/Drivers/STM32G4xx_HAL_Driver/Src/stm32g4xx_hal_uart.c.obj:(.text.UART_SetConfig)
 80014b4  80014b4        0     1                 $t
 80014b5  80014b5      2d4     1                 UART_SetConfig
 80015ee  80015ee        0     1                 $d
 80015f8  80015f8        0     1                 $t
 8001612  8001612        0     1                 $d
 800161c  800161c        0     1                 $t
 8001632  8001632        0     1                 $d
 800163c  800163c        0     1                 $t
 8001788  8001788       c2     4         cmake/stm32cubemx/CMakeFiles/STM32_Drivers.dir/__/__/Drivers/STM32G4xx_HAL_Driver/Src/stm32g4xx_hal_uart.c.obj:(.text.UART_CheckIdleState)
 8001788  8001788        0     1                 $t
 8001789  8001789       c2     1                 UART_CheckIdleState
 800184c  800184c      164     4         cmake/stm32cubemx/CMakeFiles/STM32_Drivers.dir/__/__/Drivers/STM32G4xx_HAL_Driver/Src/stm32g4xx_hal_uart.c.obj:(.text.UART_WaitOnFlagUntilTimeout)
 800184c  800184c        0     1                 $t
 800184d  800184d      164     1                 UART_WaitOnFlagUntilTimeout
 80019b0  80019b0       38     4         cmake/stm32cubemx/CMakeFiles/STM32_Drivers.dir/__/__/Drivers/STM32G4xx_HAL_Driver/Src/stm32g4xx_hal_uart_ex.c.obj:(.text.HAL_UARTEx_DisableFifoMode)
 80019b0  80019b0        0     1                 $t
 80019b1  80019b1       38     1                 HAL_UARTEx_DisableFifoMode
 80019e8  80019e8       98     4         cmake/stm32cubemx/CMakeFiles/STM32_Drivers.dir/__/__/Drivers/STM32G4xx_HAL_Driver/Src/stm32g4xx_hal_uart_ex.c.obj:(.text.HAL_UARTEx_SetTxFifoThreshold)
 80019e8  80019e8        0     1                 $t
 80019e9  80019e9       98     1                 HAL_UARTEx_SetTxFifoThreshold
 8001a80  8001a80       98     4         cmake/stm32cubemx/CMakeFiles/STM32_Drivers.dir/__/__/Drivers/STM32G4xx_HAL_Driver/Src/stm32g4xx_hal_uart_ex.c.obj:(.text.HAL_UARTEx_SetRxFifoThreshold)
 8001a80  8001a80        0     1                 $t
 8001a81  8001a81       98     1                 HAL_UARTEx_SetRxFifoThreshold
 8001b18  8001b18      198     4         CMakeFiles/g4bee_v2.dir/Core/Src/main.c.obj:(.text.main)
 8001b18  8001b18        0     1                 $t
 8001b19  8001b19      198     1                 main
 8001cb0  8001cb0        6     4         CMakeFiles/g4bee_v2.dir/Core/Src/main.c.obj:(.text.Error_Handler)
 8001cb0  8001cb0        0     1                 $t
 8001cb1  8001cb1        6     1                 Error_Handler
 8001cb8  8001cb8        2     4         CMakeFiles/g4bee_v2.dir/Core/Src/stm32g4xx_it.c.obj:(.text.NMI_Handler)
 8001cb8  8001cb8        0     1                 $t
 8001cb9  8001cb9        2     1                 NMI_Handler
 8001cbc  8001cbc        2     4         CMakeFiles/g4bee_v2.dir/Core/Src/stm32g4xx_it.c.obj:(.text.HardFault_Handler)
 8001cbc  8001cbc        0     1                 $t
 8001cbd  8001cbd        2     1                 HardFault_Handler
 8001cc0  8001cc0        2     4         CMakeFiles/g4bee_v2.dir/Core/Src/stm32g4xx_it.c.obj:(.text.MemManage_Handler)
 8001cc0  8001cc0        0     1                 $t
 8001cc1  8001cc1        2     1                 MemManage_Handler
 8001cc4  8001cc4        2     4         CMakeFiles/g4bee_v2.dir/Core/Src/stm32g4xx_it.c.obj:(.text.BusFault_Handler)
 8001cc4  8001cc4        0     1                 $t
 8001cc5  8001cc5        2     1                 BusFault_Handler
 8001cc8  8001cc8        2     4         CMakeFiles/g4bee_v2.dir/Core/Src/stm32g4xx_it.c.obj:(.text.UsageFault_Handler)
 8001cc8  8001cc8        0     1                 $t
 8001cc9  8001cc9        2     1                 UsageFault_Handler
 8001ccc  8001ccc        2     4         CMakeFiles/g4bee_v2.dir/Core/Src/stm32g4xx_it.c.obj:(.text.SVC_Handler)
 8001ccc  8001ccc        0     1                 $t
 8001ccd  8001ccd        2     1                 SVC_Handler
 8001cd0  8001cd0        2     4         CMakeFiles/g4bee_v2.dir/Core/Src/stm32g4xx_it.c.obj:(.text.DebugMon_Handler)
 8001cd0  8001cd0        0     1                 $t
 8001cd1  8001cd1        2     1                 DebugMon_Handler
 8001cd4  8001cd4        2     4         CMakeFiles/g4bee_v2.dir/Core/Src/stm32g4xx_it.c.obj:(.text.PendSV_Handler)
 8001cd4  8001cd4        0     1                 $t
 8001cd5  8001cd5        2     1                 PendSV_Handler
 8001cd8  8001cd8        4     4         CMakeFiles/g4bee_v2.dir/Core/Src/stm32g4xx_it.c.obj:(.text.SysTick_Handler)
 8001cd8  8001cd8        0     1                 $t
 8001cd9  8001cd9        4     1                 SysTick_Handler
 8001cdc  8001cdc       34     4         CMakeFiles/g4bee_v2.dir/Core/Src/stm32g4xx_hal_msp.c.obj:(.text.HAL_MspInit)
 8001cdc  8001cdc        0     1                 $t
 8001cdd  8001cdd       34     1                 HAL_MspInit
 8001d10  8001d10       30     4         CMakeFiles/g4bee_v2.dir/Core/Src/stm32g4xx_hal_msp.c.obj:(.text.HAL_TIM_Base_MspInit)
 8001d10  8001d10        0     1                 $t
 8001d11  8001d11       30     1                 HAL_TIM_Base_MspInit
 8001d40  8001d40       8a     4         CMakeFiles/g4bee_v2.dir/Core/Src/stm32g4xx_hal_msp.c.obj:(.text.HAL_UART_MspInit)
 8001d40  8001d40        0     1                 $t
 8001d41  8001d41       8a     1                 HAL_UART_MspInit
 8001dcc  8001dcc       50     4         CMakeFiles/g4bee_v2.dir/startup_stm32g431xx.s.obj:(.text.Reset_Handler)
 8001dcc  8001dcc        0     1                 $t
 8001dcd  8001dcd       38     1                 Reset_Handler
 8001dde  8001dde        0     1                 CopyDataInit
 8001de4  8001de4        0     1                 LoopCopyDataInit
 8001df2  8001df2        0     1                 FillZerobss
 8001df6  8001df6        0     1                 LoopFillZerobss
 8001e02  8001e02        0     1                 LoopForever
 8001e04  8001e04        0     1                 $d
 8001e1c  8001e1c        2     1         CMakeFiles/g4bee_v2.dir/startup_stm32g431xx.s.obj:(.text.Default_Handler)
 8001e1c  8001e1c        0     1                 Infinite_Loop
 8001e1c  8001e1c        0     1                 $t
 8001e1c  8001e1c        2     1                 Default_Handler
 8001e1d  8001e1d        2     1                 WWDG_IRQHandler
 8001e1d  8001e1d        2     1                 PVD_PVM_IRQHandler
 8001e1d  8001e1d        2     1                 RTC_TAMP_LSECSS_IRQHandler
 8001e1d  8001e1d        2     1                 RTC_WKUP_IRQHandler
 8001e1d  8001e1d        2     1                 FLASH_IRQHandler
 8001e1d  8001e1d        2     1                 RCC_IRQHandler
 8001e1d  8001e1d        2     1                 EXTI0_IRQHandler
 8001e1d  8001e1d        2     1                 EXTI1_IRQHandler
 8001e1d  8001e1d        2     1                 EXTI2_IRQHandler
 8001e1d  8001e1d        2     1                 EXTI3_IRQHandler
 8001e1d  8001e1d        2     1                 EXTI4_IRQHandler
 8001e1d  8001e1d        2     1                 DMA1_Channel1_IRQHandler
 8001e1d  8001e1d        2     1                 DMA1_Channel2_IRQHandler
 8001e1d  8001e1d        2     1                 DMA1_Channel3_IRQHandler
 8001e1d  8001e1d        2     1                 DMA1_Channel4_IRQHandler
 8001e1d  8001e1d        2     1                 DMA1_Channel5_IRQHandler
 8001e1d  8001e1d        2     1                 DMA1_Channel6_IRQHandler
 8001e1d  8001e1d        2     1                 ADC1_2_IRQHandler
 8001e1d  8001e1d        2     1                 USB_HP_IRQHandler
 8001e1d  8001e1d        2     1                 USB_LP_IRQHandler
 8001e1d  8001e1d        2     1                 FDCAN1_IT0_IRQHandler
 8001e1d  8001e1d        2     1                 FDCAN1_IT1_IRQHandler
 8001e1d  8001e1d        2     1                 EXTI9_5_IRQHandler
 8001e1d  8001e1d        2     1                 TIM1_BRK_TIM15_IRQHandler
 8001e1d  8001e1d        2     1                 TIM1_UP_TIM16_IRQHandler
 8001e1d  8001e1d        2     1                 TIM1_TRG_COM_TIM17_IRQHandler
 8001e1d  8001e1d        2     1                 TIM1_CC_IRQHandler
 8001e1d  8001e1d        2     1                 TIM2_IRQHandler
 8001e1d  8001e1d        2     1                 TIM3_IRQHandler
 8001e1d  8001e1d        2     1                 TIM4_IRQHandler
 8001e1d  8001e1d        2     1                 I2C1_EV_IRQHandler
 8001e1d  8001e1d        2     1                 I2C1_ER_IRQHandler
 8001e1d  8001e1d        2     1                 I2C2_EV_IRQHandler
 8001e1d  8001e1d        2     1                 I2C2_ER_IRQHandler
 8001e1d  8001e1d        2     1                 SPI1_IRQHandler
 8001e1d  8001e1d        2     1                 SPI2_IRQHandler
 8001e1d  8001e1d        2     1                 USART1_IRQHandler
 8001e1d  8001e1d        2     1                 USART2_IRQHandler
 8001e1d  8001e1d        2     1                 USART3_IRQHandler
 8001e1d  8001e1d        2     1                 EXTI15_10_IRQHandler
 8001e1d  8001e1d        2     1                 RTC_Alarm_IRQHandler
 8001e1d  8001e1d        2     1                 USBWakeUp_IRQHandler
 8001e1d  8001e1d        2     1                 TIM8_BRK_IRQHandler
 8001e1d  8001e1d        2     1                 TIM8_UP_IRQHandler
 8001e1d  8001e1d        2     1                 TIM8_TRG_COM_IRQHandler
 8001e1d  8001e1d        2     1                 TIM8_CC_IRQHandler
 8001e1d  8001e1d        2     1                 LPTIM1_IRQHandler
 8001e1d  8001e1d        2     1                 SPI3_IRQHandler
 8001e1d  8001e1d        2     1                 UART4_IRQHandler
 8001e1d  8001e1d        2     1                 TIM6_DAC_IRQHandler
 8001e1d  8001e1d        2     1                 TIM7_IRQHandler
 8001e1d  8001e1d        2     1                 DMA2_Channel1_IRQHandler
 8001e1d  8001e1d        2     1                 DMA2_Channel2_IRQHandler
 8001e1d  8001e1d        2     1                 DMA2_Channel3_IRQHandler
 8001e1d  8001e1d        2     1                 DMA2_Channel4_IRQHandler
 8001e1d  8001e1d        2     1                 DMA2_Channel5_IRQHandler
 8001e1d  8001e1d        2     1                 UCPD1_IRQHandler
 8001e1d  8001e1d        2     1                 COMP1_2_3_IRQHandler
 8001e1d  8001e1d        2     1                 COMP4_IRQHandler
 8001e1d  8001e1d        2     1                 CRS_IRQHandler
 8001e1d  8001e1d        2     1                 SAI1_IRQHandler
 8001e1d  8001e1d        2     1                 FPU_IRQHandler
 8001e1d  8001e1d        2     1                 RNG_IRQHandler
 8001e1d  8001e1d        2     1                 LPUART1_IRQHandler
 8001e1d  8001e1d        2     1                 I2C3_EV_IRQHandler
 8001e1d  8001e1d        2     1                 I2C3_ER_IRQHandler
 8001e1d  8001e1d        2     1                 DMAMUX_OVR_IRQHandler
 8001e1d  8001e1d        2     1                 DMA2_Channel6_IRQHandler
 8001e1d  8001e1d        2     1                 CORDIC_IRQHandler
 8001e1d  8001e1d        2     1                 FMAC_IRQHandler
 8001e20  8001e20      1be     4         /opt/ST/STM32CubeCLT_1.21.0/st-arm-clang/bin/../lib/clang-runtimes/arm-none-eabi/armv7m_hard_fpv4_sp_d16_exn_rtti_unaligned_size/lib/libclang_rt.builtins.a(udivmoddi4.c.obj):(.text.__udivmoddi4)
 8001e20  8001e20        0     1                 $t
 8001e21  8001e21      1be     1                 __udivmoddi4
 8001fde  8001fde        8     2         /opt/ST/STM32CubeCLT_1.21.0/st-arm-clang/bin/../lib/clang-runtimes/arm-none-eabi/armv7m_hard_fpv4_sp_d16_exn_rtti_unaligned_size/lib/libc.a(bzero.c.o):(.text.bzero)
 8001fde  8001fde        0     1                 $t
 8001fdf  8001fdf        8     1                 bzero
 8001fdf  8001fdf        8     1                 __aeabi_memclr4
 8001fdf  8001fdf        8     1                 __aeabi_memclr8
 8001fdf  8001fdf        8     1                 __aeabi_memclr
 8001fe6  8001fe6        e     2         /opt/ST/STM32CubeCLT_1.21.0/st-arm-clang/bin/../lib/clang-runtimes/arm-none-eabi/armv7m_hard_fpv4_sp_d16_exn_rtti_unaligned_size/lib/libc.a(memset.c.o):(.text.memset)
 8001fe6  8001fe6        0     1                 $t
 8001fe7  8001fe7        e     1                 memset
 8001ff4  8001ff4       1c     4         /opt/ST/STM32CubeCLT_1.21.0/st-arm-clang/bin/../lib/clang-runtimes/arm-none-eabi/armv7m_hard_fpv4_sp_d16_exn_rtti_unaligned_size/lib/libc.a(libc_misc_init.c.o):(.text.__libc_init_array)
 8001ff4  8001ff4        0     1                 $t
 8001ff5  8001ff5       1c     1                 __libc_init_array
 8002008  8002008        0     1                 $d
 8002010  8002010       10     4         /opt/ST/STM32CubeCLT_1.21.0/st-arm-clang/bin/../lib/clang-runtimes/arm-none-eabi/armv7m_hard_fpv4_sp_d16_exn_rtti_unaligned_size/lib/libc.a(libc_picolib_machine_arm_read_tp.S.o):(.text._initial_set_tls)
 8002010  8002010        0     1                 $t
 8002011  8002011        6     1                 _initial_set_tls
 8002018  8002018        0     1                 $d
 8002020  8002020       14     4         /opt/ST/STM32CubeCLT_1.21.0/st-arm-clang/bin/../lib/clang-runtimes/arm-none-eabi/armv7m_hard_fpv4_sp_d16_exn_rtti_unaligned_size/lib/libc.a(libc_picolib_machine_arm_set_tls.c.o):(.text._set_tls)
 8002020  8002020        0     1                 $t
 8002021  8002021       14     1                 _set_tls
 800202c  800202c        0     1                 $d
 8002034  8002034        0     1         . = ALIGN(4)
 8002034  8002034        0     1         _etext = .
 8002034  8002034       40     2 .rodata
 8002034  8002034        0     1         . = ALIGN(4)
 8002034  8002034       10     1         cmake/stm32cubemx/CMakeFiles/STM32_Drivers.dir/__/__/Core/Src/system_stm32g4xx.c.obj:(.rodata.AHBPrescTable)
 8002034  8002034       10     1                 AHBPrescTable
 8002044  8002044        8     1         cmake/stm32cubemx/CMakeFiles/STM32_Drivers.dir/__/__/Core/Src/system_stm32g4xx.c.obj:(.rodata.APBPrescTable)
 8002044  8002044        8     1                 APBPrescTable
 800204c  800204c       18     2         cmake/stm32cubemx/CMakeFiles/STM32_Drivers.dir/__/__/Drivers/STM32G4xx_HAL_Driver/Src/stm32g4xx_hal_uart.c.obj:(.rodata.UARTPrescTable)
 800204c  800204c       18     1                 UARTPrescTable
 8002064  8002064       10     1         <internal>:(.rodata.cst8)
 8002074  8002074        0     1         . = ALIGN(4)
 8002074  8002074        0     1 .ARM.extab
 8002074  8002074        0     1         . = ALIGN(4)
 8002074  8002074        0     1         . = ALIGN(4)
 8002074  8002074       10     4 .ARM
 8002074  8002074        0     1         . = ALIGN(4)
 8002074  8002074        0     1         __exidx_start = .
 8002074  8002074       10     4         <internal>:(.ARM.exidx)
 8002084  8002084        0     1         __exidx_end = .
 8002084  8002084        0     1         . = ALIGN(4)
 8002084  8002084        4     4 .preinit_array
 8002084  8002084        0     1         . = ALIGN(4)
 8002084  8002084        4     4         /opt/ST/STM32CubeCLT_1.21.0/st-arm-clang/bin/../lib/clang-runtimes/arm-none-eabi/armv7m_hard_fpv4_sp_d16_exn_rtti_unaligned_size/lib/libc.a(libc_picolib_machine_arm_read_tp.S.o):(.preinit_array)
 8002088  8002088        0     1         . = ALIGN(4)
 8002088  8002088        0     1 .init_array
 8002088  8002088        0     1         . = ALIGN(4)
 8002088  8002088        0     1         . = ALIGN(4)
 8002088  8002088        0     1 .fini_array
 8002088  8002088        0     1         . = ALIGN(4)
 8002088  8002088        0     1         . = ALIGN(4)
 8002088  8002088        0     1 _sidata = LOADADDR(.data)
20000000  8002088        c     4 .data
20000000  8002088        0     1         . = ALIGN(4)
20000000  8002088        0     1         _sdata = .
20000000  8002088        4     4         cmake/stm32cubemx/CMakeFiles/STM32_Drivers.dir/__/__/Core/Src/system_stm32g4xx.c.obj:(.data.SystemCoreClock)
20000000  8002088        4     1                 SystemCoreClock
20000004  800208c        4     4         cmake/stm32cubemx/CMakeFiles/STM32_Drivers.dir/__/__/Drivers/STM32G4xx_HAL_Driver/Src/stm32g4xx_hal.c.obj:(.data.uwTickPrio)
20000004  800208c        4     1                 uwTickPrio
20000008  8002090        4     4         cmake/stm32cubemx/CMakeFiles/STM32_Drivers.dir/__/__/Drivers/STM32G4xx_HAL_Driver/Src/stm32g4xx_hal.c.obj:(.data.uwTickFreq)
20000008  8002090        4     1                 uwTickFreq
2000000c  8002094        0     1         . = ALIGN(4)
2000000c  8002094        0     4 .tdata
2000000c  8002094        0     1         . = ALIGN(4)
2000000c  8002094        0     1         _edata = .
2000000c  8002094        0     1 PROVIDE( __tdata_start = ADDR(.tdata) )
2000000c 2000000c        0     4 .tbss
2000000c 2000000c        0     1         _sbss = .
2000000c 2000000c        0     1         __bss_start__ = _sbss
2000000c 2000000c        0     1         . = ALIGN(4)
2000000c 2000000c        0     1 PROVIDE( __tls_base = __tdata_start )
2000000c 2000000c        0     1 PROVIDE( __tls_align = MAX(ALIGNOF(.tdata), ALIGNOF(.tbss)) )
2000000c 2000000c        0     1 PROVIDE( __arm32_tls_tcb_offset = MAX(8, __tls_align) )
2000000c 2000000c       e8     4 .bss
2000000c 2000000c        4     4         cmake/stm32cubemx/CMakeFiles/STM32_Drivers.dir/__/__/Drivers/STM32G4xx_HAL_Driver/Src/stm32g4xx_hal.c.obj:(.bss.uwTick)
2000000c 2000000c        4     1                 uwTick
20000010 20000010       4c     4         CMakeFiles/g4bee_v2.dir/Core/Src/main.c.obj:(.bss.htim6)
20000010 20000010       4c     1                 htim6
2000005c 2000005c       94     4         CMakeFiles/g4bee_v2.dir/Core/Src/main.c.obj:(.bss.huart2)
2000005c 2000005c       94     1                 huart2
200000f0 200000f0        4     4         /opt/ST/STM32CubeCLT_1.21.0/st-arm-clang/bin/../lib/clang-runtimes/arm-none-eabi/armv7m_hard_fpv4_sp_d16_exn_rtti_unaligned_size/lib/libc.a(libc_picolib_machine_arm_tls.c.o):(.bss.__tls)
200000f0 200000f0        4     1                 __tls
200000f4 200000f4        0     1         . = ALIGN(4)
200000f4 200000f4        0     1         _ebss = .
200000f4 200000f4        0     1         __bss_end__ = _ebss
200000f4 200000f4      604     1 ._user_heap_stack
200000f4 200000f4        4     1         . = ALIGN(8)
200000f8 200000f8        0     1         PROVIDE ( _end = . )
200000f8 200000f8      200     1         . = . + _Min_Heap_Size
200002f8 200002f8      400     1         . = . + _Min_Stack_Size
200006f8 200006f8        0     1         . = ALIGN(8)
       0        0     7261     1 .debug_loclists
       0        0       62     1         cmake/stm32cubemx/CMakeFiles/STM32_Drivers.dir/__/__/Core/Src/system_stm32g4xx.c.obj:(.debug_loclists)
      62       62      24e     1         cmake/stm32cubemx/CMakeFiles/STM32_Drivers.dir/__/__/Drivers/STM32G4xx_HAL_Driver/Src/stm32g4xx_hal_pwr_ex.c.obj:(.debug_loclists)
     2b0      2b0     2a36     1         cmake/stm32cubemx/CMakeFiles/STM32_Drivers.dir/__/__/Drivers/STM32G4xx_HAL_Driver/Src/stm32g4xx_hal_tim.c.obj:(.debug_loclists)
    2ce6     2ce6      f95     1         cmake/stm32cubemx/CMakeFiles/STM32_Drivers.dir/__/__/Drivers/STM32G4xx_HAL_Driver/Src/stm32g4xx_hal_tim_ex.c.obj:(.debug_loclists)
    3c7b     3c7b       cb     1         cmake/stm32cubemx/CMakeFiles/STM32_Drivers.dir/__/__/Drivers/STM32G4xx_HAL_Driver/Src/stm32g4xx_hal.c.obj:(.debug_loclists)
    3d46     3d46      306     1         cmake/stm32cubemx/CMakeFiles/STM32_Drivers.dir/__/__/Drivers/STM32G4xx_HAL_Driver/Src/stm32g4xx_hal_rcc.c.obj:(.debug_loclists)
    404c     404c      597     1         cmake/stm32cubemx/CMakeFiles/STM32_Drivers.dir/__/__/Drivers/STM32G4xx_HAL_Driver/Src/stm32g4xx_hal_rcc_ex.c.obj:(.debug_loclists)
    45e3     45e3      311     1         cmake/stm32cubemx/CMakeFiles/STM32_Drivers.dir/__/__/Drivers/STM32G4xx_HAL_Driver/Src/stm32g4xx_hal_flash.c.obj:(.debug_loclists)
    48f4     48f4      2b1     1         cmake/stm32cubemx/CMakeFiles/STM32_Drivers.dir/__/__/Drivers/STM32G4xx_HAL_Driver/Src/stm32g4xx_hal_flash_ex.c.obj:(.debug_loclists)
    4ba5     4ba5      13c     1         cmake/stm32cubemx/CMakeFiles/STM32_Drivers.dir/__/__/Drivers/STM32G4xx_HAL_Driver/Src/stm32g4xx_hal_gpio.c.obj:(.debug_loclists)
    4ce1     4ce1      2f9     1         cmake/stm32cubemx/CMakeFiles/STM32_Drivers.dir/__/__/Drivers/STM32G4xx_HAL_Driver/Src/stm32g4xx_hal_exti.c.obj:(.debug_loclists)
    4fda     4fda      399     1         cmake/stm32cubemx/CMakeFiles/STM32_Drivers.dir/__/__/Drivers/STM32G4xx_HAL_Driver/Src/stm32g4xx_hal_dma.c.obj:(.debug_loclists)
    5373     5373       be     1         cmake/stm32cubemx/CMakeFiles/STM32_Drivers.dir/__/__/Drivers/STM32G4xx_HAL_Driver/Src/stm32g4xx_hal_dma_ex.c.obj:(.debug_loclists)
    5431     5431       75     1         cmake/stm32cubemx/CMakeFiles/STM32_Drivers.dir/__/__/Drivers/STM32G4xx_HAL_Driver/Src/stm32g4xx_hal_pwr.c.obj:(.debug_loclists)
    54a6     54a6      188     1         cmake/stm32cubemx/CMakeFiles/STM32_Drivers.dir/__/__/Drivers/STM32G4xx_HAL_Driver/Src/stm32g4xx_hal_cortex.c.obj:(.debug_loclists)
    562e     562e     13ce     1         cmake/stm32cubemx/CMakeFiles/STM32_Drivers.dir/__/__/Drivers/STM32G4xx_HAL_Driver/Src/stm32g4xx_hal_uart.c.obj:(.debug_loclists)
    69fc     69fc      535     1         cmake/stm32cubemx/CMakeFiles/STM32_Drivers.dir/__/__/Drivers/STM32G4xx_HAL_Driver/Src/stm32g4xx_hal_uart_ex.c.obj:(.debug_loclists)
    6f31     6f31       7e     1         CMakeFiles/g4bee_v2.dir/Core/Src/main.c.obj:(.debug_loclists)
    6faf     6faf       32     1         CMakeFiles/g4bee_v2.dir/Core/Src/stm32g4xx_hal_msp.c.obj:(.debug_loclists)
    6fe1     6fe1       25     1         CMakeFiles/g4bee_v2.dir/Core/Src/sysmem.c.obj:(.debug_loclists)
    7006     7006      25b     1         CMakeFiles/g4bee_v2.dir/Core/Src/syscalls.c.obj:(.debug_loclists)
       0        0     2917     1 .debug_abbrev
       0        0       da     1         cmake/stm32cubemx/CMakeFiles/STM32_Drivers.dir/__/__/Core/Src/system_stm32g4xx.c.obj:(.debug_abbrev)
      da       da      1bd     1         cmake/stm32cubemx/CMakeFiles/STM32_Drivers.dir/__/__/Drivers/STM32G4xx_HAL_Driver/Src/stm32g4xx_hal_pwr_ex.c.obj:(.debug_abbrev)
     297      297      326     1         cmake/stm32cubemx/CMakeFiles/STM32_Drivers.dir/__/__/Drivers/STM32G4xx_HAL_Driver/Src/stm32g4xx_hal_tim.c.obj:(.debug_abbrev)
     5bd      5bd      283     1         cmake/stm32cubemx/CMakeFiles/STM32_Drivers.dir/__/__/Drivers/STM32G4xx_HAL_Driver/Src/stm32g4xx_hal_tim_ex.c.obj:(.debug_abbrev)
     840      840      1b0     1         cmake/stm32cubemx/CMakeFiles/STM32_Drivers.dir/__/__/Drivers/STM32G4xx_HAL_Driver/Src/stm32g4xx_hal.c.obj:(.debug_abbrev)
     9f0      9f0      233     1         cmake/stm32cubemx/CMakeFiles/STM32_Drivers.dir/__/__/Drivers/STM32G4xx_HAL_Driver/Src/stm32g4xx_hal_rcc.c.obj:(.debug_abbrev)
     c23      c23      1b5     1         cmake/stm32cubemx/CMakeFiles/STM32_Drivers.dir/__/__/Drivers/STM32G4xx_HAL_Driver/Src/stm32g4xx_hal_rcc_ex.c.obj:(.debug_abbrev)
     dd8      dd8      249     1         cmake/stm32cubemx/CMakeFiles/STM32_Drivers.dir/__/__/Drivers/STM32G4xx_HAL_Driver/Src/stm32g4xx_hal_flash.c.obj:(.debug_abbrev)
    1021     1021      23b     1         cmake/stm32cubemx/CMakeFiles/STM32_Drivers.dir/__/__/Drivers/STM32G4xx_HAL_Driver/Src/stm32g4xx_hal_flash_ex.c.obj:(.debug_abbrev)
    125c     125c       af     1         cmake/stm32cubemx/CMakeFiles/STM32_Drivers.dir/__/__/Drivers/STM32G4xx_HAL_Driver/Src/stm32g4xx_hal_flash_ramfunc.c.obj:(.debug_abbrev)
    130b     130b      182     1         cmake/stm32cubemx/CMakeFiles/STM32_Drivers.dir/__/__/Drivers/STM32G4xx_HAL_Driver/Src/stm32g4xx_hal_gpio.c.obj:(.debug_abbrev)
    148d     148d      179     1         cmake/stm32cubemx/CMakeFiles/STM32_Drivers.dir/__/__/Drivers/STM32G4xx_HAL_Driver/Src/stm32g4xx_hal_exti.c.obj:(.debug_abbrev)
    1606     1606      1bf     1         cmake/stm32cubemx/CMakeFiles/STM32_Drivers.dir/__/__/Drivers/STM32G4xx_HAL_Driver/Src/stm32g4xx_hal_dma.c.obj:(.debug_abbrev)
    17c5     17c5      16c     1         cmake/stm32cubemx/CMakeFiles/STM32_Drivers.dir/__/__/Drivers/STM32G4xx_HAL_Driver/Src/stm32g4xx_hal_dma_ex.c.obj:(.debug_abbrev)
    1931     1931      15d     1         cmake/stm32cubemx/CMakeFiles/STM32_Drivers.dir/__/__/Drivers/STM32G4xx_HAL_Driver/Src/stm32g4xx_hal_pwr.c.obj:(.debug_abbrev)
    1a8e     1a8e      2d3     1         cmake/stm32cubemx/CMakeFiles/STM32_Drivers.dir/__/__/Drivers/STM32G4xx_HAL_Driver/Src/stm32g4xx_hal_cortex.c.obj:(.debug_abbrev)
    1d61     1d61      2cb     1         cmake/stm32cubemx/CMakeFiles/STM32_Drivers.dir/__/__/Drivers/STM32G4xx_HAL_Driver/Src/stm32g4xx_hal_uart.c.obj:(.debug_abbrev)
    202c     202c      224     1         cmake/stm32cubemx/CMakeFiles/STM32_Drivers.dir/__/__/Drivers/STM32G4xx_HAL_Driver/Src/stm32g4xx_hal_uart_ex.c.obj:(.debug_abbrev)
    2250     2250      21f     1         CMakeFiles/g4bee_v2.dir/Core/Src/main.c.obj:(.debug_abbrev)
    246f     246f       66     1         CMakeFiles/g4bee_v2.dir/Core/Src/stm32g4xx_it.c.obj:(.debug_abbrev)
    24d5     24d5      1c4     1         CMakeFiles/g4bee_v2.dir/Core/Src/stm32g4xx_hal_msp.c.obj:(.debug_abbrev)
    2699     2699       99     1         CMakeFiles/g4bee_v2.dir/Core/Src/sysmem.c.obj:(.debug_abbrev)
    2732     2732      1c6     1         CMakeFiles/g4bee_v2.dir/Core/Src/syscalls.c.obj:(.debug_abbrev)
    28f8     28f8       1f     1         CMakeFiles/g4bee_v2.dir/startup_stm32g431xx.s.obj:(.debug_abbrev)
       0        0     f786     1 .debug_info
       0        0      3af     1         cmake/stm32cubemx/CMakeFiles/STM32_Drivers.dir/__/__/Core/Src/system_stm32g4xx.c.obj:(.debug_info)
     3af      3af      629     1         cmake/stm32cubemx/CMakeFiles/STM32_Drivers.dir/__/__/Drivers/STM32G4xx_HAL_Driver/Src/stm32g4xx_hal_pwr_ex.c.obj:(.debug_info)
     9d8      9d8     2bf7     1         cmake/stm32cubemx/CMakeFiles/STM32_Drivers.dir/__/__/Drivers/STM32G4xx_HAL_Driver/Src/stm32g4xx_hal_tim.c.obj:(.debug_info)
    35cf     35cf     15a9     1         cmake/stm32cubemx/CMakeFiles/STM32_Drivers.dir/__/__/Drivers/STM32G4xx_HAL_Driver/Src/stm32g4xx_hal_tim_ex.c.obj:(.debug_info)
    4b78     4b78      6e2     1         cmake/stm32cubemx/CMakeFiles/STM32_Drivers.dir/__/__/Drivers/STM32G4xx_HAL_Driver/Src/stm32g4xx_hal.c.obj:(.debug_info)
    525a     525a      89f     1         cmake/stm32cubemx/CMakeFiles/STM32_Drivers.dir/__/__/Drivers/STM32G4xx_HAL_Driver/Src/stm32g4xx_hal_rcc.c.obj:(.debug_info)
    5af9     5af9      8c9     1         cmake/stm32cubemx/CMakeFiles/STM32_Drivers.dir/__/__/Drivers/STM32G4xx_HAL_Driver/Src/stm32g4xx_hal_rcc_ex.c.obj:(.debug_info)
    63c2     63c2      5b5     1         cmake/stm32cubemx/CMakeFiles/STM32_Drivers.dir/__/__/Drivers/STM32G4xx_HAL_Driver/Src/stm32g4xx_hal_flash.c.obj:(.debug_info)
    6977     6977      689     1         cmake/stm32cubemx/CMakeFiles/STM32_Drivers.dir/__/__/Drivers/STM32G4xx_HAL_Driver/Src/stm32g4xx_hal_flash_ex.c.obj:(.debug_info)
    7000     7000      136     1         cmake/stm32cubemx/CMakeFiles/STM32_Drivers.dir/__/__/Drivers/STM32G4xx_HAL_Driver/Src/stm32g4xx_hal_flash_ramfunc.c.obj:(.debug_info)
    7136     7136      592     1         cmake/stm32cubemx/CMakeFiles/STM32_Drivers.dir/__/__/Drivers/STM32G4xx_HAL_Driver/Src/stm32g4xx_hal_gpio.c.obj:(.debug_info)
    76c8     76c8      46f     1         cmake/stm32cubemx/CMakeFiles/STM32_Drivers.dir/__/__/Drivers/STM32G4xx_HAL_Driver/Src/stm32g4xx_hal_exti.c.obj:(.debug_info)
    7b37     7b37      63b     1         cmake/stm32cubemx/CMakeFiles/STM32_Drivers.dir/__/__/Drivers/STM32G4xx_HAL_Driver/Src/stm32g4xx_hal_dma.c.obj:(.debug_info)
    8172     8172      434     1         cmake/stm32cubemx/CMakeFiles/STM32_Drivers.dir/__/__/Drivers/STM32G4xx_HAL_Driver/Src/stm32g4xx_hal_dma_ex.c.obj:(.debug_info)
    85a6     85a6      653     1         cmake/stm32cubemx/CMakeFiles/STM32_Drivers.dir/__/__/Drivers/STM32G4xx_HAL_Driver/Src/stm32g4xx_hal_pwr.c.obj:(.debug_info)
    8bf9     8bf9      9fc     1         cmake/stm32cubemx/CMakeFiles/STM32_Drivers.dir/__/__/Drivers/STM32G4xx_HAL_Driver/Src/stm32g4xx_hal_cortex.c.obj:(.debug_info)
    95f5     95f5     3434     1         cmake/stm32cubemx/CMakeFiles/STM32_Drivers.dir/__/__/Drivers/STM32G4xx_HAL_Driver/Src/stm32g4xx_hal_uart.c.obj:(.debug_info)
    ca29     ca29      ab4     1         cmake/stm32cubemx/CMakeFiles/STM32_Drivers.dir/__/__/Drivers/STM32G4xx_HAL_Driver/Src/stm32g4xx_hal_uart_ex.c.obj:(.debug_info)
    d4dd     d4dd      dc5     1         CMakeFiles/g4bee_v2.dir/Core/Src/main.c.obj:(.debug_info)
    e2a2     e2a2       97     1         CMakeFiles/g4bee_v2.dir/Core/Src/stm32g4xx_it.c.obj:(.debug_info)
    e339     e339      c14     1         CMakeFiles/g4bee_v2.dir/Core/Src/stm32g4xx_hal_msp.c.obj:(.debug_info)
    ef4d     ef4d       ae     1         CMakeFiles/g4bee_v2.dir/Core/Src/sysmem.c.obj:(.debug_info)
    effb     effb      573     1         CMakeFiles/g4bee_v2.dir/Core/Src/syscalls.c.obj:(.debug_info)
    f56e     f56e      218     1         CMakeFiles/g4bee_v2.dir/startup_stm32g431xx.s.obj:(.debug_info)
       0        0      b39     1 .debug_rnglists
       0        0       18     1         cmake/stm32cubemx/CMakeFiles/STM32_Drivers.dir/__/__/Core/Src/system_stm32g4xx.c.obj:(.debug_rnglists)
      18       18       86     1         cmake/stm32cubemx/CMakeFiles/STM32_Drivers.dir/__/__/Drivers/STM32G4xx_HAL_Driver/Src/stm32g4xx_hal_pwr_ex.c.obj:(.debug_rnglists)
      9e       9e      323     1         cmake/stm32cubemx/CMakeFiles/STM32_Drivers.dir/__/__/Drivers/STM32G4xx_HAL_Driver/Src/stm32g4xx_hal_tim.c.obj:(.debug_rnglists)
     3c1      3c1      113     1         cmake/stm32cubemx/CMakeFiles/STM32_Drivers.dir/__/__/Drivers/STM32G4xx_HAL_Driver/Src/stm32g4xx_hal_tim_ex.c.obj:(.debug_rnglists)
     4d4      4d4       83     1         cmake/stm32cubemx/CMakeFiles/STM32_Drivers.dir/__/__/Drivers/STM32G4xx_HAL_Driver/Src/stm32g4xx_hal.c.obj:(.debug_rnglists)
     557      557       58     1         cmake/stm32cubemx/CMakeFiles/STM32_Drivers.dir/__/__/Drivers/STM32G4xx_HAL_Driver/Src/stm32g4xx_hal_rcc.c.obj:(.debug_rnglists)
     5af      5af       5f     1         cmake/stm32cubemx/CMakeFiles/STM32_Drivers.dir/__/__/Drivers/STM32G4xx_HAL_Driver/Src/stm32g4xx_hal_rcc_ex.c.obj:(.debug_rnglists)
     60e      60e       4b     1         cmake/stm32cubemx/CMakeFiles/STM32_Drivers.dir/__/__/Drivers/STM32G4xx_HAL_Driver/Src/stm32g4xx_hal_flash.c.obj:(.debug_rnglists)
     659      659       76     1         cmake/stm32cubemx/CMakeFiles/STM32_Drivers.dir/__/__/Drivers/STM32G4xx_HAL_Driver/Src/stm32g4xx_hal_flash_ex.c.obj:(.debug_rnglists)
     6cf      6cf       2b     1         cmake/stm32cubemx/CMakeFiles/STM32_Drivers.dir/__/__/Drivers/STM32G4xx_HAL_Driver/Src/stm32g4xx_hal_gpio.c.obj:(.debug_rnglists)
     6fa      6fa       2f     1         cmake/stm32cubemx/CMakeFiles/STM32_Drivers.dir/__/__/Drivers/STM32G4xx_HAL_Driver/Src/stm32g4xx_hal_exti.c.obj:(.debug_rnglists)
     729      729       b4     1         cmake/stm32cubemx/CMakeFiles/STM32_Drivers.dir/__/__/Drivers/STM32G4xx_HAL_Driver/Src/stm32g4xx_hal_dma.c.obj:(.debug_rnglists)
     7dd      7dd       20     1         cmake/stm32cubemx/CMakeFiles/STM32_Drivers.dir/__/__/Drivers/STM32G4xx_HAL_Driver/Src/stm32g4xx_hal_dma_ex.c.obj:(.debug_rnglists)
     7fd      7fd       42     1         cmake/stm32cubemx/CMakeFiles/STM32_Drivers.dir/__/__/Drivers/STM32G4xx_HAL_Driver/Src/stm32g4xx_hal_pwr.c.obj:(.debug_rnglists)
     83f      83f       84     1         cmake/stm32cubemx/CMakeFiles/STM32_Drivers.dir/__/__/Drivers/STM32G4xx_HAL_Driver/Src/stm32g4xx_hal_cortex.c.obj:(.debug_rnglists)
     8c3      8c3      133     1         cmake/stm32cubemx/CMakeFiles/STM32_Drivers.dir/__/__/Drivers/STM32G4xx_HAL_Driver/Src/stm32g4xx_hal_uart.c.obj:(.debug_rnglists)
     9f6      9f6       75     1         cmake/stm32cubemx/CMakeFiles/STM32_Drivers.dir/__/__/Drivers/STM32G4xx_HAL_Driver/Src/stm32g4xx_hal_uart_ex.c.obj:(.debug_rnglists)
     a6b      a6b       1b     1         CMakeFiles/g4bee_v2.dir/Core/Src/main.c.obj:(.debug_rnglists)
     a86      a86       2c     1         CMakeFiles/g4bee_v2.dir/Core/Src/stm32g4xx_it.c.obj:(.debug_rnglists)
     ab2      ab2       21     1         CMakeFiles/g4bee_v2.dir/Core/Src/stm32g4xx_hal_msp.c.obj:(.debug_rnglists)
     ad3      ad3       4d     1         CMakeFiles/g4bee_v2.dir/Core/Src/syscalls.c.obj:(.debug_rnglists)
     b20      b20       19     1         CMakeFiles/g4bee_v2.dir/startup_stm32g431xx.s.obj:(.debug_rnglists)
       0        0     3890     1 .debug_str_offsets
       0        0      150     1         cmake/stm32cubemx/CMakeFiles/STM32_Drivers.dir/__/__/Core/Src/system_stm32g4xx.c.obj:(.debug_str_offsets)
     150      150      1f4     1         cmake/stm32cubemx/CMakeFiles/STM32_Drivers.dir/__/__/Drivers/STM32G4xx_HAL_Driver/Src/stm32g4xx_hal_pwr_ex.c.obj:(.debug_str_offsets)
     344      344      58c     1         cmake/stm32cubemx/CMakeFiles/STM32_Drivers.dir/__/__/Drivers/STM32G4xx_HAL_Driver/Src/stm32g4xx_hal_tim.c.obj:(.debug_str_offsets)
     8d0      8d0      490     1         cmake/stm32cubemx/CMakeFiles/STM32_Drivers.dir/__/__/Drivers/STM32G4xx_HAL_Driver/Src/stm32g4xx_hal_tim_ex.c.obj:(.debug_str_offsets)
     d60      d60      340     1         cmake/stm32cubemx/CMakeFiles/STM32_Drivers.dir/__/__/Drivers/STM32G4xx_HAL_Driver/Src/stm32g4xx_hal.c.obj:(.debug_str_offsets)
    10a0     10a0      2c0     1         cmake/stm32cubemx/CMakeFiles/STM32_Drivers.dir/__/__/Drivers/STM32G4xx_HAL_Driver/Src/stm32g4xx_hal_rcc.c.obj:(.debug_str_offsets)
    1360     1360      308     1         cmake/stm32cubemx/CMakeFiles/STM32_Drivers.dir/__/__/Drivers/STM32G4xx_HAL_Driver/Src/stm32g4xx_hal_rcc_ex.c.obj:(.debug_str_offsets)
    1668     1668      17c     1         cmake/stm32cubemx/CMakeFiles/STM32_Drivers.dir/__/__/Drivers/STM32G4xx_HAL_Driver/Src/stm32g4xx_hal_flash.c.obj:(.debug_str_offsets)
    17e4     17e4      194     1         cmake/stm32cubemx/CMakeFiles/STM32_Drivers.dir/__/__/Drivers/STM32G4xx_HAL_Driver/Src/stm32g4xx_hal_flash_ex.c.obj:(.debug_str_offsets)
    1978     1978       84     1         cmake/stm32cubemx/CMakeFiles/STM32_Drivers.dir/__/__/Drivers/STM32G4xx_HAL_Driver/Src/stm32g4xx_hal_flash_ramfunc.c.obj:(.debug_str_offsets)
    19fc     19fc      1dc     1         cmake/stm32cubemx/CMakeFiles/STM32_Drivers.dir/__/__/Drivers/STM32G4xx_HAL_Driver/Src/stm32g4xx_hal_gpio.c.obj:(.debug_str_offsets)
    1bd8     1bd8      110     1         cmake/stm32cubemx/CMakeFiles/STM32_Drivers.dir/__/__/Drivers/STM32G4xx_HAL_Driver/Src/stm32g4xx_hal_exti.c.obj:(.debug_str_offsets)
    1ce8     1ce8      1b8     1         cmake/stm32cubemx/CMakeFiles/STM32_Drivers.dir/__/__/Drivers/STM32G4xx_HAL_Driver/Src/stm32g4xx_hal_dma.c.obj:(.debug_str_offsets)
    1ea0     1ea0      178     1         cmake/stm32cubemx/CMakeFiles/STM32_Drivers.dir/__/__/Drivers/STM32G4xx_HAL_Driver/Src/stm32g4xx_hal_dma_ex.c.obj:(.debug_str_offsets)
    2018     2018      238     1         cmake/stm32cubemx/CMakeFiles/STM32_Drivers.dir/__/__/Drivers/STM32G4xx_HAL_Driver/Src/stm32g4xx_hal_pwr.c.obj:(.debug_str_offsets)
    2250     2250      35c     1         cmake/stm32cubemx/CMakeFiles/STM32_Drivers.dir/__/__/Drivers/STM32G4xx_HAL_Driver/Src/stm32g4xx_hal_cortex.c.obj:(.debug_str_offsets)
    25ac     25ac      4c0     1         cmake/stm32cubemx/CMakeFiles/STM32_Drivers.dir/__/__/Drivers/STM32G4xx_HAL_Driver/Src/stm32g4xx_hal_uart.c.obj:(.debug_str_offsets)
    2a6c     2a6c      2ec     1         cmake/stm32cubemx/CMakeFiles/STM32_Drivers.dir/__/__/Drivers/STM32G4xx_HAL_Driver/Src/stm32g4xx_hal_uart_ex.c.obj:(.debug_str_offsets)
    2d58     2d58      48c     1         CMakeFiles/g4bee_v2.dir/Core/Src/main.c.obj:(.debug_str_offsets)
    31e4     31e4       3c     1         CMakeFiles/g4bee_v2.dir/Core/Src/stm32g4xx_it.c.obj:(.debug_str_offsets)
    3220     3220      454     1         CMakeFiles/g4bee_v2.dir/Core/Src/stm32g4xx_hal_msp.c.obj:(.debug_str_offsets)
    3674     3674       4c     1         CMakeFiles/g4bee_v2.dir/Core/Src/sysmem.c.obj:(.debug_str_offsets)
    36c0     36c0      1d0     1         CMakeFiles/g4bee_v2.dir/Core/Src/syscalls.c.obj:(.debug_str_offsets)
       0        0     6c60     1 .debug_str
       0        0     6c60     1         <internal>:(.debug_str)
       0        0     11d4     1 .debug_addr
       0        0       1c     1         cmake/stm32cubemx/CMakeFiles/STM32_Drivers.dir/__/__/Core/Src/system_stm32g4xx.c.obj:(.debug_addr)
      1c       1c       9c     1         cmake/stm32cubemx/CMakeFiles/STM32_Drivers.dir/__/__/Drivers/STM32G4xx_HAL_Driver/Src/stm32g4xx_hal_pwr_ex.c.obj:(.debug_addr)
      b8       b8      2c8     1         cmake/stm32cubemx/CMakeFiles/STM32_Drivers.dir/__/__/Drivers/STM32G4xx_HAL_Driver/Src/stm32g4xx_hal_tim.c.obj:(.debug_addr)
     380      380      158     1         cmake/stm32cubemx/CMakeFiles/STM32_Drivers.dir/__/__/Drivers/STM32G4xx_HAL_Driver/Src/stm32g4xx_hal_tim_ex.c.obj:(.debug_addr)
     4d8      4d8       ac     1         cmake/stm32cubemx/CMakeFiles/STM32_Drivers.dir/__/__/Drivers/STM32G4xx_HAL_Driver/Src/stm32g4xx_hal.c.obj:(.debug_addr)
     584      584       58     1         cmake/stm32cubemx/CMakeFiles/STM32_Drivers.dir/__/__/Drivers/STM32G4xx_HAL_Driver/Src/stm32g4xx_hal_rcc.c.obj:(.debug_addr)
     5dc      5dc       80     1         cmake/stm32cubemx/CMakeFiles/STM32_Drivers.dir/__/__/Drivers/STM32G4xx_HAL_Driver/Src/stm32g4xx_hal_rcc_ex.c.obj:(.debug_addr)
     65c      65c       78     1         cmake/stm32cubemx/CMakeFiles/STM32_Drivers.dir/__/__/Drivers/STM32G4xx_HAL_Driver/Src/stm32g4xx_hal_flash.c.obj:(.debug_addr)
     6d4      6d4       5c     1         cmake/stm32cubemx/CMakeFiles/STM32_Drivers.dir/__/__/Drivers/STM32G4xx_HAL_Driver/Src/stm32g4xx_hal_flash_ex.c.obj:(.debug_addr)
     730      730       10     1         cmake/stm32cubemx/CMakeFiles/STM32_Drivers.dir/__/__/Drivers/STM32G4xx_HAL_Driver/Src/stm32g4xx_hal_flash_ramfunc.c.obj:(.debug_addr)
     740      740       30     1         cmake/stm32cubemx/CMakeFiles/STM32_Drivers.dir/__/__/Drivers/STM32G4xx_HAL_Driver/Src/stm32g4xx_hal_gpio.c.obj:(.debug_addr)
     770      770       30     1         cmake/stm32cubemx/CMakeFiles/STM32_Drivers.dir/__/__/Drivers/STM32G4xx_HAL_Driver/Src/stm32g4xx_hal_exti.c.obj:(.debug_addr)
     7a0      7a0       3c     1         cmake/stm32cubemx/CMakeFiles/STM32_Drivers.dir/__/__/Drivers/STM32G4xx_HAL_Driver/Src/stm32g4xx_hal_dma.c.obj:(.debug_addr)
     7dc      7dc       28     1         cmake/stm32cubemx/CMakeFiles/STM32_Drivers.dir/__/__/Drivers/STM32G4xx_HAL_Driver/Src/stm32g4xx_hal_dma_ex.c.obj:(.debug_addr)
     804      804       50     1         cmake/stm32cubemx/CMakeFiles/STM32_Drivers.dir/__/__/Drivers/STM32G4xx_HAL_Driver/Src/stm32g4xx_hal_pwr.c.obj:(.debug_addr)
     854      854       8c     1         cmake/stm32cubemx/CMakeFiles/STM32_Drivers.dir/__/__/Drivers/STM32G4xx_HAL_Driver/Src/stm32g4xx_hal_cortex.c.obj:(.debug_addr)
     8e0      8e0      734     1         cmake/stm32cubemx/CMakeFiles/STM32_Drivers.dir/__/__/Drivers/STM32G4xx_HAL_Driver/Src/stm32g4xx_hal_uart.c.obj:(.debug_addr)
    1014     1014       8c     1         cmake/stm32cubemx/CMakeFiles/STM32_Drivers.dir/__/__/Drivers/STM32G4xx_HAL_Driver/Src/stm32g4xx_hal_uart_ex.c.obj:(.debug_addr)
    10a0     10a0       58     1         CMakeFiles/g4bee_v2.dir/Core/Src/main.c.obj:(.debug_addr)
    10f8     10f8       2c     1         CMakeFiles/g4bee_v2.dir/Core/Src/stm32g4xx_it.c.obj:(.debug_addr)
    1124     1124       38     1         CMakeFiles/g4bee_v2.dir/Core/Src/stm32g4xx_hal_msp.c.obj:(.debug_addr)
    115c     115c       10     1         CMakeFiles/g4bee_v2.dir/Core/Src/sysmem.c.obj:(.debug_addr)
    116c     116c       68     1         CMakeFiles/g4bee_v2.dir/Core/Src/syscalls.c.obj:(.debug_addr)
       0        0       92     1 .comment
       0        0       92     1         <internal>:(.comment)
       0        0       4d     1 .ARM.attributes
       0        0       4d     1         <internal>:(.ARM.attributes)
       0        0     2bfc     4 .debug_frame
       0        0       40     4         cmake/stm32cubemx/CMakeFiles/STM32_Drivers.dir/__/__/Core/Src/system_stm32g4xx.c.obj:(.debug_frame)
      40       40      28c     4         cmake/stm32cubemx/CMakeFiles/STM32_Drivers.dir/__/__/Drivers/STM32G4xx_HAL_Driver/Src/stm32g4xx_hal_pwr_ex.c.obj:(.debug_frame)
     2cc      2cc      a04     4         cmake/stm32cubemx/CMakeFiles/STM32_Drivers.dir/__/__/Drivers/STM32G4xx_HAL_Driver/Src/stm32g4xx_hal_tim.c.obj:(.debug_frame)
     cd0      cd0      610     4         cmake/stm32cubemx/CMakeFiles/STM32_Drivers.dir/__/__/Drivers/STM32G4xx_HAL_Driver/Src/stm32g4xx_hal_tim_ex.c.obj:(.debug_frame)
    12e0     12e0      2b4     4         cmake/stm32cubemx/CMakeFiles/STM32_Drivers.dir/__/__/Drivers/STM32G4xx_HAL_Driver/Src/stm32g4xx_hal.c.obj:(.debug_frame)
    1594     1594      168     4         cmake/stm32cubemx/CMakeFiles/STM32_Drivers.dir/__/__/Drivers/STM32G4xx_HAL_Driver/Src/stm32g4xx_hal_rcc.c.obj:(.debug_frame)
    16fc     16fc      1bc     4         cmake/stm32cubemx/CMakeFiles/STM32_Drivers.dir/__/__/Drivers/STM32G4xx_HAL_Driver/Src/stm32g4xx_hal_rcc_ex.c.obj:(.debug_frame)
    18b8     18b8      128     4         cmake/stm32cubemx/CMakeFiles/STM32_Drivers.dir/__/__/Drivers/STM32G4xx_HAL_Driver/Src/stm32g4xx_hal_flash.c.obj:(.debug_frame)
    19e0     19e0       cc     4         cmake/stm32cubemx/CMakeFiles/STM32_Drivers.dir/__/__/Drivers/STM32G4xx_HAL_Driver/Src/stm32g4xx_hal_flash_ex.c.obj:(.debug_frame)
    1aac     1aac       34     4         cmake/stm32cubemx/CMakeFiles/STM32_Drivers.dir/__/__/Drivers/STM32G4xx_HAL_Driver/Src/stm32g4xx_hal_flash_ramfunc.c.obj:(.debug_frame)
    1ae0     1ae0       c8     4         cmake/stm32cubemx/CMakeFiles/STM32_Drivers.dir/__/__/Drivers/STM32G4xx_HAL_Driver/Src/stm32g4xx_hal_gpio.c.obj:(.debug_frame)
    1ba8     1ba8       fc     4         cmake/stm32cubemx/CMakeFiles/STM32_Drivers.dir/__/__/Drivers/STM32G4xx_HAL_Driver/Src/stm32g4xx_hal_exti.c.obj:(.debug_frame)
    1ca4     1ca4      148     4         cmake/stm32cubemx/CMakeFiles/STM32_Drivers.dir/__/__/Drivers/STM32G4xx_HAL_Driver/Src/stm32g4xx_hal_dma.c.obj:(.debug_frame)
    1dec     1dec       80     4         cmake/stm32cubemx/CMakeFiles/STM32_Drivers.dir/__/__/Drivers/STM32G4xx_HAL_Driver/Src/stm32g4xx_hal_dma_ex.c.obj:(.debug_frame)
    1e6c     1e6c      128     4         cmake/stm32cubemx/CMakeFiles/STM32_Drivers.dir/__/__/Drivers/STM32G4xx_HAL_Driver/Src/stm32g4xx_hal_pwr.c.obj:(.debug_frame)
    1f94     1f94      184     4         cmake/stm32cubemx/CMakeFiles/STM32_Drivers.dir/__/__/Drivers/STM32G4xx_HAL_Driver/Src/stm32g4xx_hal_cortex.c.obj:(.debug_frame)
    2118     2118      5c8     4         cmake/stm32cubemx/CMakeFiles/STM32_Drivers.dir/__/__/Drivers/STM32G4xx_HAL_Driver/Src/stm32g4xx_hal_uart.c.obj:(.debug_frame)
    26e0     26e0      18c     4         cmake/stm32cubemx/CMakeFiles/STM32_Drivers.dir/__/__/Drivers/STM32G4xx_HAL_Driver/Src/stm32g4xx_hal_uart_ex.c.obj:(.debug_frame)
    286c     286c       58     4         CMakeFiles/g4bee_v2.dir/Core/Src/main.c.obj:(.debug_frame)
    28c4     28c4       a4     4         CMakeFiles/g4bee_v2.dir/Core/Src/stm32g4xx_it.c.obj:(.debug_frame)
    2968     2968       7c     4         CMakeFiles/g4bee_v2.dir/Core/Src/stm32g4xx_hal_msp.c.obj:(.debug_frame)
    29e4     29e4       30     4         CMakeFiles/g4bee_v2.dir/Core/Src/sysmem.c.obj:(.debug_frame)
    2a14     2a14      1b4     4         CMakeFiles/g4bee_v2.dir/Core/Src/syscalls.c.obj:(.debug_frame)
    2bc8     2bc8       34     4         /opt/ST/STM32CubeCLT_1.21.0/st-arm-clang/bin/../lib/clang-runtimes/arm-none-eabi/armv7m_hard_fpv4_sp_d16_exn_rtti_unaligned_size/lib/libc.a(libc_picolib_machine_arm_read_tp.S.o):(.debug_frame)
       0        0     e69b     1 .debug_line
       0        0       ec     1         cmake/stm32cubemx/CMakeFiles/STM32_Drivers.dir/__/__/Core/Src/system_stm32g4xx.c.obj:(.debug_line)
      ec       ec      7e8     1         cmake/stm32cubemx/CMakeFiles/STM32_Drivers.dir/__/__/Drivers/STM32G4xx_HAL_Driver/Src/stm32g4xx_hal_pwr_ex.c.obj:(.debug_line)
     8d4      8d4     3ee3     1         cmake/stm32cubemx/CMakeFiles/STM32_Drivers.dir/__/__/Drivers/STM32G4xx_HAL_Driver/Src/stm32g4xx_hal_tim.c.obj:(.debug_line)
    47b7     47b7     1819     1         cmake/stm32cubemx/CMakeFiles/STM32_Drivers.dir/__/__/Drivers/STM32G4xx_HAL_Driver/Src/stm32g4xx_hal_tim_ex.c.obj:(.debug_line)
    5fd0     5fd0      4e9     1         cmake/stm32cubemx/CMakeFiles/STM32_Drivers.dir/__/__/Drivers/STM32G4xx_HAL_Driver/Src/stm32g4xx_hal.c.obj:(.debug_line)
    64b9     64b9      b1c     1         cmake/stm32cubemx/CMakeFiles/STM32_Drivers.dir/__/__/Drivers/STM32G4xx_HAL_Driver/Src/stm32g4xx_hal_rcc.c.obj:(.debug_line)
    6fd5     6fd5      9c8     1         cmake/stm32cubemx/CMakeFiles/STM32_Drivers.dir/__/__/Drivers/STM32G4xx_HAL_Driver/Src/stm32g4xx_hal_rcc_ex.c.obj:(.debug_line)
    799d     799d      650     1         cmake/stm32cubemx/CMakeFiles/STM32_Drivers.dir/__/__/Drivers/STM32G4xx_HAL_Driver/Src/stm32g4xx_hal_flash.c.obj:(.debug_line)
    7fed     7fed      5df     1         cmake/stm32cubemx/CMakeFiles/STM32_Drivers.dir/__/__/Drivers/STM32G4xx_HAL_Driver/Src/stm32g4xx_hal_flash_ex.c.obj:(.debug_line)
    85cc     85cc       df     1         cmake/stm32cubemx/CMakeFiles/STM32_Drivers.dir/__/__/Drivers/STM32G4xx_HAL_Driver/Src/stm32g4xx_hal_flash_ramfunc.c.obj:(.debug_line)
    86ab     86ab      38d     1         cmake/stm32cubemx/CMakeFiles/STM32_Drivers.dir/__/__/Drivers/STM32G4xx_HAL_Driver/Src/stm32g4xx_hal_gpio.c.obj:(.debug_line)
    8a38     8a38      41b     1         cmake/stm32cubemx/CMakeFiles/STM32_Drivers.dir/__/__/Drivers/STM32G4xx_HAL_Driver/Src/stm32g4xx_hal_exti.c.obj:(.debug_line)
    8e53     8e53      831     1         cmake/stm32cubemx/CMakeFiles/STM32_Drivers.dir/__/__/Drivers/STM32G4xx_HAL_Driver/Src/stm32g4xx_hal_dma.c.obj:(.debug_line)
    9684     9684      2a8     1         cmake/stm32cubemx/CMakeFiles/STM32_Drivers.dir/__/__/Drivers/STM32G4xx_HAL_Driver/Src/stm32g4xx_hal_dma_ex.c.obj:(.debug_line)
    992c     992c      26e     1         cmake/stm32cubemx/CMakeFiles/STM32_Drivers.dir/__/__/Drivers/STM32G4xx_HAL_Driver/Src/stm32g4xx_hal_pwr.c.obj:(.debug_line)
    9b9a     9b9a      4cb     1         cmake/stm32cubemx/CMakeFiles/STM32_Drivers.dir/__/__/Drivers/STM32G4xx_HAL_Driver/Src/stm32g4xx_hal_cortex.c.obj:(.debug_line)
    a065     a065     32bd     1         cmake/stm32cubemx/CMakeFiles/STM32_Drivers.dir/__/__/Drivers/STM32G4xx_HAL_Driver/Src/stm32g4xx_hal_uart.c.obj:(.debug_line)
    d322     d322      7b1     1         cmake/stm32cubemx/CMakeFiles/STM32_Drivers.dir/__/__/Drivers/STM32G4xx_HAL_Driver/Src/stm32g4xx_hal_uart_ex.c.obj:(.debug_line)
    dad3     dad3      3a9     1         CMakeFiles/g4bee_v2.dir/Core/Src/main.c.obj:(.debug_line)
    de7c     de7c      12a     1         CMakeFiles/g4bee_v2.dir/Core/Src/stm32g4xx_it.c.obj:(.debug_line)
    dfa6     dfa6      23b     1         CMakeFiles/g4bee_v2.dir/Core/Src/stm32g4xx_hal_msp.c.obj:(.debug_line)
    e1e1     e1e1       f7     1         CMakeFiles/g4bee_v2.dir/Core/Src/sysmem.c.obj:(.debug_line)
    e2d8     e2d8      357     1         CMakeFiles/g4bee_v2.dir/Core/Src/syscalls.c.obj:(.debug_line)
    e62f     e62f       6c     1         CMakeFiles/g4bee_v2.dir/startup_stm32g431xx.s.obj:(.debug_line)
       0        0     191d     1 .debug_line_str
       0        0     191d     1         <internal>:(.debug_line_str)
       0        0       28     1 .debug_aranges
       0        0       28     1         CMakeFiles/g4bee_v2.dir/startup_stm32g431xx.s.obj:(.debug_aranges)
       0        0     1280     4 .symtab
       0        0     1280     4         <internal>:(.symtab)
       0        0      14b     1 .shstrtab
       0        0      14b     1         <internal>:(.shstrtab)
       0        0      fc5     1 .strtab
       0        0      fc5     1         <internal>:(.strtab)
