Archive member included to satisfy reference by file (symbol)

/Applications/STM32CubeIDE.app/Contents/Eclipse/plugins/com.st.stm32cube.ide.mcu.externaltools.gnu-tools-for-stm32.13.3.rel1.macos64_1.0.100.202509120712/tools/bin/../lib/gcc/arm-none-eabi/13.3.1/../../../../arm-none-eabi/lib/thumb/v6-m/nofp/libc_nano.a(libc_a-exit.o)
                              /Applications/STM32CubeIDE.app/Contents/Eclipse/plugins/com.st.stm32cube.ide.mcu.externaltools.gnu-tools-for-stm32.13.3.rel1.macos64_1.0.100.202509120712/tools/bin/../lib/gcc/arm-none-eabi/13.3.1/../../../../arm-none-eabi/lib/thumb/v6-m/nofp/crt0.o (exit)
/Applications/STM32CubeIDE.app/Contents/Eclipse/plugins/com.st.stm32cube.ide.mcu.externaltools.gnu-tools-for-stm32.13.3.rel1.macos64_1.0.100.202509120712/tools/bin/../lib/gcc/arm-none-eabi/13.3.1/../../../../arm-none-eabi/lib/thumb/v6-m/nofp/libc_nano.a(libc_a-findfp.o)
                              /Applications/STM32CubeIDE.app/Contents/Eclipse/plugins/com.st.stm32cube.ide.mcu.externaltools.gnu-tools-for-stm32.13.3.rel1.macos64_1.0.100.202509120712/tools/bin/../lib/gcc/arm-none-eabi/13.3.1/../../../../arm-none-eabi/lib/thumb/v6-m/nofp/libc_nano.a(libc_a-exit.o) (__stdio_exit_handler)
/Applications/STM32CubeIDE.app/Contents/Eclipse/plugins/com.st.stm32cube.ide.mcu.externaltools.gnu-tools-for-stm32.13.3.rel1.macos64_1.0.100.202509120712/tools/bin/../lib/gcc/arm-none-eabi/13.3.1/../../../../arm-none-eabi/lib/thumb/v6-m/nofp/libc_nano.a(libc_a-fwalk.o)
                              /Applications/STM32CubeIDE.app/Contents/Eclipse/plugins/com.st.stm32cube.ide.mcu.externaltools.gnu-tools-for-stm32.13.3.rel1.macos64_1.0.100.202509120712/tools/bin/../lib/gcc/arm-none-eabi/13.3.1/../../../../arm-none-eabi/lib/thumb/v6-m/nofp/libc_nano.a(libc_a-findfp.o) (_fwalk_sglue)
/Applications/STM32CubeIDE.app/Contents/Eclipse/plugins/com.st.stm32cube.ide.mcu.externaltools.gnu-tools-for-stm32.13.3.rel1.macos64_1.0.100.202509120712/tools/bin/../lib/gcc/arm-none-eabi/13.3.1/../../../../arm-none-eabi/lib/thumb/v6-m/nofp/libc_nano.a(libc_a-memset.o)
                              /Applications/STM32CubeIDE.app/Contents/Eclipse/plugins/com.st.stm32cube.ide.mcu.externaltools.gnu-tools-for-stm32.13.3.rel1.macos64_1.0.100.202509120712/tools/bin/../lib/gcc/arm-none-eabi/13.3.1/../../../../arm-none-eabi/lib/thumb/v6-m/nofp/crt0.o (memset)
/Applications/STM32CubeIDE.app/Contents/Eclipse/plugins/com.st.stm32cube.ide.mcu.externaltools.gnu-tools-for-stm32.13.3.rel1.macos64_1.0.100.202509120712/tools/bin/../lib/gcc/arm-none-eabi/13.3.1/../../../../arm-none-eabi/lib/thumb/v6-m/nofp/libc_nano.a(libc_a-errno.o)
                              ./Core/Src/syscalls.o (__errno)
/Applications/STM32CubeIDE.app/Contents/Eclipse/plugins/com.st.stm32cube.ide.mcu.externaltools.gnu-tools-for-stm32.13.3.rel1.macos64_1.0.100.202509120712/tools/bin/../lib/gcc/arm-none-eabi/13.3.1/../../../../arm-none-eabi/lib/thumb/v6-m/nofp/libc_nano.a(libc_a-init.o)
                              /Applications/STM32CubeIDE.app/Contents/Eclipse/plugins/com.st.stm32cube.ide.mcu.externaltools.gnu-tools-for-stm32.13.3.rel1.macos64_1.0.100.202509120712/tools/bin/../lib/gcc/arm-none-eabi/13.3.1/../../../../arm-none-eabi/lib/thumb/v6-m/nofp/crt0.o (__libc_init_array)
/Applications/STM32CubeIDE.app/Contents/Eclipse/plugins/com.st.stm32cube.ide.mcu.externaltools.gnu-tools-for-stm32.13.3.rel1.macos64_1.0.100.202509120712/tools/bin/../lib/gcc/arm-none-eabi/13.3.1/../../../../arm-none-eabi/lib/thumb/v6-m/nofp/libc_nano.a(libc_a-lock.o)
                              /Applications/STM32CubeIDE.app/Contents/Eclipse/plugins/com.st.stm32cube.ide.mcu.externaltools.gnu-tools-for-stm32.13.3.rel1.macos64_1.0.100.202509120712/tools/bin/../lib/gcc/arm-none-eabi/13.3.1/../../../../arm-none-eabi/lib/thumb/v6-m/nofp/libc_nano.a(libc_a-findfp.o) (__retarget_lock_init_recursive)
/Applications/STM32CubeIDE.app/Contents/Eclipse/plugins/com.st.stm32cube.ide.mcu.externaltools.gnu-tools-for-stm32.13.3.rel1.macos64_1.0.100.202509120712/tools/bin/../lib/gcc/arm-none-eabi/13.3.1/../../../../arm-none-eabi/lib/thumb/v6-m/nofp/libc_nano.a(libc_a-impure.o)
                              /Applications/STM32CubeIDE.app/Contents/Eclipse/plugins/com.st.stm32cube.ide.mcu.externaltools.gnu-tools-for-stm32.13.3.rel1.macos64_1.0.100.202509120712/tools/bin/../lib/gcc/arm-none-eabi/13.3.1/../../../../arm-none-eabi/lib/thumb/v6-m/nofp/libc_nano.a(libc_a-errno.o) (_impure_ptr)
/Applications/STM32CubeIDE.app/Contents/Eclipse/plugins/com.st.stm32cube.ide.mcu.externaltools.gnu-tools-for-stm32.13.3.rel1.macos64_1.0.100.202509120712/tools/bin/../lib/gcc/arm-none-eabi/13.3.1/../../../../arm-none-eabi/lib/thumb/v6-m/nofp/libc_nano.a(libc_a-memcpy-stub.o)
                              ./Core/Src/_stdlib.o (memcpy)
[...]
Memory Configuration

Name             Origin             Length             Attributes
RAM              0x20000000         0x00005000         xrw
FLASH            0x08000000         0x00030000         xr
*default*        0x00000000         0xffffffff

Linker script and memory map

LOAD /Applications/STM32CubeIDE.app/Contents/Eclipse/plugins/com.st.stm32cube.ide.mcu.externaltools.gnu-tools-for-stm32.13.3.rel1.macos64_1.0.100.202509120712/tools/bin/../lib/gcc/arm-none-eabi/13.3.1/thumb/v6-m/nofp/crti.o
LOAD /Applications/STM32CubeIDE.app/Contents/Eclipse/plugins/com.st.stm32cube.ide.mcu.externaltools.gnu-tools-for-stm32.13.3.rel1.macos64_1.0.100.202509120712/tools/bin/../lib/gcc/arm-none-eabi/13.3.1/thumb/v6-m/nofp/crtbegin.o
LOAD /Applications/STM32CubeIDE.app/Contents/Eclipse/plugins/com.st.stm32cube.ide.mcu.externaltools.gnu-tools-for-stm32.13.3.rel1.macos64_1.0.100.202509120712/tools/bin/../lib/gcc/arm-none-eabi/13.3.1/../../../../arm-none-eabi/lib/thumb/v6-m/nofp/crt0.o
LOAD ./Core/Src/_stdlib.o
LOAD ./Core/Src/main.o
LOAD ./Core/Src/stm32l0xx_hal_msp.o
LOAD ./Core/Src/stm32l0xx_it.o
LOAD ./Core/Src/syscalls.o
LOAD ./Core/Src/sysmem.o
LOAD ./Core/Src/system_stm32l0xx.o
LOAD ./Core/Src/loop_update.o
LOAD ./Core/Startup/startup_stm32l073rztx.o
LOAD ./Drivers/STM32L0xx_HAL_Driver/Src/stm32l0xx_hal.o
LOAD ./Drivers/STM32L0xx_HAL_Driver/Src/stm32l0xx_hal_cortex.o
LOAD ./Drivers/STM32L0xx_HAL_Driver/Src/stm32l0xx_hal_dma.o
LOAD ./Drivers/STM32L0xx_HAL_Driver/Src/stm32l0xx_hal_exti.o
LOAD ./Drivers/STM32L0xx_HAL_Driver/Src/stm32l0xx_hal_flash.o
LOAD ./Drivers/STM32L0xx_HAL_Driver/Src/stm32l0xx_hal_flash_ex.o
LOAD ./Drivers/STM32L0xx_HAL_Driver/Src/stm32l0xx_hal_flash_ramfunc.o
LOAD ./Drivers/STM32L0xx_HAL_Driver/Src/stm32l0xx_hal_gpio.o
LOAD ./Drivers/STM32L0xx_HAL_Driver/Src/stm32l0xx_hal_i2c.o
LOAD ./Drivers/STM32L0xx_HAL_Driver/Src/stm32l0xx_hal_i2c_ex.o
LOAD ./Drivers/STM32L0xx_HAL_Driver/Src/stm32l0xx_hal_pwr.o
LOAD ./Drivers/STM32L0xx_HAL_Driver/Src/stm32l0xx_hal_pwr_ex.o
LOAD ./Drivers/STM32L0xx_HAL_Driver/Src/stm32l0xx_hal_rcc.o
LOAD ./Drivers/STM32L0xx_HAL_Driver/Src/stm32l0xx_hal_rcc_ex.o
LOAD ./Drivers/STM32L0xx_HAL_Driver/Src/stm32l0xx_hal_tim.o
LOAD ./Drivers/STM32L0xx_HAL_Driver/Src/stm32l0xx_hal_tim_ex.o
LOAD ./Drivers/STM32L0xx_HAL_Driver/Src/stm32l0xx_hal_uart.o
LOAD ./Drivers/STM32L0xx_HAL_Driver/Src/stm32l0xx_hal_uart_ex.o
START GROUP
LOAD /Applications/STM32CubeIDE.app/Contents/Eclipse/plugins/com.st.stm32cube.ide.mcu.externaltools.gnu-tools-for-stm32.13.3.rel1.macos64_1.0.100.202509120712/tools/bin/../lib/gcc/arm-none-eabi/13.3.1/../../../../arm-none-eabi/lib/thumb/v6-m/nofp/libc_nano.a
LOAD /Applications/STM32CubeIDE.app/Contents/Eclipse/plugins/com.st.stm32cube.ide.mcu.externaltools.gnu-tools-for-stm32.13.3.rel1.macos64_1.0.100.202509120712/tools/bin/../lib/gcc/arm-none-eabi/13.3.1/../../../../arm-none-eabi/lib/thumb/v6-m/nofp/libm.a
END GROUP
START GROUP
LOAD /Applications/STM32CubeIDE.app/Contents/Eclipse/plugins/com.st.stm32cube.ide.mcu.externaltools.gnu-tools-for-stm32.13.3.rel1.macos64_1.0.100.202509120712/tools/bin/../lib/gcc/arm-none-eabi/13.3.1/thumb/v6-m/nofp/libgcc.a
LOAD /Applications/STM32CubeIDE.app/Contents/Eclipse/plugins/com.st.stm32cube.ide.mcu.externaltools.gnu-tools-for-stm32.13.3.rel1.macos64_1.0.100.202509120712/tools/bin/../lib/gcc/arm-none-eabi/13.3.1/../../../../arm-none-eabi/lib/thumb/v6-m/nofp/libc_nano.a
END GROUP
START GROUP
LOAD /Applications/STM32CubeIDE.app/Contents/Eclipse/plugins/com.st.stm32cube.ide.mcu.externaltools.gnu-tools-for-stm32.13.3.rel1.macos64_1.0.100.202509120712/tools/bin/../lib/gcc/arm-none-eabi/13.3.1/thumb/v6-m/nofp/libgcc.a
LOAD /Applications/STM32CubeIDE.app/Contents/Eclipse/plugins/com.st.stm32cube.ide.mcu.externaltools.gnu-tools-for-stm32.13.3.rel1.macos64_1.0.100.202509120712/tools/bin/../lib/gcc/arm-none-eabi/13.3.1/../../../../arm-none-eabi/lib/thumb/v6-m/nofp/libc_nano.a
LOAD /Applications/STM32CubeIDE.app/Contents/Eclipse/plugins/com.st.stm32cube.ide.mcu.externaltools.gnu-tools-for-stm32.13.3.rel1.macos64_1.0.100.202509120712/tools/bin/../lib/gcc/arm-none-eabi/13.3.1/../../../../arm-none-eabi/lib/thumb/v6-m/nofp/libnosys.a
END GROUP
START GROUP
LOAD /Applications/STM32CubeIDE.app/Contents/Eclipse/plugins/com.st.stm32cube.ide.mcu.externaltools.gnu-tools-for-stm32.13.3.rel1.macos64_1.0.100.202509120712/tools/bin/../lib/gcc/arm-none-eabi/13.3.1/thumb/v6-m/nofp/libgcc.a
LOAD /Applications/STM32CubeIDE.app/Contents/Eclipse/plugins/com.st.stm32cube.ide.mcu.externaltools.gnu-tools-for-stm32.13.3.rel1.macos64_1.0.100.202509120712/tools/bin/../lib/gcc/arm-none-eabi/13.3.1/../../../../arm-none-eabi/lib/thumb/v6-m/nofp/libc_nano.a
LOAD /Applications/STM32CubeIDE.app/Contents/Eclipse/plugins/com.st.stm32cube.ide.mcu.externaltools.gnu-tools-for-stm32.13.3.rel1.macos64_1.0.100.202509120712/tools/bin/../lib/gcc/arm-none-eabi/13.3.1/../../../../arm-none-eabi/lib/thumb/v6-m/nofp/libnosys.a
END GROUP
LOAD /Applications/STM32CubeIDE.app/Contents/Eclipse/plugins/com.st.stm32cube.ide.mcu.externaltools.gnu-tools-for-stm32.13.3.rel1.macos64_1.0.100.202509120712/tools/bin/../lib/gcc/arm-none-eabi/13.3.1/thumb/v6-m/nofp/crtend.o
LOAD /Applications/STM32CubeIDE.app/Contents/Eclipse/plugins/com.st.stm32cube.ide.mcu.externaltools.gnu-tools-for-stm32.13.3.rel1.macos64_1.0.100.202509120712/tools/bin/../lib/gcc/arm-none-eabi/13.3.1/thumb/v6-m/nofp/crtn.o
                0x20005000                        _estack = (ORIGIN (RAM) + LENGTH (RAM))
                0x00000200                        _Min_Heap_Size = 0x200
                0x00000400                        _Min_Stack_Size = 0x400

.isr_vector     0x08000000       0xc0
                0x08000000                        . = ALIGN (0x4)
 *(.isr_vector)
 .isr_vector    0x08000000       0xc0 ./Core/Startup/startup_stm32l073rztx.o
                0x08000000                g_pfnVectors
                0x080000c0                        . = ALIGN (0x4)

.text           0x080000c0     0x525c
                0x080000c0                        . = ALIGN (0x4)
 *(.text)
 .text          0x080000c0       0x48 /Applications/STM32CubeIDE.app/Contents/Eclipse/plugins/com.st.stm32cube.ide.mcu.externaltools.gnu-tools-for-stm32.13.3.rel1.macos64_1.0.100.202509120712/tools/bin/../lib/gcc/arm-none-eabi/13.3.1/thumb/v6-m/nofp/crtbegin.o
 .text          0x08000108      0x114 /Applications/STM32CubeIDE.app/Contents/Eclipse/plugins/com.st.stm32cube.ide.mcu.externaltools.gnu-tools-for-stm32.13.3.rel1.macos64_1.0.100.202509120712/tools/bin/../lib/gcc/arm-none-eabi/13.3.1/thumb/v6-m/nofp/libgcc.a(_udivsi3.o)
                0x08000108                __udivsi3
                0x08000108                __aeabi_uidiv
                0x08000214                __aeabi_uidivmod
 .text          0x0800021c        0x4 /Applications/STM32CubeIDE.app/Contents/Eclipse/plugins/com.st.stm32cube.ide.mcu.externaltools.gnu-tools-for-stm32.13.3.rel1.macos64_1.0.100.202509120712/tools/bin/../lib/gcc/arm-none-eabi/13.3.1/thumb/v6-m/nofp/libgcc.a(_dvmd_tls.o)
                0x0800021c                __aeabi_ldiv0
                0x0800021c                __aeabi_idiv0
 .text          0x08000220       0x40 /Applications/STM32CubeIDE.app/Contents/Eclipse/plugins/com.st.stm32cube.ide.mcu.externaltools.gnu-tools-for-stm32.13.3.rel1.macos64_1.0.100.202509120712/tools/bin/../lib/gcc/arm-none-eabi/13.3.1/thumb/v6-m/nofp/libgcc.a(_aeabi_uldivmod.o)
                0x08000220                __aeabi_uldivmod
 .text          0x08000260      0x198 /Applications/STM32CubeIDE.app/Contents/Eclipse/plugins/com.st.stm32cube.ide.mcu.externaltools.gnu-tools-for-stm32.13.3.rel1.macos64_1.0.100.202509120712/tools/bin/../lib/gcc/arm-none-eabi/13.3.1/thumb/v6-m/nofp/libgcc.a(_udivmoddi4.o)
                0x08000260                __udivmoddi4
 .text          0x080003f8      0xa6c /Applications/STM32CubeIDE.app/Contents/Eclipse/plugins/com.st.stm32cube.ide.mcu.externaltools.gnu-tools-for-stm32.13.3.rel1.macos64_1.0.100.202509120712/tools/bin/../lib/gcc/arm-none-eabi/13.3.1/thumb/v6-m/nofp/libgcc.a(unwind-arm.o)
                0x080006b0                _Unwind_GetCFA
                0x080006b4                __gnu_Unwind_RaiseException
                0x08000704                __gnu_Unwind_ForcedUnwind
                0x08000718                __gnu_Unwind_Resume
                0x08000760                __gnu_Unwind_Resume_or_Rethrow
                0x0800077c                _Unwind_Complete
                0x08000780                _Unwind_DeleteException
                0x08000790                _Unwind_VRS_Get
                0x080007ec                _Unwind_VRS_Set
                0x08000848                __gnu_Unwind_Backtrace
                0x08000b8c                __aeabi_unwind_cpp_pr0
                0x08000b98                __aeabi_unwind_cpp_pr1
                0x08000ba4                __aeabi_unwind_cpp_pr2
                0x08000bb0                _Unwind_VRS_Pop
 .text          0x08000e64      0x144 /Applications/STM32CubeIDE.app/Contents/Eclipse/plugins/com.st.stm32cube.ide.mcu.externaltools.gnu-tools-for-stm32.13.3.rel1.macos64_1.0.100.202509120712/tools/bin/../lib/gcc/arm-none-eabi/13.3.1/thumb/v6-m/nofp/libgcc.a(libunwind.o)
                0x08000e64                __restore_core_regs
                0x08000e64                restore_core_regs
                0x08000e90                __gnu_Unwind_Restore_VFP
                0x08000e94                __gnu_Unwind_Save_VFP
                0x08000e98                __gnu_Unwind_Restore_VFP_D
                0x08000e9c                __gnu_Unwind_Save_VFP_D
                0x08000ea0                __gnu_Unwind_Restore_VFP_D_16_to_31
                0x08000ea4                __gnu_Unwind_Save_VFP_D_16_to_31
                0x08000ea8                __gnu_Unwind_Restore_WMMXD
                0x08000eac                __gnu_Unwind_Save_WMMXD
                0x08000eb0                __gnu_Unwind_Restore_WMMXC
                0x08000eb4                __gnu_Unwind_Save_WMMXC
                0x08000eb8                _Unwind_RaiseException
                0x08000eb8                ___Unwind_RaiseException
                0x08000ee8                ___Unwind_Resume
                0x08000ee8                _Unwind_Resume
                0x08000f18                ___Unwind_Resume_or_Rethrow
                0x08000f18                _Unwind_Resume_or_Rethrow
                0x08000f48                _Unwind_ForcedUnwind
                0x08000f48                ___Unwind_ForcedUnwind
                0x08000f78                _Unwind_Backtrace
                0x08000f78                ___Unwind_Backtrace
 .text          0x08000fa8      0x394 /Applications/STM32CubeIDE.app/Contents/Eclipse/plugins/com.st.stm32cube.ide.mcu.externaltools.gnu-tools-for-stm32.13.3.rel1.macos64_1.0.100.202509120712/tools/bin/../lib/gcc/arm-none-eabi/13.3.1/thumb/v6-m/nofp/libgcc.a(pr-support.o)
                0x08000ffc                __gnu_unwind_execute
                0x080012f4                __gnu_unwind_frame
                0x0800131c                _Unwind_GetRegionStart
                0x08001328                _Unwind_GetLanguageSpecificData
 .text          0x0800133c       0x18 /Applications/STM32CubeIDE.app/Contents/Eclipse/plugins/com.st.stm32cube.ide.mcu.externaltools.gnu-tools-for-stm32.13.3.rel1.macos64_1.0.100.202509120712/tools/bin/../lib/gcc/arm-none-eabi/13.3.1/thumb/v6-m/nofp/libgcc.a(_clzdi2.o)
                0x0800133c                __clzdi2
 .text          0x08001354       0x3c /Applications/STM32CubeIDE.app/Contents/Eclipse/plugins/com.st.stm32cube.ide.mcu.externaltools.gnu-tools-for-stm32.13.3.rel1.macos64_1.0.100.202509120712/tools/bin/../lib/gcc/arm-none-eabi/13.3.1/thumb/v6-m/nofp/libgcc.a(_clzsi2.o)
                0x08001354                __clzsi2
 *(.text*)
 .text.main     0x08001390       0x22 ./Core/Src/main.o
                0x08001390                main
 *fill*         0x080013b2        0x2 
 .text.SystemClock_Config
                0x080013b4       0xe4 ./Core/Src/main.o
                0x080013b4                SystemClock_Config
 .text.MX_TIM6_Init
                0x08001498       0x80 ./Core/Src/main.o
 .text.MX_USART2_UART_Init
                0x08001518       0x60 ./Core/Src/main.o
 .text.MX_GPIO_Init
                0x08001578       0xc8 ./Core/Src/main.o
 .text.Error_Handler
                0x08001640        0xc ./Core/Src/main.o
                0x08001640                Error_Handler
 .text.HAL_MspInit
                0x0800164c       0x28 ./Core/Src/stm32l0xx_hal_msp.o
                0x0800164c                HAL_MspInit
 .text.HAL_TIM_Base_MspInit
                0x08001674       0x30 ./Core/Src/stm32l0xx_hal_msp.o
                0x08001674                HAL_TIM_Base_MspInit
 .text.HAL_UART_MspInit
                0x080016a4       0x88 ./Core/Src/stm32l0xx_hal_msp.o
                0x080016a4                HAL_UART_MspInit
 .text.NMI_Handler
                0x0800172c        0x8 ./Core/Src/stm32l0xx_it.o
                0x0800172c                NMI_Handler
 .text.HardFault_Handler
                0x08001734        0x8 ./Core/Src/stm32l0xx_it.o
                0x08001734                HardFault_Handler
 .text.SVC_Handler
                0x0800173c        0xa ./Core/Src/stm32l0xx_it.o
                0x0800173c                SVC_Handler
 .text.PendSV_Handler
                0x08001746        0xa ./Core/Src/stm32l0xx_it.o
                0x08001746                PendSV_Handler
 .text.SysTick_Handler
                0x08001750        0xe ./Core/Src/stm32l0xx_it.o
                0x08001750                SysTick_Handler
 .text._getpid  0x0800175e        0xc ./Core/Src/syscalls.o
                0x0800175e                _getpid
 .text._kill    0x0800176a       0x20 ./Core/Src/syscalls.o
                0x0800176a                _kill
 .text._exit    0x0800178a       0x1a ./Core/Src/syscalls.o
                0x0800178a                _exit
 .text.SystemInit
                0x080017a4        0xa ./Core/Src/system_stm32l0xx.o
                0x080017a4                SystemInit
 *fill*         0x080017ae        0x2 
 .text.setup    0x080017b0       0x6c ./Core/Src/loop_update.o
                0x080017b0                setup
 .text.loop     0x0800181c       0xc4 ./Core/Src/loop_update.o
                0x0800181c                loop
 .text._ZN5Eigen9DenseBaseINS_6MatrixIfLi3ELi1ELi0ELi3ELi1EEEE4ZeroEv
                0x080018e0       0x1c ./Core/Src/loop_update.o
 .text._ZN5Eigen6MatrixIfLi3ELi1ELi0ELi3ELi1EEC2INS_14CwiseNullaryOpINS_8internal14scalar_zero_opIfEES1_EEEERKNS_9EigenBaseIT_EE
                0x080018fc       0x28 ./Core/Src/loop_update.o
                0x080018fc                Eigen::Matrix<float, 3, 1, 0, 3, 1>::Matrix<Eigen::CwiseNullaryOp<Eigen::internal::scalar_zero_op<float>, Eigen::Matrix<float, 3, 1, 0, 3, 1> > >(Eigen::EigenBase<Eigen::CwiseNullaryOp<Eigen::internal::scalar_zero_op<float>, Eigen::Matrix<float, 3, 1, 0, 3, 1> > > const&)
                0x080018fc                Eigen::Matrix<float, 3, 1, 0, 3, 1>::Matrix<Eigen::CwiseNullaryOp<Eigen::internal::scalar_zero_op<float>, Eigen::Matrix<float, 3, 1, 0, 3, 1> > >(Eigen::EigenBase<Eigen::CwiseNullaryOp<Eigen::internal::scalar_zero_op<float>, Eigen::Matrix<float, 3, 1, 0, 3, 1> > > const&)
 .text._ZN5Eigen10MatrixBaseINS_6MatrixIfLi3ELi3ELi0ELi3ELi3EEEE8IdentityEv
                0x08001924       0x1c ./Core/Src/loop_update.o
                0x08001924                Eigen::MatrixBase<Eigen::Matrix<float, 3, 3, 0, 3, 3> >::Identity()
 .text._ZN5Eigen6MatrixIfLi3ELi3ELi0ELi3ELi3EEC2INS_14CwiseNullaryOpINS_8internal18scalar_identity_opIfEES1_EEEERKNS_9EigenBaseIT_EE
                0x08001940       0x28 ./Core/Src/loop_update.o
                0x08001940                Eigen::Matrix<float, 3, 3, 0, 3, 3>::Matrix<Eigen::CwiseNullaryOp<Eigen::internal::scalar_identity_op<float>, Eigen::Matrix<float, 3, 3, 0, 3, 3> > >(Eigen::EigenBase<Eigen::CwiseNullaryOp<Eigen::internal::scalar_identity_op<float>, Eigen::Matrix<float, 3, 3, 0, 3, 3> > > const&)
                0x08001940                Eigen::Matrix<float, 3, 3, 0, 3, 3>::Matrix<Eigen::CwiseNullaryOp<Eigen::internal::scalar_identity_op<float>, Eigen::Matrix<float, 3, 3, 0, 3, 3> > >(Eigen::EigenBase<Eigen::CwiseNullaryOp<Eigen::internal::scalar_identity_op<float>, Eigen::Matrix<float, 3, 3, 0, 3, 3> > > const&)
 .text._ZN5Eigen9DenseBaseINS_6MatrixIfLi6ELi1ELi0ELi6ELi1EEEE4ZeroEv
                0x08001968       0x1c ./Core/Src/loop_update.o
 .text._ZN5Eigen6MatrixIfLi6ELi1ELi0ELi6ELi1EEC2INS_14CwiseNullaryOpINS_8internal14scalar_zero_opIfEES1_EEEERKNS_9EigenBaseIT_EE
                0x08001984       0x28 ./Core/Src/loop_update.o
                0x08001984                Eigen::Matrix<float, 6, 1, 0, 6, 1>::Matrix<Eigen::CwiseNullaryOp<Eigen::internal::scalar_zero_op<float>, Eigen::Matrix<float, 6, 1, 0, 6, 1> > >(Eigen::EigenBase<Eigen::CwiseNullaryOp<Eigen::internal::scalar_zero_op<float>, Eigen::Matrix<float, 6, 1, 0, 6, 1> > > const&)
                0x08001984                Eigen::Matrix<float, 6, 1, 0, 6, 1>::Matrix<Eigen::CwiseNullaryOp<Eigen::internal::scalar_zero_op<float>, Eigen::Matrix<float, 6, 1, 0, 6, 1> > >(Eigen::EigenBase<Eigen::CwiseNullaryOp<Eigen::internal::scalar_zero_op<float>, Eigen::Matrix<float, 6, 1, 0, 6, 1> > > const&)
 .text._ZN5Eigen6MatrixIfLi3ELi1ELi0ELi3ELi1EEC2ERKfS3_S3_
                0x080019ac       0x4c ./Core/Src/loop_update.o
                0x080019ac                Eigen::Matrix<float, 3, 1, 0, 3, 1>::Matrix(float const&, float const&, float const&)
                0x080019ac                Eigen::Matrix<float, 3, 1, 0, 3, 1>::Matrix(float const&, float const&, float const&)
 .text._ZN5Eigen10MatrixBaseINS_6MatrixIfLi3ELi1ELi0ELi3ELi1EEEE5UnitZEv
                0x080019f8       0x1c ./Core/Src/loop_update.o
                0x080019f8                Eigen::MatrixBase<Eigen::Matrix<float, 3, 1, 0, 3, 1> >::UnitZ()
 .text._ZN5Eigen6MatrixIfLi3ELi1ELi0ELi3ELi1EEC2INS_5BlockIKNS_14CwiseNullaryOpINS_8internal18scalar_identity_opIfEENS0_IfLi3ELi3ELi0ELi3ELi3EEEEELi3ELi1ELb0EEEEERKNS_9EigenBaseIT_EE
                0x08001a14       0x28 ./Core/Src/loop_update.o
                0x08001a14                Eigen::Matrix<float, 3, 1, 0, 3, 1>::Matrix<Eigen::Block<Eigen::CwiseNullaryOp<Eigen::internal::scalar_identity_op<float>, Eigen::Matrix<float, 3, 3, 0, 3, 3> > const, 3, 1, false> >(Eigen::EigenBase<Eigen::Block<Eigen::CwiseNullaryOp<Eigen::internal::scalar_identity_op<float>, Eigen::Matrix<float, 3, 3, 0, 3, 3> > const, 3, 1, false> > const&)
                0x08001a14                Eigen::Matrix<float, 3, 1, 0, 3, 1>::Matrix<Eigen::Block<Eigen::CwiseNullaryOp<Eigen::internal::scalar_identity_op<float>, Eigen::Matrix<float, 3, 3, 0, 3, 3> > const, 3, 1, false> >(Eigen::EigenBase<Eigen::Block<Eigen::CwiseNullaryOp<Eigen::internal::scalar_identity_op<float>, Eigen::Matrix<float, 3, 3, 0, 3, 3> > const, 3, 1, false> > const&)
 .text._ZN5Eigen14CwiseNullaryOpINS_8internal14scalar_zero_opIfEENS_6MatrixIfLi3ELi1ELi0ELi3ELi1EEEEC2EiiRKS3_
                0x08001a3c       0x32 ./Core/Src/loop_update.o
                0x08001a3c                Eigen::CwiseNullaryOp<Eigen::internal::scalar_zero_op<float>, Eigen::Matrix<float, 3, 1, 0, 3, 1> >::CwiseNullaryOp(int, int, Eigen::internal::scalar_zero_op<float> const&)
                0x08001a3c                Eigen::CwiseNullaryOp<Eigen::internal::scalar_zero_op<float>, Eigen::Matrix<float, 3, 1, 0, 3, 1> >::CwiseNullaryOp(int, int, Eigen::internal::scalar_zero_op<float> const&)
 .text._ZNK5Eigen9EigenBaseINS_14CwiseNullaryOpINS_8internal14scalar_zero_opIfEENS_6MatrixIfLi3ELi1ELi0ELi3ELi1EEEEEE7derivedEv
                0x08001a6e       0x12 ./Core/Src/loop_update.o
                0x08001a6e                Eigen::EigenBase<Eigen::CwiseNullaryOp<Eigen::internal::scalar_zero_op<float>, Eigen::Matrix<float, 3, 1, 0, 3, 1> > >::derived() const
 .text._ZN5Eigen15PlainObjectBaseINS_6MatrixIfLi3ELi1ELi0ELi3ELi1EEEEC2INS_14CwiseNullaryOpINS_8internal14scalar_zero_opIfEES2_EEEERKNS_9DenseBaseIT_EE
                0x08001a80       0x3e ./Core/Src/loop_update.o
                0x08001a80                Eigen::PlainObjectBase<Eigen::Matrix<float, 3, 1, 0, 3, 1> >::PlainObjectBase<Eigen::CwiseNullaryOp<Eigen::internal::scalar_zero_op<float>, Eigen::Matrix<float, 3, 1, 0, 3, 1> > >(Eigen::DenseBase<Eigen::CwiseNullaryOp<Eigen::internal::scalar_zero_op<float>, Eigen::Matrix<float, 3, 1, 0, 3, 1> > > const&)
                0x08001a80                Eigen::PlainObjectBase<Eigen::Matrix<float, 3, 1, 0, 3, 1> >::PlainObjectBase<Eigen::CwiseNullaryOp<Eigen::internal::scalar_zero_op<float>, Eigen::Matrix<float, 3, 1, 0, 3, 1> > >(Eigen::DenseBase<Eigen::CwiseNullaryOp<Eigen::internal::scalar_zero_op<float>, Eigen::Matrix<float, 3, 1, 0, 3, 1> > > const&)
 .text._ZN5Eigen9DenseBaseINS_6MatrixIfLi3ELi3ELi0ELi3ELi3EEEE11NullaryExprINS_8internal18scalar_identity_opIfEEEEKNS_14CwiseNullaryOpIT_S2_EEiiRKS9_
                0x08001abe       0x24 ./Core/Src/loop_update.o
 .text._ZNK5Eigen9EigenBaseINS_14CwiseNullaryOpINS_8internal18scalar_identity_opIfEENS_6MatrixIfLi3ELi3ELi0ELi3ELi3EEEEEE7derivedEv
                0x08001ae2       0x12 ./Core/Src/loop_update.o
                0x08001ae2                Eigen::EigenBase<Eigen::CwiseNullaryOp<Eigen::internal::scalar_identity_op<float>, Eigen::Matrix<float, 3, 3, 0, 3, 3> > >::derived() const
 .text._ZN5Eigen15PlainObjectBaseINS_6MatrixIfLi3ELi3ELi0ELi3ELi3EEEEC2INS_14CwiseNullaryOpINS_8internal18scalar_identity_opIfEES2_EEEERKNS_9DenseBaseIT_EE
                0x08001af4       0x3a ./Core/Src/loop_update.o
                0x08001af4                Eigen::PlainObjectBase<Eigen::Matrix<float, 3, 3, 0, 3, 3> >::PlainObjectBase<Eigen::CwiseNullaryOp<Eigen::internal::scalar_identity_op<float>, Eigen::Matrix<float, 3, 3, 0, 3, 3> > >(Eigen::DenseBase<Eigen::CwiseNullaryOp<Eigen::internal::scalar_identity_op<float>, Eigen::Matrix<float, 3, 3, 0, 3, 3> > > const&)
                0x08001af4                Eigen::PlainObjectBase<Eigen::Matrix<float, 3, 3, 0, 3, 3> >::PlainObjectBase<Eigen::CwiseNullaryOp<Eigen::internal::scalar_identity_op<float>, Eigen::Matrix<float, 3, 3, 0, 3, 3> > >(Eigen::DenseBase<Eigen::CwiseNullaryOp<Eigen::internal::scalar_identity_op<float>, Eigen::Matrix<float, 3, 3, 0, 3, 3> > > const&)
 .text._ZN5Eigen14CwiseNullaryOpINS_8internal14scalar_zero_opIfEENS_6MatrixIfLi6ELi1ELi0ELi6ELi1EEEEC2EiiRKS3_
                0x08001b2e       0x32 ./Core/Src/loop_update.o
                0x08001b2e                Eigen::CwiseNullaryOp<Eigen::internal::scalar_zero_op<float>, Eigen::Matrix<float, 6, 1, 0, 6, 1> >::CwiseNullaryOp(int, int, Eigen::internal::scalar_zero_op<float> const&)
                0x08001b2e                Eigen::CwiseNullaryOp<Eigen::internal::scalar_zero_op<float>, Eigen::Matrix<float, 6, 1, 0, 6, 1> >::CwiseNullaryOp(int, int, Eigen::internal::scalar_zero_op<float> const&)
 .text._ZNK5Eigen9EigenBaseINS_14CwiseNullaryOpINS_8internal14scalar_zero_opIfEENS_6MatrixIfLi6ELi1ELi0ELi6ELi1EEEEEE7derivedEv
                0x08001b60       0x12 ./Core/Src/loop_update.o
                0x08001b60                Eigen::EigenBase<Eigen::CwiseNullaryOp<Eigen::internal::scalar_zero_op<float>, Eigen::Matrix<float, 6, 1, 0, 6, 1> > >::derived() const
 .text._ZN5Eigen15PlainObjectBaseINS_6MatrixIfLi6ELi1ELi0ELi6ELi1EEEEC2INS_14CwiseNullaryOpINS_8internal14scalar_zero_opIfEES2_EEEERKNS_9DenseBaseIT_EE
                0x08001b72       0x3a ./Core/Src/loop_update.o
                0x08001b72                Eigen::PlainObjectBase<Eigen::Matrix<float, 6, 1, 0, 6, 1> >::PlainObjectBase<Eigen::CwiseNullaryOp<Eigen::internal::scalar_zero_op<float>, Eigen::Matrix<float, 6, 1, 0, 6, 1> > >(Eigen::DenseBase<Eigen::CwiseNullaryOp<Eigen::internal::scalar_zero_op<float>, Eigen::Matrix<float, 6, 1, 0, 6, 1> > > const&)
                0x08001b72                Eigen::PlainObjectBase<Eigen::Matrix<float, 6, 1, 0, 6, 1> >::PlainObjectBase<Eigen::CwiseNullaryOp<Eigen::internal::scalar_zero_op<float>, Eigen::Matrix<float, 6, 1, 0, 6, 1> > >(Eigen::DenseBase<Eigen::CwiseNullaryOp<Eigen::internal::scalar_zero_op<float>, Eigen::Matrix<float, 6, 1, 0, 6, 1> > > const&)
 .text._ZN5Eigen8internal17DenseStorage_implIfLi3ELi3ELi1ELi0EE4dataEv
                0x08001bac       0x12 ./Core/Src/loop_update.o
                0x08001bac                Eigen::internal::DenseStorage_impl<float, 3, 3, 1, 0>::data()
 .text._ZN5Eigen10MatrixBaseINS_6MatrixIfLi3ELi1ELi0ELi3ELi1EEEE4UnitEi
                0x08001bbe       0x24 ./Core/Src/loop_update.o
                0x08001bbe                Eigen::MatrixBase<Eigen::Matrix<float, 3, 1, 0, 3, 1> >::Unit(int)
 .text._ZNK5Eigen9EigenBaseINS_5BlockIKNS_14CwiseNullaryOpINS_8internal18scalar_identity_opIfEENS_6MatrixIfLi3ELi3ELi0ELi3ELi3EEEEELi3ELi1ELb0EEEE7derivedEv
                0x08001be2       0x12 ./Core/Src/loop_update.o
                0x08001be2                Eigen::EigenBase<Eigen::Block<Eigen::CwiseNullaryOp<Eigen::internal::scalar_identity_op<float>, Eigen::Matrix<float, 3, 3, 0, 3, 3> > const, 3, 1, false> >::derived() const
 .text._ZN5Eigen15PlainObjectBaseINS_6MatrixIfLi3ELi1ELi0ELi3ELi1EEEEC2INS_5BlockIKNS_14CwiseNullaryOpINS_8internal18scalar_identity_opIfEENS1_IfLi3ELi3ELi0ELi3ELi3EEEEELi3ELi1ELb0EEEEERKNS_9DenseBaseIT_EE
                0x08001bf4       0x3e ./Core/Src/loop_update.o
                0x08001bf4                Eigen::PlainObjectBase<Eigen::Matrix<float, 3, 1, 0, 3, 1> >::PlainObjectBase<Eigen::Block<Eigen::CwiseNullaryOp<Eigen::internal::scalar_identity_op<float>, Eigen::Matrix<float, 3, 3, 0, 3, 3> > const, 3, 1, false> >(Eigen::DenseBase<Eigen::Block<Eigen::CwiseNullaryOp<Eigen::internal::scalar_identity_op<float>, Eigen::Matrix<float, 3, 3, 0, 3, 3> > const, 3, 1, false> > const&)
                0x08001bf4                Eigen::PlainObjectBase<Eigen::Matrix<float, 3, 1, 0, 3, 1> >::PlainObjectBase<Eigen::Block<Eigen::CwiseNullaryOp<Eigen::internal::scalar_identity_op<float>, Eigen::Matrix<float, 3, 3, 0, 3, 3> > const, 3, 1, false> >(Eigen::DenseBase<Eigen::Block<Eigen::CwiseNullaryOp<Eigen::internal::scalar_identity_op<float>, Eigen::Matrix<float, 3, 3, 0, 3, 3> > const, 3, 1, false> > const&)
 .text._ZN5Eigen8internal19variable_if_dynamicIiLi3EEC2Ei
                0x08001c32       0x1c ./Core/Src/loop_update.o
                0x08001c32                Eigen::internal::variable_if_dynamic<int, 3>::variable_if_dynamic(int)
                0x08001c32                Eigen::internal::variable_if_dynamic<int, 3>::variable_if_dynamic(int)
 .text._ZN5Eigen8internal19variable_if_dynamicIiLi1EEC2Ei
                0x08001c4e       0x1c ./Core/Src/loop_update.o
                0x08001c4e                Eigen::internal::variable_if_dynamic<int, 1>::variable_if_dynamic(int)
                0x08001c4e                Eigen::internal::variable_if_dynamic<int, 1>::variable_if_dynamic(int)
 .text._ZNK5Eigen14CwiseNullaryOpINS_8internal14scalar_zero_opIfEENS_6MatrixIfLi3ELi1ELi0ELi3ELi1EEEE4rowsEv
                0x08001c6a       0x16 ./Core/Src/loop_update.o
                0x08001c6a                Eigen::CwiseNullaryOp<Eigen::internal::scalar_zero_op<float>, Eigen::Matrix<float, 3, 1, 0, 3, 1> >::rows() const
 .text._ZNK5Eigen14CwiseNullaryOpINS_8internal14scalar_zero_opIfEENS_6MatrixIfLi3ELi1ELi0ELi3ELi1EEEE4colsEv
                0x08001c80       0x16 ./Core/Src/loop_update.o
                0x08001c80                Eigen::CwiseNullaryOp<Eigen::internal::scalar_zero_op<float>, Eigen::Matrix<float, 3, 1, 0, 3, 1> >::cols() const
 .text._ZN5Eigen15PlainObjectBaseINS_6MatrixIfLi3ELi1ELi0ELi3ELi1EEEE10resizeLikeINS_14CwiseNullaryOpINS_8internal14scalar_zero_opIfEES2_EEEEvRKNS_9EigenBaseIT_EE
                0x08001c96       0x42 ./Core/Src/loop_update.o
                0x08001c96                void Eigen::PlainObjectBase<Eigen::Matrix<float, 3, 1, 0, 3, 1> >::resizeLike<Eigen::CwiseNullaryOp<Eigen::internal::scalar_zero_op<float>, Eigen::Matrix<float, 3, 1, 0, 3, 1> > >(Eigen::EigenBase<Eigen::CwiseNullaryOp<Eigen::internal::scalar_zero_op<float>, Eigen::Matrix<float, 3, 1, 0, 3, 1> > > const&)
 .text._ZN5Eigen15PlainObjectBaseINS_6MatrixIfLi3ELi1ELi0ELi3ELi1EEEE12_set_noaliasINS_14CwiseNullaryOpINS_8internal14scalar_zero_opIfEES2_EEEERS2_RKNS_9DenseBaseIT_EE
                0x08001cd8       0x3c ./Core/Src/loop_update.o
                0x08001cd8                Eigen::Matrix<float, 3, 1, 0, 3, 1>& Eigen::PlainObjectBase<Eigen::Matrix<float, 3, 1, 0, 3, 1> >::_set_noalias<Eigen::CwiseNullaryOp<Eigen::internal::scalar_zero_op<float>, Eigen::Matrix<float, 3, 1, 0, 3, 1> > >(Eigen::DenseBase<Eigen::CwiseNullaryOp<Eigen::internal::scalar_zero_op<float>, Eigen::Matrix<float, 3, 1, 0, 3, 1> > > const&)
 .text._ZN5Eigen14CwiseNullaryOpINS_8internal18scalar_identity_opIfEENS_6MatrixIfLi3ELi3ELi0ELi3ELi3EEEEC2EiiRKS3_
                0x08001d14       0x32 ./Core/Src/loop_update.o
                0x08001d14                Eigen::CwiseNullaryOp<Eigen::internal::scalar_identity_op<float>, Eigen::Matrix<float, 3, 3, 0, 3, 3> >::CwiseNullaryOp(int, int, Eigen::internal::scalar_identity_op<float> const&)
                0x08001d14                Eigen::CwiseNullaryOp<Eigen::internal::scalar_identity_op<float>, Eigen::Matrix<float, 3, 3, 0, 3, 3> >::CwiseNullaryOp(int, int, Eigen::internal::scalar_identity_op<float> const&)
 .text._ZNK5Eigen14CwiseNullaryOpINS_8internal18scalar_identity_opIfEENS_6MatrixIfLi3ELi3ELi0ELi3ELi3EEEE4rowsEv
                0x08001d46       0x16 ./Core/Src/loop_update.o
                0x08001d46                Eigen::CwiseNullaryOp<Eigen::internal::scalar_identity_op<float>, Eigen::Matrix<float, 3, 3, 0, 3, 3> >::rows() const
 .text._ZNK5Eigen14CwiseNullaryOpINS_8internal18scalar_identity_opIfEENS_6MatrixIfLi3ELi3ELi0ELi3ELi3EEEE4colsEv
                0x08001d5c       0x16 ./Core/Src/loop_update.o
                0x08001d5c                Eigen::CwiseNullaryOp<Eigen::internal::scalar_identity_op<float>, Eigen::Matrix<float, 3, 3, 0, 3, 3> >::cols() const
 .text._ZN5Eigen15PlainObjectBaseINS_6MatrixIfLi3ELi3ELi0ELi3ELi3EEEE10resizeLikeINS_14CwiseNullaryOpINS_8internal18scalar_identity_opIfEES2_EEEEvRKNS_9EigenBaseIT_EE
                0x08001d72       0x54 ./Core/Src/loop_update.o
                0x08001d72                void Eigen::PlainObjectBase<Eigen::Matrix<float, 3, 3, 0, 3, 3> >::resizeLike<Eigen::CwiseNullaryOp<Eigen::internal::scalar_identity_op<float>, Eigen::Matrix<float, 3, 3, 0, 3, 3> > >(Eigen::EigenBase<Eigen::CwiseNullaryOp<Eigen::internal::scalar_identity_op<float>, Eigen::Matrix<float, 3, 3, 0, 3, 3> > > const&)
 .text._ZN5Eigen15PlainObjectBaseINS_6MatrixIfLi3ELi3ELi0ELi3ELi3EEEE12_set_noaliasINS_14CwiseNullaryOpINS_8internal18scalar_identity_opIfEES2_EEEERS2_RKNS_9DenseBaseIT_EE
                0x08001dc6       0x3c ./Core/Src/loop_update.o
                0x08001dc6                Eigen::Matrix<float, 3, 3, 0, 3, 3>& Eigen::PlainObjectBase<Eigen::Matrix<float, 3, 3, 0, 3, 3> >::_set_noalias<Eigen::CwiseNullaryOp<Eigen::internal::scalar_identity_op<float>, Eigen::Matrix<float, 3, 3, 0, 3, 3> > >(Eigen::DenseBase<Eigen::CwiseNullaryOp<Eigen::internal::scalar_identity_op<float>, Eigen::Matrix<float, 3, 3, 0, 3, 3> > > const&)
 .text._ZN5Eigen8internal19variable_if_dynamicIiLi6EEC2Ei
                0x08001e02       0x1c ./Core/Src/loop_update.o
                0x08001e02                Eigen::internal::variable_if_dynamic<int, 6>::variable_if_dynamic(int)
                0x08001e02                Eigen::internal::variable_if_dynamic<int, 6>::variable_if_dynamic(int)
 .text._ZNK5Eigen14CwiseNullaryOpINS_8internal14scalar_zero_opIfEENS_6MatrixIfLi6ELi1ELi0ELi6ELi1EEEE4rowsEv
                0x08001e1e       0x16 ./Core/Src/loop_update.o
                0x08001e1e                Eigen::CwiseNullaryOp<Eigen::internal::scalar_zero_op<float>, Eigen::Matrix<float, 6, 1, 0, 6, 1> >::rows() const
 .text._ZNK5Eigen14CwiseNullaryOpINS_8internal14scalar_zero_opIfEENS_6MatrixIfLi6ELi1ELi0ELi6ELi1EEEE4colsEv
                0x08001e34       0x16 ./Core/Src/loop_update.o
                0x08001e34                Eigen::CwiseNullaryOp<Eigen::internal::scalar_zero_op<float>, Eigen::Matrix<float, 6, 1, 0, 6, 1> >::cols() const
 .text._ZN5Eigen15PlainObjectBaseINS_6MatrixIfLi6ELi1ELi0ELi6ELi1EEEE10resizeLikeINS_14CwiseNullaryOpINS_8internal14scalar_zero_opIfEES2_EEEEvRKNS_9EigenBaseIT_EE
                0x08001e4a       0x42 ./Core/Src/loop_update.o
                0x08001e4a                void Eigen::PlainObjectBase<Eigen::Matrix<float, 6, 1, 0, 6, 1> >::resizeLike<Eigen::CwiseNullaryOp<Eigen::internal::scalar_zero_op<float>, Eigen::Matrix<float, 6, 1, 0, 6, 1> > >(Eigen::EigenBase<Eigen::CwiseNullaryOp<Eigen::internal::scalar_zero_op<float>, Eigen::Matrix<float, 6, 1, 0, 6, 1> > > const&)
 .text._ZN5Eigen15PlainObjectBaseINS_6MatrixIfLi6ELi1ELi0ELi6ELi1EEEE12_set_noaliasINS_14CwiseNullaryOpINS_8internal14scalar_zero_opIfEES2_EEEERS2_RKNS_9DenseBaseIT_EE
                0x08001e8c       0x3c ./Core/Src/loop_update.o
                0x08001e8c                Eigen::Matrix<float, 6, 1, 0, 6, 1>& Eigen::PlainObjectBase<Eigen::Matrix<float, 6, 1, 0, 6, 1> >::_set_noalias<Eigen::CwiseNullaryOp<Eigen::internal::scalar_zero_op<float>, Eigen::Matrix<float, 6, 1, 0, 6, 1> > >(Eigen::DenseBase<Eigen::CwiseNullaryOp<Eigen::internal::scalar_zero_op<float>, Eigen::Matrix<float, 6, 1, 0, 6, 1> > > const&)
 .text._ZN5Eigen5BlockIKNS_14CwiseNullaryOpINS_8internal18scalar_identity_opIfEENS_6MatrixIfLi3ELi3ELi0ELi3ELi3EEEEELi3ELi1ELb0EEC2ERS8_i
                0x08001ec8       0x22 ./Core/Src/loop_update.o
                0x08001ec8                Eigen::Block<Eigen::CwiseNullaryOp<Eigen::internal::scalar_identity_op<float>, Eigen::Matrix<float, 3, 3, 0, 3, 3> > const, 3, 1, false>::Block(Eigen::CwiseNullaryOp<Eigen::internal::scalar_identity_op<float>, Eigen::Matrix<float, 3, 3, 0, 3, 3> > const&, int)
                0x08001ec8                Eigen::Block<Eigen::CwiseNullaryOp<Eigen::internal::scalar_identity_op<float>, Eigen::Matrix<float, 3, 3, 0, 3, 3> > const, 3, 1, false>::Block(Eigen::CwiseNullaryOp<Eigen::internal::scalar_identity_op<float>, Eigen::Matrix<float, 3, 3, 0, 3, 3> > const&, int)
 .text._ZN5Eigen15PlainObjectBaseINS_6MatrixIfLi3ELi1ELi0ELi3ELi1EEEE10resizeLikeINS_5BlockIKNS_14CwiseNullaryOpINS_8internal18scalar_identity_opIfEENS1_IfLi3ELi3ELi0ELi3ELi3EEEEELi3ELi1ELb0EEEEEvRKNS_9EigenBaseIT_EE
                0x08001eea       0x42 ./Core/Src/loop_update.o
                0x08001eea                void Eigen::PlainObjectBase<Eigen::Matrix<float, 3, 1, 0, 3, 1> >::resizeLike<Eigen::Block<Eigen::CwiseNullaryOp<Eigen::internal::scalar_identity_op<float>, Eigen::Matrix<float, 3, 3, 0, 3, 3> > const, 3, 1, false> >(Eigen::EigenBase<Eigen::Block<Eigen::CwiseNullaryOp<Eigen::internal::scalar_identity_op<float>, Eigen::Matrix<float, 3, 3, 0, 3, 3> > const, 3, 1, false> > const&)
 .text._ZN5Eigen15PlainObjectBaseINS_6MatrixIfLi3ELi1ELi0ELi3ELi1EEEE12_set_noaliasINS_5BlockIKNS_14CwiseNullaryOpINS_8internal18scalar_identity_opIfEENS1_IfLi3ELi3ELi0ELi3ELi3EEEEELi3ELi1ELb0EEEEERS2_RKNS_9DenseBaseIT_EE
                0x08001f2c       0x3c ./Core/Src/loop_update.o
                0x08001f2c                Eigen::Matrix<float, 3, 1, 0, 3, 1>& Eigen::PlainObjectBase<Eigen::Matrix<float, 3, 1, 0, 3, 1> >::_set_noalias<Eigen::Block<Eigen::CwiseNullaryOp<Eigen::internal::scalar_identity_op<float>, Eigen::Matrix<float, 3, 3, 0, 3, 3> > const, 3, 1, false> >(Eigen::DenseBase<Eigen::Block<Eigen::CwiseNullaryOp<Eigen::internal::scalar_identity_op<float>, Eigen::Matrix<float, 3, 3, 0, 3, 3> > const, 3, 1, false> > const&)
 .text._ZN5Eigen8internal22ignore_unused_variableIiEEvRKT_
                0x08001f68       0x10 ./Core/Src/loop_update.o
                0x08001f68                void Eigen::internal::ignore_unused_variable<int>(int const&)
 .text._ZN5Eigen8internal19variable_if_dynamicIiLi3EE5valueEv
                0x08001f78        0xc ./Core/Src/loop_update.o
                0x08001f78                Eigen::internal::variable_if_dynamic<int, 3>::value()
 .text._ZN5Eigen8internal19variable_if_dynamicIiLi1EE5valueEv
                0x08001f84        0xc ./Core/Src/loop_update.o
                0x08001f84                Eigen::internal::variable_if_dynamic<int, 1>::value()
 .text._ZN5Eigen15PlainObjectBaseINS_6MatrixIfLi3ELi1ELi0ELi3ELi1EEEE6resizeEii
                0x08001f90       0x26 ./Core/Src/loop_update.o
                0x08001f90                Eigen::PlainObjectBase<Eigen::Matrix<float, 3, 1, 0, 3, 1> >::resize(int, int)
 .text._ZN5Eigen9EigenBaseINS_6MatrixIfLi3ELi1ELi0ELi3ELi1EEEE7derivedEv
                0x08001fb6       0x12 ./Core/Src/loop_update.o
                0x08001fb6                Eigen::EigenBase<Eigen::Matrix<float, 3, 1, 0, 3, 1> >::derived()
 .text._ZN5Eigen8internal24call_assignment_no_aliasINS_6MatrixIfLi3ELi1ELi0ELi3ELi1EEENS_14CwiseNullaryOpINS0_14scalar_zero_opIfEES3_EENS0_9assign_opIffEEEEvRT_RKT0_RKT1_
                0x08001fc8       0x24 ./Core/Src/loop_update.o
                0x08001fc8                void Eigen::internal::call_assignment_no_alias<Eigen::Matrix<float, 3, 1, 0, 3, 1>, Eigen::CwiseNullaryOp<Eigen::internal::scalar_zero_op<float>, Eigen::Matrix<float, 3, 1, 0, 3, 1> >, Eigen::internal::assign_op<float, float> >(Eigen::Matrix<float, 3, 1, 0, 3, 1>&, Eigen::CwiseNullaryOp<Eigen::internal::scalar_zero_op<float>, Eigen::Matrix<float, 3, 1, 0, 3, 1> > const&, Eigen::internal::assign_op<float, float> const&)
 .text._ZN5Eigen15PlainObjectBaseINS_6MatrixIfLi3ELi3ELi0ELi3ELi3EEEE6resizeEii
                0x08001fec       0x26 ./Core/Src/loop_update.o
                0x08001fec                Eigen::PlainObjectBase<Eigen::Matrix<float, 3, 3, 0, 3, 3> >::resize(int, int)
 .text._ZN5Eigen9EigenBaseINS_6MatrixIfLi3ELi3ELi0ELi3ELi3EEEE7derivedEv
                0x08002012       0x12 ./Core/Src/loop_update.o
                0x08002012                Eigen::EigenBase<Eigen::Matrix<float, 3, 3, 0, 3, 3> >::derived()
 .text._ZN5Eigen8internal24call_assignment_no_aliasINS_6MatrixIfLi3ELi3ELi0ELi3ELi3EEENS_14CwiseNullaryOpINS0_18scalar_identity_opIfEES3_EENS0_9assign_opIffEEEEvRT_RKT0_RKT1_
                0x08002024       0x24 ./Core/Src/loop_update.o
                0x08002024                void Eigen::internal::call_assignment_no_alias<Eigen::Matrix<float, 3, 3, 0, 3, 3>, Eigen::CwiseNullaryOp<Eigen::internal::scalar_identity_op<float>, Eigen::Matrix<float, 3, 3, 0, 3, 3> >, Eigen::internal::assign_op<float, float> >(Eigen::Matrix<float, 3, 3, 0, 3, 3>&, Eigen::CwiseNullaryOp<Eigen::internal::scalar_identity_op<float>, Eigen::Matrix<float, 3, 3, 0, 3, 3> > const&, Eigen::internal::assign_op<float, float> const&)
 .text._ZN5Eigen8internal19variable_if_dynamicIiLi6EE5valueEv
                0x08002048        0xc ./Core/Src/loop_update.o
                0x08002048                Eigen::internal::variable_if_dynamic<int, 6>::value()
 .text._ZN5Eigen15PlainObjectBaseINS_6MatrixIfLi6ELi1ELi0ELi6ELi1EEEE6resizeEii
                0x08002054       0x26 ./Core/Src/loop_update.o
                0x08002054                Eigen::PlainObjectBase<Eigen::Matrix<float, 6, 1, 0, 6, 1> >::resize(int, int)
 .text._ZN5Eigen9EigenBaseINS_6MatrixIfLi6ELi1ELi0ELi6ELi1EEEE7derivedEv
                0x0800207a       0x12 ./Core/Src/loop_update.o
                0x0800207a                Eigen::EigenBase<Eigen::Matrix<float, 6, 1, 0, 6, 1> >::derived()
 .text._ZN5Eigen8internal24call_assignment_no_aliasINS_6MatrixIfLi6ELi1ELi0ELi6ELi1EEENS_14CwiseNullaryOpINS0_14scalar_zero_opIfEES3_EENS0_9assign_opIffEEEEvRT_RKT0_RKT1_
                0x0800208c       0x24 ./Core/Src/loop_update.o
                0x0800208c                void Eigen::internal::call_assignment_no_alias<Eigen::Matrix<float, 6, 1, 0, 6, 1>, Eigen::CwiseNullaryOp<Eigen::internal::scalar_zero_op<float>, Eigen::Matrix<float, 6, 1, 0, 6, 1> >, Eigen::internal::assign_op<float, float> >(Eigen::Matrix<float, 6, 1, 0, 6, 1>&, Eigen::CwiseNullaryOp<Eigen::internal::scalar_zero_op<float>, Eigen::Matrix<float, 6, 1, 0, 6, 1> > const&, Eigen::internal::assign_op<float, float> const&)
 .text._ZN5Eigen9BlockImplIKNS_14CwiseNullaryOpINS_8internal18scalar_identity_opIfEENS_6MatrixIfLi3ELi3ELi0ELi3ELi3EEEEELi3ELi1ELb0ENS_5DenseEEC2ERS8_i
                0x080020b0       0x22 ./Core/Src/loop_update.o
                0x080020b0                Eigen::BlockImpl<Eigen::CwiseNullaryOp<Eigen::internal::scalar_identity_op<float>, Eigen::Matrix<float, 3, 3, 0, 3, 3> > const, 3, 1, false, Eigen::Dense>::BlockImpl(Eigen::CwiseNullaryOp<Eigen::internal::scalar_identity_op<float>, Eigen::Matrix<float, 3, 3, 0, 3, 3> > const&, int)
                0x080020b0                Eigen::BlockImpl<Eigen::CwiseNullaryOp<Eigen::internal::scalar_identity_op<float>, Eigen::Matrix<float, 3, 3, 0, 3, 3> > const, 3, 1, false, Eigen::Dense>::BlockImpl(Eigen::CwiseNullaryOp<Eigen::internal::scalar_identity_op<float>, Eigen::Matrix<float, 3, 3, 0, 3, 3> > const&, int)
 .text._ZNK5Eigen8internal15BlockImpl_denseIKNS_14CwiseNullaryOpINS0_18scalar_identity_opIfEENS_6MatrixIfLi3ELi3ELi0ELi3ELi3EEEEELi3ELi1ELb0ELb0EE4rowsEv
                0x080020d2       0x16 ./Core/Src/loop_update.o
                0x080020d2                Eigen::internal::BlockImpl_dense<Eigen::CwiseNullaryOp<Eigen::internal::scalar_identity_op<float>, Eigen::Matrix<float, 3, 3, 0, 3, 3> > const, 3, 1, false, false>::rows() const
 .text._ZNK5Eigen8internal15BlockImpl_denseIKNS_14CwiseNullaryOpINS0_18scalar_identity_opIfEENS_6MatrixIfLi3ELi3ELi0ELi3ELi3EEEEELi3ELi1ELb0ELb0EE4colsEv
                0x080020e8       0x16 ./Core/Src/loop_update.o
                0x080020e8                Eigen::internal::BlockImpl_dense<Eigen::CwiseNullaryOp<Eigen::internal::scalar_identity_op<float>, Eigen::Matrix<float, 3, 3, 0, 3, 3> > const, 3, 1, false, false>::cols() const
 .text._ZN5Eigen8internal24call_assignment_no_aliasINS_6MatrixIfLi3ELi1ELi0ELi3ELi1EEENS_5BlockIKNS_14CwiseNullaryOpINS0_18scalar_identity_opIfEENS2_IfLi3ELi3ELi0ELi3ELi3EEEEELi3ELi1ELb0EEENS0_9assign_opIffEEEEvRT_RKT0_RKT1_
                0x080020fe       0x24 ./Core/Src/loop_update.o
                0x080020fe                void Eigen::internal::call_assignment_no_alias<Eigen::Matrix<float, 3, 1, 0, 3, 1>, Eigen::Block<Eigen::CwiseNullaryOp<Eigen::internal::scalar_identity_op<float>, Eigen::Matrix<float, 3, 3, 0, 3, 3> > const, 3, 1, false>, Eigen::internal::assign_op<float, float> >(Eigen::Matrix<float, 3, 1, 0, 3, 1>&, Eigen::Block<Eigen::CwiseNullaryOp<Eigen::internal::scalar_identity_op<float>, Eigen::Matrix<float, 3, 3, 0, 3, 3> > const, 3, 1, false> const&, Eigen::internal::assign_op<float, float> const&)
 .text._ZN5Eigen8internal17DenseStorage_implIfLi3ELi3ELi1ELi0EE6resizeEiii
                0x08002122       0x16 ./Core/Src/loop_update.o
                0x08002122                Eigen::internal::DenseStorage_impl<float, 3, 3, 1, 0>::resize(int, int, int)
 .text._ZN5Eigen8internal10AssignmentINS_6MatrixIfLi3ELi1ELi0ELi3ELi1EEENS_14CwiseNullaryOpINS0_14scalar_zero_opIfEES3_EENS0_9assign_opIffEENS0_11Dense2DenseEvE3runERS3_RKS7_RKS9_
                0x08002138       0x20 ./Core/Src/loop_update.o
                0x08002138                Eigen::internal::Assignment<Eigen::Matrix<float, 3, 1, 0, 3, 1>, Eigen::CwiseNullaryOp<Eigen::internal::scalar_zero_op<float>, Eigen::Matrix<float, 3, 1, 0, 3, 1> >, Eigen::internal::assign_op<float, float>, Eigen::internal::Dense2Dense, void>::run(Eigen::Matrix<float, 3, 1, 0, 3, 1>&, Eigen::CwiseNullaryOp<Eigen::internal::scalar_zero_op<float>, Eigen::Matrix<float, 3, 1, 0, 3, 1> > const&, Eigen::internal::assign_op<float, float> const&)
 .text._ZN5Eigen8internal17DenseStorage_implIfLi9ELi3ELi3ELi0EE6resizeEiii
                0x08002158       0x16 ./Core/Src/loop_update.o
                0x08002158                Eigen::internal::DenseStorage_impl<float, 9, 3, 3, 0>::resize(int, int, int)
 .text._ZN5Eigen8internal10AssignmentINS_6MatrixIfLi3ELi3ELi0ELi3ELi3EEENS_14CwiseNullaryOpINS0_18scalar_identity_opIfEES3_EENS0_9assign_opIffEENS0_11Dense2DenseEvE3runERS3_RKS7_RKS9_
                0x0800216e       0x6c ./Core/Src/loop_update.o
                0x0800216e                Eigen::internal::Assignment<Eigen::Matrix<float, 3, 3, 0, 3, 3>, Eigen::CwiseNullaryOp<Eigen::internal::scalar_identity_op<float>, Eigen::Matrix<float, 3, 3, 0, 3, 3> >, Eigen::internal::assign_op<float, float>, Eigen::internal::Dense2Dense, void>::run(Eigen::Matrix<float, 3, 3, 0, 3, 3>&, Eigen::CwiseNullaryOp<Eigen::internal::scalar_identity_op<float>, Eigen::Matrix<float, 3, 3, 0, 3, 3> > const&, Eigen::internal::assign_op<float, float> const&)
 .text._ZN5Eigen8internal17DenseStorage_implIfLi6ELi6ELi1ELi0EE6resizeEiii
                0x080021da       0x16 ./Core/Src/loop_update.o
                0x080021da                Eigen::internal::DenseStorage_impl<float, 6, 6, 1, 0>::resize(int, int, int)
 .text._ZN5Eigen8internal10AssignmentINS_6MatrixIfLi6ELi1ELi0ELi6ELi1EEENS_14CwiseNullaryOpINS0_14scalar_zero_opIfEES3_EENS0_9assign_opIffEENS0_11Dense2DenseEvE3runERS3_RKS7_RKS9_
                0x080021f0       0x20 ./Core/Src/loop_update.o
                0x080021f0                Eigen::internal::Assignment<Eigen::Matrix<float, 6, 1, 0, 6, 1>, Eigen::CwiseNullaryOp<Eigen::internal::scalar_zero_op<float>, Eigen::Matrix<float, 6, 1, 0, 6, 1> >, Eigen::internal::assign_op<float, float>, Eigen::internal::Dense2Dense, void>::run(Eigen::Matrix<float, 6, 1, 0, 6, 1>&, Eigen::CwiseNullaryOp<Eigen::internal::scalar_zero_op<float>, Eigen::Matrix<float, 6, 1, 0, 6, 1> > const&, Eigen::internal::assign_op<float, float> const&)
 .text._ZN5Eigen8internal15BlockImpl_denseIKNS_14CwiseNullaryOpINS0_18scalar_identity_opIfEENS_6MatrixIfLi3ELi3ELi0ELi3ELi3EEEEELi3ELi1ELb0ELb0EEC2ERS8_i
                0x08002210       0x54 ./Core/Src/loop_update.o
                0x08002210                Eigen::internal::BlockImpl_dense<Eigen::CwiseNullaryOp<Eigen::internal::scalar_identity_op<float>, Eigen::Matrix<float, 3, 3, 0, 3, 3> > const, 3, 1, false, false>::BlockImpl_dense(Eigen::CwiseNullaryOp<Eigen::internal::scalar_identity_op<float>, Eigen::Matrix<float, 3, 3, 0, 3, 3> > const&, int)
                0x08002210                Eigen::internal::BlockImpl_dense<Eigen::CwiseNullaryOp<Eigen::internal::scalar_identity_op<float>, Eigen::Matrix<float, 3, 3, 0, 3, 3> > const, 3, 1, false, false>::BlockImpl_dense(Eigen::CwiseNullaryOp<Eigen::internal::scalar_identity_op<float>, Eigen::Matrix<float, 3, 3, 0, 3, 3> > const&, int)
 .text._ZN5Eigen8internal10AssignmentINS_6MatrixIfLi3ELi1ELi0ELi3ELi1EEENS_5BlockIKNS_14CwiseNullaryOpINS0_18scalar_identity_opIfEENS2_IfLi3ELi3ELi0ELi3ELi3EEEEELi3ELi1ELb0EEENS0_9assign_opIffEENS0_11Dense2DenseEvE3runERS3_RKSB_RKSD_
                0x08002264       0x6c ./Core/Src/loop_update.o
                0x08002264                Eigen::internal::Assignment<Eigen::Matrix<float, 3, 1, 0, 3, 1>, Eigen::Block<Eigen::CwiseNullaryOp<Eigen::internal::scalar_identity_op<float>, Eigen::Matrix<float, 3, 3, 0, 3, 3> > const, 3, 1, false>, Eigen::internal::assign_op<float, float>, Eigen::internal::Dense2Dense, void>::run(Eigen::Matrix<float, 3, 1, 0, 3, 1>&, Eigen::Block<Eigen::CwiseNullaryOp<Eigen::internal::scalar_identity_op<float>, Eigen::Matrix<float, 3, 3, 0, 3, 3> > const, 3, 1, false> const&, Eigen::internal::assign_op<float, float> const&)
 .text._ZN5Eigen8internal15eigen_zero_implINS_6MatrixIfLi3ELi1ELi0ELi3ELi1EEELb1EE3runINS_14CwiseNullaryOpINS0_14scalar_zero_opIfEES3_EEEEvRS3_RKT_
                0x080022d0       0x28 ./Core/Src/loop_update.o
                0x080022d0                void Eigen::internal::eigen_zero_impl<Eigen::Matrix<float, 3, 1, 0, 3, 1>, true>::run<Eigen::CwiseNullaryOp<Eigen::internal::scalar_zero_op<float>, Eigen::Matrix<float, 3, 1, 0, 3, 1> > >(Eigen::Matrix<float, 3, 1, 0, 3, 1>&, Eigen::CwiseNullaryOp<Eigen::internal::scalar_zero_op<float>, Eigen::Matrix<float, 3, 1, 0, 3, 1> > const&)
 .text._ZN5Eigen8internal15eigen_zero_implINS_6MatrixIfLi6ELi1ELi0ELi6ELi1EEELb1EE3runINS_14CwiseNullaryOpINS0_14scalar_zero_opIfEES3_EEEEvRS3_RKT_
                0x080022f8       0x28 ./Core/Src/loop_update.o
                0x080022f8                void Eigen::internal::eigen_zero_impl<Eigen::Matrix<float, 6, 1, 0, 6, 1>, true>::run<Eigen::CwiseNullaryOp<Eigen::internal::scalar_zero_op<float>, Eigen::Matrix<float, 6, 1, 0, 6, 1> > >(Eigen::Matrix<float, 6, 1, 0, 6, 1>&, Eigen::CwiseNullaryOp<Eigen::internal::scalar_zero_op<float>, Eigen::Matrix<float, 6, 1, 0, 6, 1> > const&)
 .text._ZN5Eigen8internal19variable_if_dynamicIiLin1EEC2Ei
                0x08002320       0x1a ./Core/Src/loop_update.o
                0x08002320                Eigen::internal::variable_if_dynamic<int, -1>::variable_if_dynamic(int)
                0x08002320                Eigen::internal::variable_if_dynamic<int, -1>::variable_if_dynamic(int)
 .text._ZN5Eigen8internal17resize_if_allowedINS_6MatrixIfLi3ELi1ELi0ELi3ELi1EEENS_14CwiseNullaryOpINS0_14scalar_zero_opIfEES3_EEffEEvRT_RKT0_RKNS0_9assign_opIT1_T2_EE
                0x0800233a       0x62 ./Core/Src/loop_update.o
                0x0800233a                void Eigen::internal::resize_if_allowed<Eigen::Matrix<float, 3, 1, 0, 3, 1>, Eigen::CwiseNullaryOp<Eigen::internal::scalar_zero_op<float>, Eigen::Matrix<float, 3, 1, 0, 3, 1> >, float, float>(Eigen::Matrix<float, 3, 1, 0, 3, 1>&, Eigen::CwiseNullaryOp<Eigen::internal::scalar_zero_op<float>, Eigen::Matrix<float, 3, 1, 0, 3, 1> > const&, Eigen::internal::assign_op<float, float> const&)
 .text._ZNK5Eigen9EigenBaseINS_6MatrixIfLi3ELi1ELi0ELi3ELi1EEEE4sizeEv
                0x0800239c       0x26 ./Core/Src/loop_update.o
                0x0800239c                Eigen::EigenBase<Eigen::Matrix<float, 3, 1, 0, 3, 1> >::size() const
 .text._ZN5Eigen8internal15eigen_zero_implINS_6MatrixIfLi3ELi1ELi0ELi3ELi1EEELb1EE3runERS3_
                0x080023c2       0x3e ./Core/Src/loop_update.o
                0x080023c2                Eigen::internal::eigen_zero_impl<Eigen::Matrix<float, 3, 1, 0, 3, 1>, true>::run(Eigen::Matrix<float, 3, 1, 0, 3, 1>&)
 .text._ZN5Eigen8internal9evaluatorINS_14CwiseNullaryOpINS0_18scalar_identity_opIfEENS_6MatrixIfLi3ELi3ELi0ELi3ELi3EEEEEEC2ERKS7_
                0x08002400       0x1c ./Core/Src/loop_update.o
                0x08002400                Eigen::internal::evaluator<Eigen::CwiseNullaryOp<Eigen::internal::scalar_identity_op<float>, Eigen::Matrix<float, 3, 3, 0, 3, 3> > >::evaluator(Eigen::CwiseNullaryOp<Eigen::internal::scalar_identity_op<float>, Eigen::Matrix<float, 3, 3, 0, 3, 3> > const&)
                0x08002400                Eigen::internal::evaluator<Eigen::CwiseNullaryOp<Eigen::internal::scalar_identity_op<float>, Eigen::Matrix<float, 3, 3, 0, 3, 3> > >::evaluator(Eigen::CwiseNullaryOp<Eigen::internal::scalar_identity_op<float>, Eigen::Matrix<float, 3, 3, 0, 3, 3> > const&)
 .text._ZN5Eigen8internal17resize_if_allowedINS_6MatrixIfLi3ELi3ELi0ELi3ELi3EEENS_14CwiseNullaryOpINS0_18scalar_identity_opIfEES3_EEffEEvRT_RKT0_RKNS0_9assign_opIT1_T2_EE
                0x0800241c       0x62 ./Core/Src/loop_update.o
                0x0800241c                void Eigen::internal::resize_if_allowed<Eigen::Matrix<float, 3, 3, 0, 3, 3>, Eigen::CwiseNullaryOp<Eigen::internal::scalar_identity_op<float>, Eigen::Matrix<float, 3, 3, 0, 3, 3> >, float, float>(Eigen::Matrix<float, 3, 3, 0, 3, 3>&, Eigen::CwiseNullaryOp<Eigen::internal::scalar_identity_op<float>, Eigen::Matrix<float, 3, 3, 0, 3, 3> > const&, Eigen::internal::assign_op<float, float> const&)
 .text._ZN5Eigen8internal9evaluatorINS_6MatrixIfLi3ELi3ELi0ELi3ELi3EEEEC2ERKS3_
                0x0800247e       0x20 ./Core/Src/loop_update.o
                0x0800247e                Eigen::internal::evaluator<Eigen::Matrix<float, 3, 3, 0, 3, 3> >::evaluator(Eigen::Matrix<float, 3, 3, 0, 3, 3> const&)
                0x0800247e                Eigen::internal::evaluator<Eigen::Matrix<float, 3, 3, 0, 3, 3> >::evaluator(Eigen::Matrix<float, 3, 3, 0, 3, 3> const&)
 .text._ZNK5Eigen9EigenBaseINS_6MatrixIfLi3ELi3ELi0ELi3ELi3EEEE18const_cast_derivedEv
                0x0800249e       0x12 ./Core/Src/loop_update.o
                0x0800249e                Eigen::EigenBase<Eigen::Matrix<float, 3, 3, 0, 3, 3> >::const_cast_derived() const
 .text._ZN5Eigen8internal31generic_dense_assignment_kernelINS0_9evaluatorINS_6MatrixIfLi3ELi3ELi0ELi3ELi3EEEEENS2_INS_14CwiseNullaryOpINS0_18scalar_identity_opIfEES4_EEEENS0_9assign_opIffEELi0EEC2ERS5_RKSA_RKSC_RS4_
                0x080024b0       0x30 ./Core/Src/loop_update.o
                0x080024b0                Eigen::internal::generic_dense_assignment_kernel<Eigen::internal::evaluator<Eigen::Matrix<float, 3, 3, 0, 3, 3> >, Eigen::internal::evaluator<Eigen::CwiseNullaryOp<Eigen::internal::scalar_identity_op<float>, Eigen::Matrix<float, 3, 3, 0, 3, 3> > >, Eigen::internal::assign_op<float, float>, 0>::generic_dense_assignment_kernel(Eigen::internal::evaluator<Eigen::Matrix<float, 3, 3, 0, 3, 3> >&, Eigen::internal::evaluator<Eigen::CwiseNullaryOp<Eigen::internal::scalar_identity_op<float>, Eigen::Matrix<float, 3, 3, 0, 3, 3> > > const&, Eigen::internal::assign_op<float, float> const&, Eigen::Matrix<float, 3, 3, 0, 3, 3>&)
                0x080024b0                Eigen::internal::generic_dense_assignment_kernel<Eigen::internal::evaluator<Eigen::Matrix<float, 3, 3, 0, 3, 3> >, Eigen::internal::evaluator<Eigen::CwiseNullaryOp<Eigen::internal::scalar_identity_op<float>, Eigen::Matrix<float, 3, 3, 0, 3, 3> > >, Eigen::internal::assign_op<float, float>, 0>::generic_dense_assignment_kernel(Eigen::internal::evaluator<Eigen::Matrix<float, 3, 3, 0, 3, 3> >&, Eigen::internal::evaluator<Eigen::CwiseNullaryOp<Eigen::internal::scalar_identity_op<float>, Eigen::Matrix<float, 3, 3, 0, 3, 3> > > const&, Eigen::internal::assign_op<float, float> const&, Eigen::Matrix<float, 3, 3, 0, 3, 3>&)
 .text._ZN5Eigen8internal21dense_assignment_loopINS0_31generic_dense_assignment_kernelINS0_9evaluatorINS_6MatrixIfLi3ELi3ELi0ELi3ELi3EEEEENS3_INS_14CwiseNullaryOpINS0_18scalar_identity_opIfEES5_EEEENS0_9assign_opIffEELi0EEELi0ELi2EE3runERSE_
                0x080024e0       0x18 ./Core/Src/loop_update.o
                0x080024e0                Eigen::internal::dense_assignment_loop<Eigen::internal::generic_dense_assignment_kernel<Eigen::internal::evaluator<Eigen::Matrix<float, 3, 3, 0, 3, 3> >, Eigen::internal::evaluator<Eigen::CwiseNullaryOp<Eigen::internal::scalar_identity_op<float>, Eigen::Matrix<float, 3, 3, 0, 3, 3> > >, Eigen::internal::assign_op<float, float>, 0>, 0, 2>::run(Eigen::internal::generic_dense_assignment_kernel<Eigen::internal::evaluator<Eigen::Matrix<float, 3, 3, 0, 3, 3> >, Eigen::internal::evaluator<Eigen::CwiseNullaryOp<Eigen::internal::scalar_identity_op<float>, Eigen::Matrix<float, 3, 3, 0, 3, 3> > >, Eigen::internal::assign_op<float, float>, 0>&)
 .text._ZN5Eigen8internal17resize_if_allowedINS_6MatrixIfLi6ELi1ELi0ELi6ELi1EEENS_14CwiseNullaryOpINS0_14scalar_zero_opIfEES3_EEffEEvRT_RKT0_RKNS0_9assign_opIT1_T2_EE
                0x080024f8       0x62 ./Core/Src/loop_update.o
                0x080024f8                void Eigen::internal::resize_if_allowed<Eigen::Matrix<float, 6, 1, 0, 6, 1>, Eigen::CwiseNullaryOp<Eigen::internal::scalar_zero_op<float>, Eigen::Matrix<float, 6, 1, 0, 6, 1> >, float, float>(Eigen::Matrix<float, 6, 1, 0, 6, 1>&, Eigen::CwiseNullaryOp<Eigen::internal::scalar_zero_op<float>, Eigen::Matrix<float, 6, 1, 0, 6, 1> > const&, Eigen::internal::assign_op<float, float> const&)
 .text._ZNK5Eigen9EigenBaseINS_6MatrixIfLi6ELi1ELi0ELi6ELi1EEEE4sizeEv
                0x0800255a       0x26 ./Core/Src/loop_update.o
                0x0800255a                Eigen::EigenBase<Eigen::Matrix<float, 6, 1, 0, 6, 1> >::size() const
 .text._ZN5Eigen8internal15eigen_zero_implINS_6MatrixIfLi6ELi1ELi0ELi6ELi1EEELb1EE3runERS3_
                0x08002580       0x3e ./Core/Src/loop_update.o
                0x08002580                Eigen::internal::eigen_zero_impl<Eigen::Matrix<float, 6, 1, 0, 6, 1>, true>::run(Eigen::Matrix<float, 6, 1, 0, 6, 1>&)
 .text._ZN5Eigen8internal9evaluatorINS_5BlockIKNS_14CwiseNullaryOpINS0_18scalar_identity_opIfEENS_6MatrixIfLi3ELi3ELi0ELi3ELi3EEEEELi3ELi1ELb0EEEEC2ERKSA_
                0x080025be       0x20 ./Core/Src/loop_update.o
                0x080025be                Eigen::internal::evaluator<Eigen::Block<Eigen::CwiseNullaryOp<Eigen::internal::scalar_identity_op<float>, Eigen::Matrix<float, 3, 3, 0, 3, 3> > const, 3, 1, false> >::evaluator(Eigen::Block<Eigen::CwiseNullaryOp<Eigen::internal::scalar_identity_op<float>, Eigen::Matrix<float, 3, 3, 0, 3, 3> > const, 3, 1, false> const&)
                0x080025be                Eigen::internal::evaluator<Eigen::Block<Eigen::CwiseNullaryOp<Eigen::internal::scalar_identity_op<float>, Eigen::Matrix<float, 3, 3, 0, 3, 3> > const, 3, 1, false> >::evaluator(Eigen::Block<Eigen::CwiseNullaryOp<Eigen::internal::scalar_identity_op<float>, Eigen::Matrix<float, 3, 3, 0, 3, 3> > const, 3, 1, false> const&)
 .text._ZN5Eigen8internal17resize_if_allowedINS_6MatrixIfLi3ELi1ELi0ELi3ELi1EEENS_5BlockIKNS_14CwiseNullaryOpINS0_18scalar_identity_opIfEENS2_IfLi3ELi3ELi0ELi3ELi3EEEEELi3ELi1ELb0EEEffEEvRT_RKT0_RKNS0_9assign_opIT1_T2_EE
                0x080025de       0x62 ./Core/Src/loop_update.o
                0x080025de                void Eigen::internal::resize_if_allowed<Eigen::Matrix<float, 3, 1, 0, 3, 1>, Eigen::Block<Eigen::CwiseNullaryOp<Eigen::internal::scalar_identity_op<float>, Eigen::Matrix<float, 3, 3, 0, 3, 3> > const, 3, 1, false>, float, float>(Eigen::Matrix<float, 3, 1, 0, 3, 1>&, Eigen::Block<Eigen::CwiseNullaryOp<Eigen::internal::scalar_identity_op<float>, Eigen::Matrix<float, 3, 3, 0, 3, 3> > const, 3, 1, false> const&, Eigen::internal::assign_op<float, float> const&)
 .text._ZN5Eigen8internal9evaluatorINS_6MatrixIfLi3ELi1ELi0ELi3ELi1EEEEC2ERKS3_
                0x08002640       0x20 ./Core/Src/loop_update.o
                0x08002640                Eigen::internal::evaluator<Eigen::Matrix<float, 3, 1, 0, 3, 1> >::evaluator(Eigen::Matrix<float, 3, 1, 0, 3, 1> const&)
                0x08002640                Eigen::internal::evaluator<Eigen::Matrix<float, 3, 1, 0, 3, 1> >::evaluator(Eigen::Matrix<float, 3, 1, 0, 3, 1> const&)
 .text._ZNK5Eigen9EigenBaseINS_6MatrixIfLi3ELi1ELi0ELi3ELi1EEEE18const_cast_derivedEv
                0x08002660       0x12 ./Core/Src/loop_update.o
                0x08002660                Eigen::EigenBase<Eigen::Matrix<float, 3, 1, 0, 3, 1> >::const_cast_derived() const
 .text._ZN5Eigen8internal31generic_dense_assignment_kernelINS0_9evaluatorINS_6MatrixIfLi3ELi1ELi0ELi3ELi1EEEEENS2_INS_5BlockIKNS_14CwiseNullaryOpINS0_18scalar_identity_opIfEENS3_IfLi3ELi3ELi0ELi3ELi3EEEEELi3ELi1ELb0EEEEENS0_9assign_opIffEELi0EEC2ERS5_RKSE_RKSG_RS4_
                0x08002672       0x30 ./Core/Src/loop_update.o
                0x08002672                Eigen::internal::generic_dense_assignment_kernel<Eigen::internal::evaluator<Eigen::Matrix<float, 3, 1, 0, 3, 1> >, Eigen::internal::evaluator<Eigen::Block<Eigen::CwiseNullaryOp<Eigen::internal::scalar_identity_op<float>, Eigen::Matrix<float, 3, 3, 0, 3, 3> > const, 3, 1, false> >, Eigen::internal::assign_op<float, float>, 0>::generic_dense_assignment_kernel(Eigen::internal::evaluator<Eigen::Matrix<float, 3, 1, 0, 3, 1> >&, Eigen::internal::evaluator<Eigen::Block<Eigen::CwiseNullaryOp<Eigen::internal::scalar_identity_op<float>, Eigen::Matrix<float, 3, 3, 0, 3, 3> > const, 3, 1, false> > const&, Eigen::internal::assign_op<float, float> const&, Eigen::Matrix<float, 3, 1, 0, 3, 1>&)
                0x08002672                Eigen::internal::generic_dense_assignment_kernel<Eigen::internal::evaluator<Eigen::Matrix<float, 3, 1, 0, 3, 1> >, Eigen::internal::evaluator<Eigen::Block<Eigen::CwiseNullaryOp<Eigen::internal::scalar_identity_op<float>, Eigen::Matrix<float, 3, 3, 0, 3, 3> > const, 3, 1, false> >, Eigen::internal::assign_op<float, float>, 0>::generic_dense_assignment_kernel(Eigen::internal::evaluator<Eigen::Matrix<float, 3, 1, 0, 3, 1> >&, Eigen::internal::evaluator<Eigen::Block<Eigen::CwiseNullaryOp<Eigen::internal::scalar_identity_op<float>, Eigen::Matrix<float, 3, 3, 0, 3, 3> > const, 3, 1, false> > const&, Eigen::internal::assign_op<float, float> const&, Eigen::Matrix<float, 3, 1, 0, 3, 1>&)
 .text._ZN5Eigen8internal21dense_assignment_loopINS0_31generic_dense_assignment_kernelINS0_9evaluatorINS_6MatrixIfLi3ELi1ELi0ELi3ELi1EEEEENS3_INS_5BlockIKNS_14CwiseNullaryOpINS0_18scalar_identity_opIfEENS4_IfLi3ELi3ELi0ELi3ELi3EEEEELi3ELi1ELb0EEEEENS0_9assign_opIffEELi0EEELi1ELi2EE3runERSI_
                0x080026a2       0x18 ./Core/Src/loop_update.o
                0x080026a2                Eigen::internal::dense_assignment_loop<Eigen::internal::generic_dense_assignment_kernel<Eigen::internal::evaluator<Eigen::Matrix<float, 3, 1, 0, 3, 1> >, Eigen::internal::evaluator<Eigen::Block<Eigen::CwiseNullaryOp<Eigen::internal::scalar_identity_op<float>, Eigen::Matrix<float, 3, 3, 0, 3, 3> > const, 3, 1, false> >, Eigen::internal::assign_op<float, float>, 0>, 1, 2>::run(Eigen::internal::generic_dense_assignment_kernel<Eigen::internal::evaluator<Eigen::Matrix<float, 3, 1, 0, 3, 1> >, Eigen::internal::evaluator<Eigen::Block<Eigen::CwiseNullaryOp<Eigen::internal::scalar_identity_op<float>, Eigen::Matrix<float, 3, 3, 0, 3, 3> > const, 3, 1, false> >, Eigen::internal::assign_op<float, float>, 0>&)
 .text._ZNK5Eigen15PlainObjectBaseINS_6MatrixIfLi3ELi1ELi0ELi3ELi1EEEE4rowsEv
                0x080026ba       0x1a ./Core/Src/loop_update.o
                0x080026ba                Eigen::PlainObjectBase<Eigen::Matrix<float, 3, 1, 0, 3, 1> >::rows() const
 .text._ZNK5Eigen15PlainObjectBaseINS_6MatrixIfLi3ELi1ELi0ELi3ELi1EEEE4colsEv
                0x080026d4       0x1a ./Core/Src/loop_update.o
                0x080026d4                Eigen::PlainObjectBase<Eigen::Matrix<float, 3, 1, 0, 3, 1> >::cols() const
 .text._ZNK5Eigen9EigenBaseINS_6MatrixIfLi3ELi1ELi0ELi3ELi1EEEE4rowsEv
                0x080026ee       0x22 ./Core/Src/loop_update.o
                0x080026ee                Eigen::EigenBase<Eigen::Matrix<float, 3, 1, 0, 3, 1> >::rows() const
 .text._ZNK5Eigen9EigenBaseINS_6MatrixIfLi3ELi1ELi0ELi3ELi1EEEE4colsEv
                0x08002710       0x22 ./Core/Src/loop_update.o
                0x08002710                Eigen::EigenBase<Eigen::Matrix<float, 3, 1, 0, 3, 1> >::cols() const
 .text._ZN5Eigen15PlainObjectBaseINS_6MatrixIfLi3ELi1ELi0ELi3ELi1EEEE4dataEv
                0x08002732       0x1a ./Core/Src/loop_update.o
                0x08002732                Eigen::PlainObjectBase<Eigen::Matrix<float, 3, 1, 0, 3, 1> >::data()
 .text._ZNK5Eigen14CwiseNullaryOpINS_8internal18scalar_identity_opIfEENS_6MatrixIfLi3ELi3ELi0ELi3ELi3EEEE7functorEv
                0x0800274c       0x14 ./Core/Src/loop_update.o
                0x0800274c                Eigen::CwiseNullaryOp<Eigen::internal::scalar_identity_op<float>, Eigen::Matrix<float, 3, 3, 0, 3, 3> >::functor() const
 .text._ZNK5Eigen15PlainObjectBaseINS_6MatrixIfLi3ELi3ELi0ELi3ELi3EEEE4rowsEv
                0x08002760       0x1a ./Core/Src/loop_update.o
                0x08002760                Eigen::PlainObjectBase<Eigen::Matrix<float, 3, 3, 0, 3, 3> >::rows() const
 .text._ZNK5Eigen15PlainObjectBaseINS_6MatrixIfLi3ELi3ELi0ELi3ELi3EEEE4colsEv
                0x0800277a       0x1a ./Core/Src/loop_update.o
                0x0800277a                Eigen::PlainObjectBase<Eigen::Matrix<float, 3, 3, 0, 3, 3> >::cols() const
 .text._ZN5Eigen8internal9evaluatorINS_15PlainObjectBaseINS_6MatrixIfLi3ELi3ELi0ELi3ELi3EEEEEEC2ERKS5_
                0x08002794       0x34 ./Core/Src/loop_update.o
                0x08002794                Eigen::internal::evaluator<Eigen::PlainObjectBase<Eigen::Matrix<float, 3, 3, 0, 3, 3> > >::evaluator(Eigen::PlainObjectBase<Eigen::Matrix<float, 3, 3, 0, 3, 3> > const&)
                0x08002794                Eigen::internal::evaluator<Eigen::PlainObjectBase<Eigen::Matrix<float, 3, 3, 0, 3, 3> > >::evaluator(Eigen::PlainObjectBase<Eigen::Matrix<float, 3, 3, 0, 3, 3> > const&)
 .text._ZN5Eigen8internal26dense_assignment_loop_implINS0_31generic_dense_assignment_kernelINS0_9evaluatorINS_6MatrixIfLi3ELi3ELi0ELi3ELi3EEEEENS3_INS_14CwiseNullaryOpINS0_18scalar_identity_opIfEES5_EEEENS0_9assign_opIffEELi0EEELi0ELi2EE3runERSE_
                0x080027c8       0x18 ./Core/Src/loop_update.o
                0x080027c8                Eigen::internal::dense_assignment_loop_impl<Eigen::internal::generic_dense_assignment_kernel<Eigen::internal::evaluator<Eigen::Matrix<float, 3, 3, 0, 3, 3> >, Eigen::internal::evaluator<Eigen::CwiseNullaryOp<Eigen::internal::scalar_identity_op<float>, Eigen::Matrix<float, 3, 3, 0, 3, 3> > >, Eigen::internal::assign_op<float, float>, 0>, 0, 2>::run(Eigen::internal::generic_dense_assignment_kernel<Eigen::internal::evaluator<Eigen::Matrix<float, 3, 3, 0, 3, 3> >, Eigen::internal::evaluator<Eigen::CwiseNullaryOp<Eigen::internal::scalar_identity_op<float>, Eigen::Matrix<float, 3, 3, 0, 3, 3> > >, Eigen::internal::assign_op<float, float>, 0>&)
 .text._ZNK5Eigen15PlainObjectBaseINS_6MatrixIfLi6ELi1ELi0ELi6ELi1EEEE4rowsEv
                0x080027e0       0x1a ./Core/Src/loop_update.o
                0x080027e0                Eigen::PlainObjectBase<Eigen::Matrix<float, 6, 1, 0, 6, 1> >::rows() const
 .text._ZNK5Eigen15PlainObjectBaseINS_6MatrixIfLi6ELi1ELi0ELi6ELi1EEEE4colsEv
                0x080027fa       0x1a ./Core/Src/loop_update.o
                0x080027fa                Eigen::PlainObjectBase<Eigen::Matrix<float, 6, 1, 0, 6, 1> >::cols() const
 .text._ZNK5Eigen9EigenBaseINS_6MatrixIfLi6ELi1ELi0ELi6ELi1EEEE4rowsEv
                0x08002814       0x22 ./Core/Src/loop_update.o
                0x08002814                Eigen::EigenBase<Eigen::Matrix<float, 6, 1, 0, 6, 1> >::rows() const
 .text._ZNK5Eigen9EigenBaseINS_6MatrixIfLi6ELi1ELi0ELi6ELi1EEEE4colsEv
                0x08002836       0x22 ./Core/Src/loop_update.o
                0x08002836                Eigen::EigenBase<Eigen::Matrix<float, 6, 1, 0, 6, 1> >::cols() const
 .text._ZN5Eigen15PlainObjectBaseINS_6MatrixIfLi6ELi1ELi0ELi6ELi1EEEE4dataEv
                0x08002858       0x1a ./Core/Src/loop_update.o
                0x08002858                Eigen::PlainObjectBase<Eigen::Matrix<float, 6, 1, 0, 6, 1> >::data()
 .text._ZN5Eigen8internal15block_evaluatorIKNS_14CwiseNullaryOpINS0_18scalar_identity_opIfEENS_6MatrixIfLi3ELi3ELi0ELi3ELi3EEEEELi3ELi1ELb0ELb0EEC2ERKNS_5BlockIS8_Li3ELi1ELb0EEE
                0x08002872       0x20 ./Core/Src/loop_update.o
                0x08002872                Eigen::internal::block_evaluator<Eigen::CwiseNullaryOp<Eigen::internal::scalar_identity_op<float>, Eigen::Matrix<float, 3, 3, 0, 3, 3> > const, 3, 1, false, false>::block_evaluator(Eigen::Block<Eigen::CwiseNullaryOp<Eigen::internal::scalar_identity_op<float>, Eigen::Matrix<float, 3, 3, 0, 3, 3> > const, 3, 1, false> const&)
                0x08002872                Eigen::internal::block_evaluator<Eigen::CwiseNullaryOp<Eigen::internal::scalar_identity_op<float>, Eigen::Matrix<float, 3, 3, 0, 3, 3> > const, 3, 1, false, false>::block_evaluator(Eigen::Block<Eigen::CwiseNullaryOp<Eigen::internal::scalar_identity_op<float>, Eigen::Matrix<float, 3, 3, 0, 3, 3> > const, 3, 1, false> const&)
 .text._ZN5Eigen8internal9evaluatorINS_15PlainObjectBaseINS_6MatrixIfLi3ELi1ELi0ELi3ELi1EEEEEEC2ERKS5_
                0x08002892       0x2a ./Core/Src/loop_update.o
                0x08002892                Eigen::internal::evaluator<Eigen::PlainObjectBase<Eigen::Matrix<float, 3, 1, 0, 3, 1> > >::evaluator(Eigen::PlainObjectBase<Eigen::Matrix<float, 3, 1, 0, 3, 1> > const&)
                0x08002892                Eigen::internal::evaluator<Eigen::PlainObjectBase<Eigen::Matrix<float, 3, 1, 0, 3, 1> > >::evaluator(Eigen::PlainObjectBase<Eigen::Matrix<float, 3, 1, 0, 3, 1> > const&)
 .text._ZN5Eigen8internal26dense_assignment_loop_implINS0_31generic_dense_assignment_kernelINS0_9evaluatorINS_6MatrixIfLi3ELi1ELi0ELi3ELi1EEEEENS3_INS_5BlockIKNS_14CwiseNullaryOpINS0_18scalar_identity_opIfEENS4_IfLi3ELi3ELi0ELi3ELi3EEEEELi3ELi1ELb0EEEEENS0_9assign_opIffEELi0EEELi1ELi2EE3runERSI_
                0x080028bc       0x18 ./Core/Src/loop_update.o
                0x080028bc                Eigen::internal::dense_assignment_loop_impl<Eigen::internal::generic_dense_assignment_kernel<Eigen::internal::evaluator<Eigen::Matrix<float, 3, 1, 0, 3, 1> >, Eigen::internal::evaluator<Eigen::Block<Eigen::CwiseNullaryOp<Eigen::internal::scalar_identity_op<float>, Eigen::Matrix<float, 3, 3, 0, 3, 3> > const, 3, 1, false> >, Eigen::internal::assign_op<float, float>, 0>, 1, 2>::run(Eigen::internal::generic_dense_assignment_kernel<Eigen::internal::evaluator<Eigen::Matrix<float, 3, 1, 0, 3, 1> >, Eigen::internal::evaluator<Eigen::Block<Eigen::CwiseNullaryOp<Eigen::internal::scalar_identity_op<float>, Eigen::Matrix<float, 3, 3, 0, 3, 3> > const, 3, 1, false> >, Eigen::internal::assign_op<float, float>, 0>&)
 .text._ZNK5Eigen8internal17DenseStorage_implIfLi3ELi3ELi1ELi0EE4rowsEv
                0x080028d4       0x12 ./Core/Src/loop_update.o
                0x080028d4                Eigen::internal::DenseStorage_impl<float, 3, 3, 1, 0>::rows() const
 .text._ZNK5Eigen8internal17DenseStorage_implIfLi3ELi3ELi1ELi0EE4colsEv
                0x080028e6       0x12 ./Core/Src/loop_update.o
                0x080028e6                Eigen::internal::DenseStorage_impl<float, 3, 3, 1, 0>::cols() const
 .text._ZNK5Eigen9EigenBaseINS_6MatrixIfLi3ELi1ELi0ELi3ELi1EEEE7derivedEv
                0x080028f8       0x12 ./Core/Src/loop_update.o
                0x080028f8                Eigen::EigenBase<Eigen::Matrix<float, 3, 1, 0, 3, 1> >::derived() const
 .text._ZNK5Eigen8internal17DenseStorage_implIfLi9ELi3ELi3ELi0EE4rowsEv
                0x0800290a       0x12 ./Core/Src/loop_update.o
                0x0800290a                Eigen::internal::DenseStorage_impl<float, 9, 3, 3, 0>::rows() const
 .text._ZNK5Eigen8internal17DenseStorage_implIfLi9ELi3ELi3ELi0EE4colsEv
                0x0800291c       0x12 ./Core/Src/loop_update.o
                0x0800291c                Eigen::internal::DenseStorage_impl<float, 9, 3, 3, 0>::cols() const
 .text._ZNK5Eigen15PlainObjectBaseINS_6MatrixIfLi3ELi3ELi0ELi3ELi3EEEE4dataEv
                0x0800292e       0x1a ./Core/Src/loop_update.o
                0x0800292e                Eigen::PlainObjectBase<Eigen::Matrix<float, 3, 3, 0, 3, 3> >::data() const
 .text._ZNK5Eigen15DenseCoeffsBaseINS_6MatrixIfLi3ELi3ELi0ELi3ELi3EEELi3EE11outerStrideEv
                0x08002948       0x22 ./Core/Src/loop_update.o
                0x08002948                Eigen::DenseCoeffsBase<Eigen::Matrix<float, 3, 3, 0, 3, 3>, 3>::outerStride() const
 .text._ZN5Eigen8internal30plainobjectbase_evaluator_dataIfLi3EEC2EPKfi
                0x0800296a       0x24 ./Core/Src/loop_update.o
                0x0800296a                Eigen::internal::plainobjectbase_evaluator_data<float, 3>::plainobjectbase_evaluator_data(float const*, int)
                0x0800296a                Eigen::internal::plainobjectbase_evaluator_data<float, 3>::plainobjectbase_evaluator_data(float const*, int)
 .text._ZN5Eigen8internal55copy_using_evaluator_DefaultTraversal_CompleteUnrollingINS0_31generic_dense_assignment_kernelINS0_9evaluatorINS_6MatrixIfLi3ELi3ELi0ELi3ELi3EEEEENS3_INS_14CwiseNullaryOpINS0_18scalar_identity_opIfEES5_EEEENS0_9assign_opIffEELi0EEELi0ELi9EE3runERSE_
                0x0800298e       0x24 ./Core/Src/loop_update.o
                0x0800298e                Eigen::internal::copy_using_evaluator_DefaultTraversal_CompleteUnrolling<Eigen::internal::generic_dense_assignment_kernel<Eigen::internal::evaluator<Eigen::Matrix<float, 3, 3, 0, 3, 3> >, Eigen::internal::evaluator<Eigen::CwiseNullaryOp<Eigen::internal::scalar_identity_op<float>, Eigen::Matrix<float, 3, 3, 0, 3, 3> > >, Eigen::internal::assign_op<float, float>, 0>, 0, 9>::run(Eigen::internal::generic_dense_assignment_kernel<Eigen::internal::evaluator<Eigen::Matrix<float, 3, 3, 0, 3, 3> >, Eigen::internal::evaluator<Eigen::CwiseNullaryOp<Eigen::internal::scalar_identity_op<float>, Eigen::Matrix<float, 3, 3, 0, 3, 3> > >, Eigen::internal::assign_op<float, float>, 0>&)
 .text._ZNK5Eigen8internal17DenseStorage_implIfLi6ELi6ELi1ELi0EE4rowsEv
                0x080029b2       0x12 ./Core/Src/loop_update.o
                0x080029b2                Eigen::internal::DenseStorage_impl<float, 6, 6, 1, 0>::rows() const
 .text._ZNK5Eigen8internal17DenseStorage_implIfLi6ELi6ELi1ELi0EE4colsEv
                0x080029c4       0x12 ./Core/Src/loop_update.o
                0x080029c4                Eigen::internal::DenseStorage_impl<float, 6, 6, 1, 0>::cols() const
 .text._ZNK5Eigen9EigenBaseINS_6MatrixIfLi6ELi1ELi0ELi6ELi1EEEE7derivedEv
                0x080029d6       0x12 ./Core/Src/loop_update.o
                0x080029d6                Eigen::EigenBase<Eigen::Matrix<float, 6, 1, 0, 6, 1> >::derived() const
 .text._ZN5Eigen8internal17DenseStorage_implIfLi6ELi6ELi1ELi0EE4dataEv
                0x080029e8       0x12 ./Core/Src/loop_update.o
                0x080029e8                Eigen::internal::DenseStorage_impl<float, 6, 6, 1, 0>::data()
 .text._ZN5Eigen8internal15unary_evaluatorINS_5BlockIKNS_14CwiseNullaryOpINS0_18scalar_identity_opIfEENS_6MatrixIfLi3ELi3ELi0ELi3ELi3EEEEELi3ELi1ELb0EEENS0_10IndexBasedEfEC2ERKSA_
                0x080029fa       0x62 ./Core/Src/loop_update.o
                0x080029fa                Eigen::internal::unary_evaluator<Eigen::Block<Eigen::CwiseNullaryOp<Eigen::internal::scalar_identity_op<float>, Eigen::Matrix<float, 3, 3, 0, 3, 3> > const, 3, 1, false>, Eigen::internal::IndexBased, float>::unary_evaluator(Eigen::Block<Eigen::CwiseNullaryOp<Eigen::internal::scalar_identity_op<float>, Eigen::Matrix<float, 3, 3, 0, 3, 3> > const, 3, 1, false> const&)
                0x080029fa                Eigen::internal::unary_evaluator<Eigen::Block<Eigen::CwiseNullaryOp<Eigen::internal::scalar_identity_op<float>, Eigen::Matrix<float, 3, 3, 0, 3, 3> > const, 3, 1, false>, Eigen::internal::IndexBased, float>::unary_evaluator(Eigen::Block<Eigen::CwiseNullaryOp<Eigen::internal::scalar_identity_op<float>, Eigen::Matrix<float, 3, 3, 0, 3, 3> > const, 3, 1, false> const&)
 .text._ZNK5Eigen15PlainObjectBaseINS_6MatrixIfLi3ELi1ELi0ELi3ELi1EEEE4dataEv
                0x08002a5c       0x1a ./Core/Src/loop_update.o
                0x08002a5c                Eigen::PlainObjectBase<Eigen::Matrix<float, 3, 1, 0, 3, 1> >::data() const
 .text._ZN5Eigen8internal30plainobjectbase_evaluator_dataIfLi0EEC2EPKfi
                0x08002a76       0x24 ./Core/Src/loop_update.o
                0x08002a76                Eigen::internal::plainobjectbase_evaluator_data<float, 0>::plainobjectbase_evaluator_data(float const*, int)
                0x08002a76                Eigen::internal::plainobjectbase_evaluator_data<float, 0>::plainobjectbase_evaluator_data(float const*, int)
 .text._ZN5Eigen8internal54copy_using_evaluator_LinearTraversal_CompleteUnrollingINS0_31generic_dense_assignment_kernelINS0_9evaluatorINS_6MatrixIfLi3ELi1ELi0ELi3ELi1EEEEENS3_INS_5BlockIKNS_14CwiseNullaryOpINS0_18scalar_identity_opIfEENS4_IfLi3ELi3ELi0ELi3ELi3EEEEELi3ELi1ELb0EEEEENS0_9assign_opIffEELi0EEELi0ELi3EE3runERSI_
                0x08002a9a       0x22 ./Core/Src/loop_update.o
                0x08002a9a                Eigen::internal::copy_using_evaluator_LinearTraversal_CompleteUnrolling<Eigen::internal::generic_dense_assignment_kernel<Eigen::internal::evaluator<Eigen::Matrix<float, 3, 1, 0, 3, 1> >, Eigen::internal::evaluator<Eigen::Block<Eigen::CwiseNullaryOp<Eigen::internal::scalar_identity_op<float>, Eigen::Matrix<float, 3, 3, 0, 3, 3> > const, 3, 1, false> >, Eigen::internal::assign_op<float, float>, 0>, 0, 3>::run(Eigen::internal::generic_dense_assignment_kernel<Eigen::internal::evaluator<Eigen::Matrix<float, 3, 1, 0, 3, 1> >, Eigen::internal::evaluator<Eigen::Block<Eigen::CwiseNullaryOp<Eigen::internal::scalar_identity_op<float>, Eigen::Matrix<float, 3, 3, 0, 3, 3> > const, 3, 1, false> >, Eigen::internal::assign_op<float, float>, 0>&)
 .text._ZNK5Eigen8internal17DenseStorage_implIfLi9ELi3ELi3ELi0EE4dataEv
                0x08002abc       0x12 ./Core/Src/loop_update.o
                0x08002abc                Eigen::internal::DenseStorage_impl<float, 9, 3, 3, 0>::data() const
 .text._ZNK5Eigen9EigenBaseINS_6MatrixIfLi3ELi3ELi0ELi3ELi3EEEE7derivedEv
                0x08002ace       0x12 ./Core/Src/loop_update.o
                0x08002ace                Eigen::EigenBase<Eigen::Matrix<float, 3, 3, 0, 3, 3> >::derived() const
 .text._ZNK5Eigen6MatrixIfLi3ELi3ELi0ELi3ELi3EE11outerStrideEv
                0x08002ae0       0x1a ./Core/Src/loop_update.o
                0x08002ae0                Eigen::Matrix<float, 3, 3, 0, 3, 3>::outerStride() const
 .text._ZN5Eigen8internal31generic_dense_assignment_kernelINS0_9evaluatorINS_6MatrixIfLi3ELi3ELi0ELi3ELi3EEEEENS2_INS_14CwiseNullaryOpINS0_18scalar_identity_opIfEES4_EEEENS0_9assign_opIffEELi0EE23assignCoeffByOuterInnerEii
                0x08002afa       0x40 ./Core/Src/loop_update.o
                0x08002afa                Eigen::internal::generic_dense_assignment_kernel<Eigen::internal::evaluator<Eigen::Matrix<float, 3, 3, 0, 3, 3> >, Eigen::internal::evaluator<Eigen::CwiseNullaryOp<Eigen::internal::scalar_identity_op<float>, Eigen::Matrix<float, 3, 3, 0, 3, 3> > >, Eigen::internal::assign_op<float, float>, 0>::assignCoeffByOuterInner(int, int)
 .text._ZN5Eigen8internal55copy_using_evaluator_DefaultTraversal_CompleteUnrollingINS0_31generic_dense_assignment_kernelINS0_9evaluatorINS_6MatrixIfLi3ELi3ELi0ELi3ELi3EEEEENS3_INS_14CwiseNullaryOpINS0_18scalar_identity_opIfEES5_EEEENS0_9assign_opIffEELi0EEELi1ELi9EE3runERSE_
                0x08002b3a       0x24 ./Core/Src/loop_update.o
                0x08002b3a                Eigen::internal::copy_using_evaluator_DefaultTraversal_CompleteUnrolling<Eigen::internal::generic_dense_assignment_kernel<Eigen::internal::evaluator<Eigen::Matrix<float, 3, 3, 0, 3, 3> >, Eigen::internal::evaluator<Eigen::CwiseNullaryOp<Eigen::internal::scalar_identity_op<float>, Eigen::Matrix<float, 3, 3, 0, 3, 3> > >, Eigen::internal::assign_op<float, float>, 0>, 1, 9>::run(Eigen::internal::generic_dense_assignment_kernel<Eigen::internal::evaluator<Eigen::Matrix<float, 3, 3, 0, 3, 3> >, Eigen::internal::evaluator<Eigen::CwiseNullaryOp<Eigen::internal::scalar_identity_op<float>, Eigen::Matrix<float, 3, 3, 0, 3, 3> > >, Eigen::internal::assign_op<float, float>, 0>&)
 .text._ZNK5Eigen8internal15BlockImpl_denseIKNS_14CwiseNullaryOpINS0_18scalar_identity_opIfEENS_6MatrixIfLi3ELi3ELi0ELi3ELi3EEEEELi3ELi1ELb0ELb0EE16nestedExpressionEv
                0x08002b5e       0x12 ./Core/Src/loop_update.o
                0x08002b5e                Eigen::internal::BlockImpl_dense<Eigen::CwiseNullaryOp<Eigen::internal::scalar_identity_op<float>, Eigen::Matrix<float, 3, 3, 0, 3, 3> > const, 3, 1, false, false>::nestedExpression() const
 .text._ZNK5Eigen8internal15BlockImpl_denseIKNS_14CwiseNullaryOpINS0_18scalar_identity_opIfEENS_6MatrixIfLi3ELi3ELi0ELi3ELi3EEEEELi3ELi1ELb0ELb0EE8startRowEv
                0x08002b70       0x1c ./Core/Src/loop_update.o
                0x08002b70                Eigen::internal::BlockImpl_dense<Eigen::CwiseNullaryOp<Eigen::internal::scalar_identity_op<float>, Eigen::Matrix<float, 3, 3, 0, 3, 3> > const, 3, 1, false, false>::startRow() const
 .text._ZNK5Eigen8internal15BlockImpl_denseIKNS_14CwiseNullaryOpINS0_18scalar_identity_opIfEENS_6MatrixIfLi3ELi3ELi0ELi3ELi3EEEEELi3ELi1ELb0ELb0EE8startColEv
                0x08002b8c       0x1c ./Core/Src/loop_update.o
                0x08002b8c                Eigen::internal::BlockImpl_dense<Eigen::CwiseNullaryOp<Eigen::internal::scalar_identity_op<float>, Eigen::Matrix<float, 3, 3, 0, 3, 3> > const, 3, 1, false, false>::startCol() const
 .text._ZN5Eigen8internal9evaluatorIKNS_14CwiseNullaryOpINS0_18scalar_identity_opIfEENS_6MatrixIfLi3ELi3ELi0ELi3ELi3EEEEEEC2ERS8_
                0x08002ba8       0x20 ./Core/Src/loop_update.o
                0x08002ba8                Eigen::internal::evaluator<Eigen::CwiseNullaryOp<Eigen::internal::scalar_identity_op<float>, Eigen::Matrix<float, 3, 3, 0, 3, 3> > const>::evaluator(Eigen::CwiseNullaryOp<Eigen::internal::scalar_identity_op<float>, Eigen::Matrix<float, 3, 3, 0, 3, 3> > const&)
                0x08002ba8                Eigen::internal::evaluator<Eigen::CwiseNullaryOp<Eigen::internal::scalar_identity_op<float>, Eigen::Matrix<float, 3, 3, 0, 3, 3> > const>::evaluator(Eigen::CwiseNullaryOp<Eigen::internal::scalar_identity_op<float>, Eigen::Matrix<float, 3, 3, 0, 3, 3> > const&)
 .text._ZN5Eigen8internal19variable_if_dynamicIiLi0EEC2Ei
                0x08002bc8       0x1c ./Core/Src/loop_update.o
                0x08002bc8                Eigen::internal::variable_if_dynamic<int, 0>::variable_if_dynamic(int)
                0x08002bc8                Eigen::internal::variable_if_dynamic<int, 0>::variable_if_dynamic(int)
 .text._ZNK5Eigen8internal17DenseStorage_implIfLi3ELi3ELi1ELi0EE4dataEv
                0x08002be4       0x12 ./Core/Src/loop_update.o
                0x08002be4                Eigen::internal::DenseStorage_impl<float, 3, 3, 1, 0>::data() const
 .text._ZN5Eigen8internal31generic_dense_assignment_kernelINS0_9evaluatorINS_6MatrixIfLi3ELi1ELi0ELi3ELi1EEEEENS2_INS_5BlockIKNS_14CwiseNullaryOpINS0_18scalar_identity_opIfEENS3_IfLi3ELi3ELi0ELi3ELi3EEEEELi3ELi1ELb0EEEEENS0_9assign_opIffEELi0EE11assignCoeffEi
                0x08002bf6       0x4a ./Core/Src/loop_update.o
                0x08002bf6                Eigen::internal::generic_dense_assignment_kernel<Eigen::internal::evaluator<Eigen::Matrix<float, 3, 1, 0, 3, 1> >, Eigen::internal::evaluator<Eigen::Block<Eigen::CwiseNullaryOp<Eigen::internal::scalar_identity_op<float>, Eigen::Matrix<float, 3, 3, 0, 3, 3> > const, 3, 1, false> >, Eigen::internal::assign_op<float, float>, 0>::assignCoeff(int)
 .text._ZN5Eigen8internal54copy_using_evaluator_LinearTraversal_CompleteUnrollingINS0_31generic_dense_assignment_kernelINS0_9evaluatorINS_6MatrixIfLi3ELi1ELi0ELi3ELi1EEEEENS3_INS_5BlockIKNS_14CwiseNullaryOpINS0_18scalar_identity_opIfEENS4_IfLi3ELi3ELi0ELi3ELi3EEEEELi3ELi1ELb0EEEEENS0_9assign_opIffEELi0EEELi1ELi3EE3runERSI_
                0x08002c40       0x22 ./Core/Src/loop_update.o
                0x08002c40                Eigen::internal::copy_using_evaluator_LinearTraversal_CompleteUnrolling<Eigen::internal::generic_dense_assignment_kernel<Eigen::internal::evaluator<Eigen::Matrix<float, 3, 1, 0, 3, 1> >, Eigen::internal::evaluator<Eigen::Block<Eigen::CwiseNullaryOp<Eigen::internal::scalar_identity_op<float>, Eigen::Matrix<float, 3, 3, 0, 3, 3> > const, 3, 1, false> >, Eigen::internal::assign_op<float, float>, 0>, 1, 3>::run(Eigen::internal::generic_dense_assignment_kernel<Eigen::internal::evaluator<Eigen::Matrix<float, 3, 1, 0, 3, 1> >, Eigen::internal::evaluator<Eigen::Block<Eigen::CwiseNullaryOp<Eigen::internal::scalar_identity_op<float>, Eigen::Matrix<float, 3, 3, 0, 3, 3> > const, 3, 1, false> >, Eigen::internal::assign_op<float, float>, 0>&)
 .text._ZNK5Eigen9DenseBaseINS_6MatrixIfLi3ELi3ELi0ELi3ELi3EEEE9innerSizeEv
                0x08002c62       0x1a ./Core/Src/loop_update.o
                0x08002c62                Eigen::DenseBase<Eigen::Matrix<float, 3, 3, 0, 3, 3> >::innerSize() const
 .text._ZN5Eigen8internal31generic_dense_assignment_kernelINS0_9evaluatorINS_6MatrixIfLi3ELi3ELi0ELi3ELi3EEEEENS2_INS_14CwiseNullaryOpINS0_18scalar_identity_opIfEES4_EEEENS0_9assign_opIffEELi0EE20rowIndexByOuterInnerEii
                0x08002c7c       0x14 ./Core/Src/loop_update.o
                0x08002c7c                Eigen::internal::generic_dense_assignment_kernel<Eigen::internal::evaluator<Eigen::Matrix<float, 3, 3, 0, 3, 3> >, Eigen::internal::evaluator<Eigen::CwiseNullaryOp<Eigen::internal::scalar_identity_op<float>, Eigen::Matrix<float, 3, 3, 0, 3, 3> > >, Eigen::internal::assign_op<float, float>, 0>::rowIndexByOuterInner(int, int)
 .text._ZN5Eigen8internal31generic_dense_assignment_kernelINS0_9evaluatorINS_6MatrixIfLi3ELi3ELi0ELi3ELi3EEEEENS2_INS_14CwiseNullaryOpINS0_18scalar_identity_opIfEES4_EEEENS0_9assign_opIffEELi0EE20colIndexByOuterInnerEii
                0x08002c90       0x14 ./Core/Src/loop_update.o
                0x08002c90                Eigen::internal::generic_dense_assignment_kernel<Eigen::internal::evaluator<Eigen::Matrix<float, 3, 3, 0, 3, 3> >, Eigen::internal::evaluator<Eigen::CwiseNullaryOp<Eigen::internal::scalar_identity_op<float>, Eigen::Matrix<float, 3, 3, 0, 3, 3> > >, Eigen::internal::assign_op<float, float>, 0>::colIndexByOuterInner(int, int)
 .text._ZN5Eigen8internal31generic_dense_assignment_kernelINS0_9evaluatorINS_6MatrixIfLi3ELi3ELi0ELi3ELi3EEEEENS2_INS_14CwiseNullaryOpINS0_18scalar_identity_opIfEES4_EEEENS0_9assign_opIffEELi0EE11assignCoeffEii
                0x08002ca4       0x4a ./Core/Src/loop_update.o
                0x08002ca4                Eigen::internal::generic_dense_assignment_kernel<Eigen::internal::evaluator<Eigen::Matrix<float, 3, 3, 0, 3, 3> >, Eigen::internal::evaluator<Eigen::CwiseNullaryOp<Eigen::internal::scalar_identity_op<float>, Eigen::Matrix<float, 3, 3, 0, 3, 3> > >, Eigen::internal::assign_op<float, float>, 0>::assignCoeff(int, int)
 .text._ZN5Eigen8internal55copy_using_evaluator_DefaultTraversal_CompleteUnrollingINS0_31generic_dense_assignment_kernelINS0_9evaluatorINS_6MatrixIfLi3ELi3ELi0ELi3ELi3EEEEENS3_INS_14CwiseNullaryOpINS0_18scalar_identity_opIfEES5_EEEENS0_9assign_opIffEELi0EEELi2ELi9EE3runERSE_
                0x08002cee       0x24 ./Core/Src/loop_update.o
                0x08002cee                Eigen::internal::copy_using_evaluator_DefaultTraversal_CompleteUnrolling<Eigen::internal::generic_dense_assignment_kernel<Eigen::internal::evaluator<Eigen::Matrix<float, 3, 3, 0, 3, 3> >, Eigen::internal::evaluator<Eigen::CwiseNullaryOp<Eigen::internal::scalar_identity_op<float>, Eigen::Matrix<float, 3, 3, 0, 3, 3> > >, Eigen::internal::assign_op<float, float>, 0>, 2, 9>::run(Eigen::internal::generic_dense_assignment_kernel<Eigen::internal::evaluator<Eigen::Matrix<float, 3, 3, 0, 3, 3> >, Eigen::internal::evaluator<Eigen::CwiseNullaryOp<Eigen::internal::scalar_identity_op<float>, Eigen::Matrix<float, 3, 3, 0, 3, 3> > >, Eigen::internal::assign_op<float, float>, 0>&)
 .text._ZNK5Eigen8internal19variable_if_dynamicIiLin1EE5valueEv
                0x08002d12       0x14 ./Core/Src/loop_update.o
                0x08002d12                Eigen::internal::variable_if_dynamic<int, -1>::value() const
 .text._ZN5Eigen8internal9evaluatorINS_15PlainObjectBaseINS_6MatrixIfLi3ELi1ELi0ELi3ELi1EEEEEE8coeffRefEi
                0x08002d26       0x1c ./Core/Src/loop_update.o
                0x08002d26                Eigen::internal::evaluator<Eigen::PlainObjectBase<Eigen::Matrix<float, 3, 1, 0, 3, 1> > >::coeffRef(int)
 .text._ZNK5Eigen8internal15unary_evaluatorINS_5BlockIKNS_14CwiseNullaryOpINS0_18scalar_identity_opIfEENS_6MatrixIfLi3ELi3ELi0ELi3ELi3EEEEELi3ELi1ELb0EEENS0_10IndexBasedEfE5coeffEi
                0x08002d42       0x1e ./Core/Src/loop_update.o
                0x08002d42                Eigen::internal::unary_evaluator<Eigen::Block<Eigen::CwiseNullaryOp<Eigen::internal::scalar_identity_op<float>, Eigen::Matrix<float, 3, 3, 0, 3, 3> > const, 3, 1, false>, Eigen::internal::IndexBased, float>::coeff(int) const
 .text._ZNK5Eigen8internal9assign_opIffE11assignCoeffERfRKf
                0x08002d60       0x1c ./Core/Src/loop_update.o
                0x08002d60                Eigen::internal::assign_op<float, float>::assignCoeff(float&, float const&) const
 .text._ZN5Eigen8internal54copy_using_evaluator_LinearTraversal_CompleteUnrollingINS0_31generic_dense_assignment_kernelINS0_9evaluatorINS_6MatrixIfLi3ELi1ELi0ELi3ELi1EEEEENS3_INS_5BlockIKNS_14CwiseNullaryOpINS0_18scalar_identity_opIfEENS4_IfLi3ELi3ELi0ELi3ELi3EEEEELi3ELi1ELb0EEEEENS0_9assign_opIffEELi0EEELi2ELi3EE3runERSI_
                0x08002d7c       0x22 ./Core/Src/loop_update.o
                0x08002d7c                Eigen::internal::copy_using_evaluator_LinearTraversal_CompleteUnrolling<Eigen::internal::generic_dense_assignment_kernel<Eigen::internal::evaluator<Eigen::Matrix<float, 3, 1, 0, 3, 1> >, Eigen::internal::evaluator<Eigen::Block<Eigen::CwiseNullaryOp<Eigen::internal::scalar_identity_op<float>, Eigen::Matrix<float, 3, 3, 0, 3, 3> > const, 3, 1, false> >, Eigen::internal::assign_op<float, float>, 0>, 2, 3>::run(Eigen::internal::generic_dense_assignment_kernel<Eigen::internal::evaluator<Eigen::Matrix<float, 3, 1, 0, 3, 1> >, Eigen::internal::evaluator<Eigen::Block<Eigen::CwiseNullaryOp<Eigen::internal::scalar_identity_op<float>, Eigen::Matrix<float, 3, 3, 0, 3, 3> > const, 3, 1, false> >, Eigen::internal::assign_op<float, float>, 0>&)
 .text._ZNK5Eigen9EigenBaseINS_6MatrixIfLi3ELi3ELi0ELi3ELi3EEEE4rowsEv
                0x08002d9e       0x22 ./Core/Src/loop_update.o
                0x08002d9e                Eigen::EigenBase<Eigen::Matrix<float, 3, 3, 0, 3, 3> >::rows() const
 .text._ZN5Eigen8internal9evaluatorINS_15PlainObjectBaseINS_6MatrixIfLi3ELi3ELi0ELi3ELi3EEEEEE8coeffRefEii
                0x08002dc0       0x2e ./Core/Src/loop_update.o
                0x08002dc0                Eigen::internal::evaluator<Eigen::PlainObjectBase<Eigen::Matrix<float, 3, 3, 0, 3, 3> > >::coeffRef(int, int)
 .text._ZNK5Eigen8internal9evaluatorINS_14CwiseNullaryOpINS0_18scalar_identity_opIfEENS_6MatrixIfLi3ELi3ELi0ELi3ELi3EEEEEE5coeffIiEEfT_SA_
                0x08002dee       0x24 ./Core/Src/loop_update.o
                0x08002dee                float Eigen::internal::evaluator<Eigen::CwiseNullaryOp<Eigen::internal::scalar_identity_op<float>, Eigen::Matrix<float, 3, 3, 0, 3, 3> > >::coeff<int>(int, int) const
 .text._ZN5Eigen8internal55copy_using_evaluator_DefaultTraversal_CompleteUnrollingINS0_31generic_dense_assignment_kernelINS0_9evaluatorINS_6MatrixIfLi3ELi3ELi0ELi3ELi3EEEEENS3_INS_14CwiseNullaryOpINS0_18scalar_identity_opIfEES5_EEEENS0_9assign_opIffEELi0EEELi3ELi9EE3runERSE_
                0x08002e12       0x24 ./Core/Src/loop_update.o
                0x08002e12                Eigen::internal::copy_using_evaluator_DefaultTraversal_CompleteUnrolling<Eigen::internal::generic_dense_assignment_kernel<Eigen::internal::evaluator<Eigen::Matrix<float, 3, 3, 0, 3, 3> >, Eigen::internal::evaluator<Eigen::CwiseNullaryOp<Eigen::internal::scalar_identity_op<float>, Eigen::Matrix<float, 3, 3, 0, 3, 3> > >, Eigen::internal::assign_op<float, float>, 0>, 3, 9>::run(Eigen::internal::generic_dense_assignment_kernel<Eigen::internal::evaluator<Eigen::Matrix<float, 3, 3, 0, 3, 3> >, Eigen::internal::evaluator<Eigen::CwiseNullaryOp<Eigen::internal::scalar_identity_op<float>, Eigen::Matrix<float, 3, 3, 0, 3, 3> > >, Eigen::internal::assign_op<float, float>, 0>&)
 .text._ZNK5Eigen8internal15unary_evaluatorINS_5BlockIKNS_14CwiseNullaryOpINS0_18scalar_identity_opIfEENS_6MatrixIfLi3ELi3ELi0ELi3ELi3EEEEELi3ELi1ELb0EEENS0_10IndexBasedEfE17linear_coeff_implEiSt17integral_constantIbLb0EE
                0x08002e36       0x24 ./Core/Src/loop_update.o
                0x08002e36                Eigen::internal::unary_evaluator<Eigen::Block<Eigen::CwiseNullaryOp<Eigen::internal::scalar_identity_op<float>, Eigen::Matrix<float, 3, 3, 0, 3, 3> > const, 3, 1, false>, Eigen::internal::IndexBased, float>::linear_coeff_impl(int, std::integral_constant<bool, false>) const
 .text._ZN5Eigen8internal54copy_using_evaluator_LinearTraversal_CompleteUnrollingINS0_31generic_dense_assignment_kernelINS0_9evaluatorINS_6MatrixIfLi3ELi1ELi0ELi3ELi1EEEEENS3_INS_5BlockIKNS_14CwiseNullaryOpINS0_18scalar_identity_opIfEENS4_IfLi3ELi3ELi0ELi3ELi3EEEEELi3ELi1ELb0EEEEENS0_9assign_opIffEELi0EEELi3ELi3EE3runERSI_
                0x08002e5a       0x10 ./Core/Src/loop_update.o
                0x08002e5a                Eigen::internal::copy_using_evaluator_LinearTraversal_CompleteUnrolling<Eigen::internal::generic_dense_assignment_kernel<Eigen::internal::evaluator<Eigen::Matrix<float, 3, 1, 0, 3, 1> >, Eigen::internal::evaluator<Eigen::Block<Eigen::CwiseNullaryOp<Eigen::internal::scalar_identity_op<float>, Eigen::Matrix<float, 3, 3, 0, 3, 3> > const, 3, 1, false> >, Eigen::internal::assign_op<float, float>, 0>, 3, 3>::run(Eigen::internal::generic_dense_assignment_kernel<Eigen::internal::evaluator<Eigen::Matrix<float, 3, 1, 0, 3, 1> >, Eigen::internal::evaluator<Eigen::Block<Eigen::CwiseNullaryOp<Eigen::internal::scalar_identity_op<float>, Eigen::Matrix<float, 3, 3, 0, 3, 3> > const, 3, 1, false> >, Eigen::internal::assign_op<float, float>, 0>&)
 .text._ZNK5Eigen8internal9evaluatorINS_15PlainObjectBaseINS_6MatrixIfLi3ELi3ELi0ELi3ELi3EEEEEE8getIndexEii
                0x08002e6a       0x26 ./Core/Src/loop_update.o
                0x08002e6a                Eigen::internal::evaluator<Eigen::PlainObjectBase<Eigen::Matrix<float, 3, 3, 0, 3, 3> > >::getIndex(int, int) const
 .text._ZN5Eigen8internal9evaluatorINS_15PlainObjectBaseINS_6MatrixIfLi3ELi3ELi0ELi3ELi3EEEEEE8coeffRefEi
                0x08002e90       0x1c ./Core/Src/loop_update.o
                0x08002e90                Eigen::internal::evaluator<Eigen::PlainObjectBase<Eigen::Matrix<float, 3, 3, 0, 3, 3> > >::coeffRef(int)
 .text._ZNK5Eigen8internal15nullary_wrapperIfNS0_18scalar_identity_opIfEELb0ELb0ELb1EEclIiEEfRKS3_T_S8_
                0x08002eac       0x24 ./Core/Src/loop_update.o
                0x08002eac                float Eigen::internal::nullary_wrapper<float, Eigen::internal::scalar_identity_op<float>, false, false, true>::operator()<int>(Eigen::internal::scalar_identity_op<float> const&, int, int) const
 .text._ZN5Eigen8internal55copy_using_evaluator_DefaultTraversal_CompleteUnrollingINS0_31generic_dense_assignment_kernelINS0_9evaluatorINS_6MatrixIfLi3ELi3ELi0ELi3ELi3EEEEENS3_INS_14CwiseNullaryOpINS0_18scalar_identity_opIfEES5_EEEENS0_9assign_opIffEELi0EEELi4ELi9EE3runERSE_
                0x08002ed0       0x24 ./Core/Src/loop_update.o