/Applications/STM32CubeIDE.app/Contents/Eclipse/plugins/com.st.stm32cube.ide.mcu.externaltools.gnu-tools-for-stm32.13.3.rel1.macos64_1.0.100.202509120712/tools/arm-none-eabi/include/c++/13.3.1/arm-none-eabi/thumb/v6-m/nofp/bits/gthr-default.h:229:1:int __gthread_key_delete(__gthread_key_t)	16	static
../Core/Src/loop_update.cpp:20:17:void setup()	80	static
../Core/Src/loop_update.cpp:39:17:void loop()	216	static
../Core/Inc/Eigen/src/Core/CwiseNullaryOp.h:523:89:static const Eigen::DenseBase<Derived>::ZeroReturnType Eigen::DenseBase<Derived>::Zero() [with Derived = Eigen::Matrix<float, 3, 1>]	24	static
../Core/Inc/Eigen/src/Core/Matrix.h:394:41:Eigen::Matrix<Scalar_, Rows_, Cols_, Options_, MaxRows_, MaxCols_>::Matrix(const Eigen::EigenBase<OtherDerived>&) [with OtherDerived = Eigen::CwiseNullaryOp<Eigen::internal::scalar_zero_op<float>, Eigen::Matrix<float, 3, 1> >; Scalar_ = float; int Rows_ = 3; int Cols_ = 1; int Options_ = 0; int MaxRows_ = 3; int MaxCols_ = 1]	24	static
../Core/Inc/Eigen/src/Core/CwiseNullaryOp.h:785:1:static const Eigen::MatrixBase<Derived>::IdentityReturnType Eigen::MatrixBase<Derived>::Identity() [with Derived = Eigen::Matrix<float, 3, 3>]	24	static
../Core/Inc/Eigen/src/Core/Matrix.h:394:41:Eigen::Matrix<Scalar_, Rows_, Cols_, Options_, MaxRows_, MaxCols_>::Matrix(const Eigen::EigenBase<OtherDerived>&) [with OtherDerived = Eigen::CwiseNullaryOp<Eigen::internal::scalar_identity_op<float>, Eigen::Matrix<float, 3, 3> >; Scalar_ = float; int Rows_ = 3; int Cols_ = 3; int Options_ = 0; int MaxRows_ = 3; int MaxCols_ = 3]	24	static
../Core/Inc/Eigen/src/Core/CwiseNullaryOp.h:523:89:static const Eigen::DenseBase<Derived>::ZeroReturnType Eigen::DenseBase<Derived>::Zero() [with Derived = Eigen::Matrix<float, 6, 1>]	24	static
../Core/Inc/Eigen/src/Core/Matrix.h:394:41:Eigen::Matrix<Scalar_, Rows_, Cols_, Options_, MaxRows_, MaxCols_>::Matrix(const Eigen::EigenBase<OtherDerived>&) [with OtherDerived = Eigen::CwiseNullaryOp<Eigen::internal::scalar_zero_op<float>, Eigen::Matrix<float, 6, 1> >; Scalar_ = float; int Rows_ = 6; int Cols_ = 1; int Options_ = 0; int MaxRows_ = 6; int MaxCols_ = 1]	24	static
../Core/Inc/Eigen/src/Core/Matrix.h:370:41:Eigen::Matrix<Scalar_, Rows_, Cols_, Options_, MaxRows_, MaxCols_>::Matrix(const Scalar&, const Scalar&, const Scalar&) [with Scalar_ = float; int Rows_ = 3; int Cols_ = 1; int Options_ = 0; int MaxRows_ = 3; int MaxCols_ = 1]	32	static
../Core/Inc/Eigen/src/Core/CwiseNullaryOp.h:923:91:static const Eigen::MatrixBase<Derived>::BasisReturnType Eigen::MatrixBase<Derived>::UnitZ() [with Derived = Eigen::Matrix<float, 3, 1>]	16	static
../Core/Inc/Eigen/src/Core/Matrix.h:394:41:Eigen::Matrix<Scalar_, Rows_, Cols_, Options_, MaxRows_, MaxCols_>::Matrix(const Eigen::EigenBase<OtherDerived>&) [with OtherDerived = Eigen::Block<const Eigen::CwiseNullaryOp<Eigen::internal::scalar_identity_op<float>, Eigen::Matrix<float, 3, 3> >, 3, 1, false>; Scalar_ = float; int Rows_ = 3; int Cols_ = 1; int Options_ = 0; int MaxRows_ = 3; int MaxCols_ = 1]	24	static
../Core/Inc/Eigen/src/Core/CwiseNullaryOp.h:69:21:Eigen::CwiseNullaryOp<NullaryOp, MatrixType>::CwiseNullaryOp(Eigen::Index, Eigen::Index, const NullaryOp&) [with NullaryOp = Eigen::internal::scalar_zero_op<float>; PlainObjectType = Eigen::Matrix<float, 3, 1>]	24	static
../Core/Inc/Eigen/src/Core/EigenBase.h:51:46:constexpr const Derived& Eigen::EigenBase<Derived>::derived() const [with Derived = Eigen::CwiseNullaryOp<Eigen::internal::scalar_zero_op<float>, Eigen::Matrix<float, 3, 1> >]	16	static
../Core/Inc/Eigen/src/Core/PlainObjectBase.h:527:41:Eigen::PlainObjectBase<Derived>::PlainObjectBase(const Eigen::DenseBase<OtherDerived>&) [with OtherDerived = Eigen::CwiseNullaryOp<Eigen::internal::scalar_zero_op<float>, Eigen::Matrix<float, 3, 1> >; Derived = Eigen::Matrix<float, 3, 1>]	16	static
../Core/Inc/Eigen/src/Core/CwiseNullaryOp.h:112:5:static const Eigen::CwiseNullaryOp<CustomNullaryOp, typename std::conditional<Eigen::internal::is_same<typename Eigen::internal::traits<T>::XprKind, Eigen::MatrixXpr>::value, Eigen::Matrix<typename Eigen::internal::traits<T>::Scalar, Eigen::internal::traits<T>::RowsAtCompileTime, Eigen::internal::traits<T>::ColsAtCompileTime, (Eigen::AutoAlign | ((Eigen::internal::traits<T>::Flags & Eigen::RowMajorBit) ? Eigen::RowMajor :  Eigen::ColMajor)), Eigen::internal::traits<T>::MaxRowsAtCompileTime, Eigen::internal::traits<T>::MaxColsAtCompileTime>, Eigen::Array<typename Eigen::internal::traits<T>::Scalar, Eigen::internal::traits<T>::RowsAtCompileTime, Eigen::internal::traits<T>::ColsAtCompileTime, (Eigen::AutoAlign | ((Eigen::internal::traits<T>::Flags & Eigen::RowMajorBit) ? Eigen::RowMajor :  Eigen::ColMajor)), Eigen::internal::traits<T>::MaxRowsAtCompileTime, Eigen::internal::traits<T>::MaxColsAtCompileTime> >::type> Eigen::DenseBase<Derived>::NullaryExpr(Eigen::Index, Eigen::Index, const CustomNullaryOp&) [with CustomNullaryOp = Eigen::internal::scalar_identity_op<float>; Derived = Eigen::Matrix<float, 3, 3>]	40	static
../Core/Inc/Eigen/src/Core/EigenBase.h:51:46:constexpr const Derived& Eigen::EigenBase<Derived>::derived() const [with Derived = Eigen::CwiseNullaryOp<Eigen::internal::scalar_identity_op<float>, Eigen::Matrix<float, 3, 3> >]	16	static
../Core/Inc/Eigen/src/Core/PlainObjectBase.h:527:41:Eigen::PlainObjectBase<Derived>::PlainObjectBase(const Eigen::DenseBase<OtherDerived>&) [with OtherDerived = Eigen::CwiseNullaryOp<Eigen::internal::scalar_identity_op<float>, Eigen::Matrix<float, 3, 3> >; Derived = Eigen::Matrix<float, 3, 3>]	16	static
../Core/Inc/Eigen/src/Core/CwiseNullaryOp.h:69:21:Eigen::CwiseNullaryOp<NullaryOp, MatrixType>::CwiseNullaryOp(Eigen::Index, Eigen::Index, const NullaryOp&) [with NullaryOp = Eigen::internal::scalar_zero_op<float>; PlainObjectType = Eigen::Matrix<float, 6, 1>]	24	static
../Core/Inc/Eigen/src/Core/EigenBase.h:51:46:constexpr const Derived& Eigen::EigenBase<Derived>::derived() const [with Derived = Eigen::CwiseNullaryOp<Eigen::internal::scalar_zero_op<float>, Eigen::Matrix<float, 6, 1> >]	16	static
../Core/Inc/Eigen/src/Core/PlainObjectBase.h:527:41:Eigen::PlainObjectBase<Derived>::PlainObjectBase(const Eigen::DenseBase<OtherDerived>&) [with OtherDerived = Eigen::CwiseNullaryOp<Eigen::internal::scalar_zero_op<float>, Eigen::Matrix<float, 6, 1> >; Derived = Eigen::Matrix<float, 6, 1>]	16	static
../Core/Inc/Eigen/src/Core/DenseStorage.h:117:54:constexpr T* Eigen::internal::DenseStorage_impl<T, Size, Rows, Cols, Options>::data() [with T = float; int Size = 3; int Rows = 3; int Cols = 1; int Options = 0]	16	static
../Core/Inc/Eigen/src/Core/CwiseNullaryOp.h:885:91:static const Eigen::MatrixBase<Derived>::BasisReturnType Eigen::MatrixBase<Derived>::Unit(Eigen::Index) [with Derived = Eigen::Matrix<float, 3, 1>]	24	static
../Core/Inc/Eigen/src/Core/EigenBase.h:51:46:constexpr const Derived& Eigen::EigenBase<Derived>::derived() const [with Derived = Eigen::Block<const Eigen::CwiseNullaryOp<Eigen::internal::scalar_identity_op<float>, Eigen::Matrix<float, 3, 3> >, 3, 1, false>]	16	static
../Core/Inc/Eigen/src/Core/PlainObjectBase.h:527:41:Eigen::PlainObjectBase<Derived>::PlainObjectBase(const Eigen::DenseBase<OtherDerived>&) [with OtherDerived = Eigen::Block<const Eigen::CwiseNullaryOp<Eigen::internal::scalar_identity_op<float>, Eigen::Matrix<float, 3, 3> >, 3, 1, false>; Derived = Eigen::Matrix<float, 3, 1>]	16	static
../Core/Inc/Eigen/src/Core/util/XprHelper.h:157:50:Eigen::internal::variable_if_dynamic<T, Value>::variable_if_dynamic(T) [with T = int; int Value = 3]	16	static
../Core/Inc/Eigen/src/Core/util/XprHelper.h:157:50:Eigen::internal::variable_if_dynamic<T, Value>::variable_if_dynamic(T) [with T = int; int Value = 1]	16	static
../Core/Inc/Eigen/src/Core/CwiseNullaryOp.h:79:57:constexpr Eigen::Index Eigen::CwiseNullaryOp<NullaryOp, MatrixType>::rows() const [with NullaryOp = Eigen::internal::scalar_zero_op<float>; PlainObjectType = Eigen::Matrix<float, 3, 1>]	16	static
../Core/Inc/Eigen/src/Core/CwiseNullaryOp.h:80:57:constexpr Eigen::Index Eigen::CwiseNullaryOp<NullaryOp, MatrixType>::cols() const [with NullaryOp = Eigen::internal::scalar_zero_op<float>; PlainObjectType = Eigen::Matrix<float, 3, 1>]	16	static
../Core/Inc/Eigen/src/Core/PlainObjectBase.h:346:46:void Eigen::PlainObjectBase<Derived>::resizeLike(const Eigen::EigenBase<OtherDerived>&) [with OtherDerived = Eigen::CwiseNullaryOp<Eigen::internal::scalar_zero_op<float>, Eigen::Matrix<float, 3, 1> >; Derived = Eigen::Matrix<float, 3, 1>]	32	static
../Core/Inc/Eigen/src/Core/PlainObjectBase.h:728:60:constexpr Derived& Eigen::PlainObjectBase<Derived>::_set_noalias(const Eigen::DenseBase<OtherDerived>&) [with OtherDerived = Eigen::CwiseNullaryOp<Eigen::internal::scalar_zero_op<float>, Eigen::Matrix<float, 3, 1> >; Derived = Eigen::Matrix<float, 3, 1>]	32	static
../Core/Inc/Eigen/src/Core/CwiseNullaryOp.h:69:21:Eigen::CwiseNullaryOp<NullaryOp, MatrixType>::CwiseNullaryOp(Eigen::Index, Eigen::Index, const NullaryOp&) [with NullaryOp = Eigen::internal::scalar_identity_op<float>; PlainObjectType = Eigen::Matrix<float, 3, 3>]	24	static
../Core/Inc/Eigen/src/Core/CwiseNullaryOp.h:79:57:constexpr Eigen::Index Eigen::CwiseNullaryOp<NullaryOp, MatrixType>::rows() const [with NullaryOp = Eigen::internal::scalar_identity_op<float>; PlainObjectType = Eigen::Matrix<float, 3, 3>]	16	static
../Core/Inc/Eigen/src/Core/CwiseNullaryOp.h:80:57:constexpr Eigen::Index Eigen::CwiseNullaryOp<NullaryOp, MatrixType>::cols() const [with NullaryOp = Eigen::internal::scalar_identity_op<float>; PlainObjectType = Eigen::Matrix<float, 3, 3>]	16	static
../Core/Inc/Eigen/src/Core/PlainObjectBase.h:346:46:void Eigen::PlainObjectBase<Derived>::resizeLike(const Eigen::EigenBase<OtherDerived>&) [with OtherDerived = Eigen::CwiseNullaryOp<Eigen::internal::scalar_identity_op<float>, Eigen::Matrix<float, 3, 3> >; Derived = Eigen::Matrix<float, 3, 3>]	32	static
../Core/Inc/Eigen/src/Core/PlainObjectBase.h:728:60:constexpr Derived& Eigen::PlainObjectBase<Derived>::_set_noalias(const Eigen::DenseBase<OtherDerived>&) [with OtherDerived = Eigen::CwiseNullaryOp<Eigen::internal::scalar_identity_op<float>, Eigen::Matrix<float, 3, 3> >; Derived = Eigen::Matrix<float, 3, 3>]	32	static
../Core/Inc/Eigen/src/Core/util/XprHelper.h:157:50:Eigen::internal::variable_if_dynamic<T, Value>::variable_if_dynamic(T) [with T = int; int Value = 6]	16	static
../Core/Inc/Eigen/src/Core/CwiseNullaryOp.h:79:57:constexpr Eigen::Index Eigen::CwiseNullaryOp<NullaryOp, MatrixType>::rows() const [with NullaryOp = Eigen::internal::scalar_zero_op<float>; PlainObjectType = Eigen::Matrix<float, 6, 1>]	16	static
../Core/Inc/Eigen/src/Core/CwiseNullaryOp.h:80:57:constexpr Eigen::Index Eigen::CwiseNullaryOp<NullaryOp, MatrixType>::cols() const [with NullaryOp = Eigen::internal::scalar_zero_op<float>; PlainObjectType = Eigen::Matrix<float, 6, 1>]	16	static
../Core/Inc/Eigen/src/Core/PlainObjectBase.h:346:46:void Eigen::PlainObjectBase<Derived>::resizeLike(const Eigen::EigenBase<OtherDerived>&) [with OtherDerived = Eigen::CwiseNullaryOp<Eigen::internal::scalar_zero_op<float>, Eigen::Matrix<float, 6, 1> >; Derived = Eigen::Matrix<float, 6, 1>]	32	static
../Core/Inc/Eigen/src/Core/PlainObjectBase.h:728:60:constexpr Derived& Eigen::PlainObjectBase<Derived>::_set_noalias(const Eigen::DenseBase<OtherDerived>&) [with OtherDerived = Eigen::CwiseNullaryOp<Eigen::internal::scalar_zero_op<float>, Eigen::Matrix<float, 6, 1> >; Derived = Eigen::Matrix<float, 6, 1>]	32	static
../Core/Inc/Eigen/src/Core/Block.h:124:41:Eigen::Block<XprType, BlockRows, BlockCols, InnerPanel>::Block(XprType&, Eigen::Index) [with XprType = const Eigen::CwiseNullaryOp<Eigen::internal::scalar_identity_op<float>, Eigen::Matrix<float, 3, 3> >; int BlockRows = 3; int BlockCols = 1; bool InnerPanel = false]	24	static
../Core/Inc/Eigen/src/Core/PlainObjectBase.h:346:46:void Eigen::PlainObjectBase<Derived>::resizeLike(const Eigen::EigenBase<OtherDerived>&) [with OtherDerived = Eigen::Block<const Eigen::CwiseNullaryOp<Eigen::internal::scalar_identity_op<float>, Eigen::Matrix<float, 3, 3> >, 3, 1, false>; Derived = Eigen::Matrix<float, 3, 1>]	32	static
../Core/Inc/Eigen/src/Core/PlainObjectBase.h:728:60:constexpr Derived& Eigen::PlainObjectBase<Derived>::_set_noalias(const Eigen::DenseBase<OtherDerived>&) [with OtherDerived = Eigen::Block<const Eigen::CwiseNullaryOp<Eigen::internal::scalar_identity_op<float>, Eigen::Matrix<float, 3, 3> >, 3, 1, false>; Derived = Eigen::Matrix<float, 3, 1>]	32	static
../Core/Inc/Eigen/src/Core/util/Macros.h:1027:54:constexpr void Eigen::internal::ignore_unused_variable(const T&) [with T = int]	16	static
../Core/Inc/Eigen/src/Core/util/XprHelper.h:161:60:static constexpr T Eigen::internal::variable_if_dynamic<T, Value>::value() [with T = int; int Value = 3]	8	static
../Core/Inc/Eigen/src/Core/util/XprHelper.h:161:60:static constexpr T Eigen::internal::variable_if_dynamic<T, Value>::value() [with T = int; int Value = 1]	8	static
../Core/Inc/Eigen/src/Core/PlainObjectBase.h:268:56:constexpr void Eigen::PlainObjectBase<Derived>::resize(Eigen::Index, Eigen::Index) [with Derived = Eigen::Matrix<float, 3, 1>]	24	static
../Core/Inc/Eigen/src/Core/EigenBase.h:49:40:constexpr Derived& Eigen::EigenBase<Derived>::derived() [with Derived = Eigen::Matrix<float, 3, 1>]	16	static
../Core/Inc/Eigen/src/Core/AssignEvaluator.h:903:54:constexpr void Eigen::internal::call_assignment_no_alias(Dst&, const Src&, const Func&) [with Dst = Eigen::Matrix<float, 3, 1>; Src = Eigen::CwiseNullaryOp<scalar_zero_op<float>, Eigen::Matrix<float, 3, 1> >; Func = assign_op<float, float>]	32	static
../Core/Inc/Eigen/src/Core/PlainObjectBase.h:268:56:constexpr void Eigen::PlainObjectBase<Derived>::resize(Eigen::Index, Eigen::Index) [with Derived = Eigen::Matrix<float, 3, 3>]	24	static
../Core/Inc/Eigen/src/Core/EigenBase.h:49:40:constexpr Derived& Eigen::EigenBase<Derived>::derived() [with Derived = Eigen::Matrix<float, 3, 3>]	16	static
../Core/Inc/Eigen/src/Core/AssignEvaluator.h:903:54:constexpr void Eigen::internal::call_assignment_no_alias(Dst&, const Src&, const Func&) [with Dst = Eigen::Matrix<float, 3, 3>; Src = Eigen::CwiseNullaryOp<scalar_identity_op<float>, Eigen::Matrix<float, 3, 3> >; Func = assign_op<float, float>]	32	static
../Core/Inc/Eigen/src/Core/util/XprHelper.h:161:60:static constexpr T Eigen::internal::variable_if_dynamic<T, Value>::value() [with T = int; int Value = 6]	8	static
../Core/Inc/Eigen/src/Core/PlainObjectBase.h:268:56:constexpr void Eigen::PlainObjectBase<Derived>::resize(Eigen::Index, Eigen::Index) [with Derived = Eigen::Matrix<float, 6, 1>]	24	static
../Core/Inc/Eigen/src/Core/EigenBase.h:49:40:constexpr Derived& Eigen::EigenBase<Derived>::derived() [with Derived = Eigen::Matrix<float, 6, 1>]	16	static
../Core/Inc/Eigen/src/Core/AssignEvaluator.h:903:54:constexpr void Eigen::internal::call_assignment_no_alias(Dst&, const Src&, const Func&) [with Dst = Eigen::Matrix<float, 6, 1>; Src = Eigen::CwiseNullaryOp<scalar_zero_op<float>, Eigen::Matrix<float, 6, 1> >; Func = assign_op<float, float>]	32	static
../Core/Inc/Eigen/src/Core/Block.h:178:41:Eigen::BlockImpl<XprType, BlockRows, BlockCols, InnerPanel, Eigen::Dense>::BlockImpl(XprType&, Eigen::Index) [with XprType = const Eigen::CwiseNullaryOp<Eigen::internal::scalar_identity_op<float>, Eigen::Matrix<float, 3, 3> >; int BlockRows = 3; int BlockCols = 1; bool InnerPanel = false]	24	static
../Core/Inc/Eigen/src/Core/Block.h:225:34:Eigen::Index Eigen::internal::BlockImpl_dense<XprType, BlockRows, BlockCols, InnerPanel, HasDirectAccess>::rows() const [with XprType = const Eigen::CwiseNullaryOp<Eigen::internal::scalar_identity_op<float>, Eigen::Matrix<float, 3, 3> >; int BlockRows = 3; int BlockCols = 1; bool InnerPanel = false; bool HasDirectAccess = false]	16	static
../Core/Inc/Eigen/src/Core/Block.h:226:34:Eigen::Index Eigen::internal::BlockImpl_dense<XprType, BlockRows, BlockCols, InnerPanel, HasDirectAccess>::cols() const [with XprType = const Eigen::CwiseNullaryOp<Eigen::internal::scalar_identity_op<float>, Eigen::Matrix<float, 3, 3> >; int BlockRows = 3; int BlockCols = 1; bool InnerPanel = false; bool HasDirectAccess = false]	16	static
../Core/Inc/Eigen/src/Core/AssignEvaluator.h:903:54:constexpr void Eigen::internal::call_assignment_no_alias(Dst&, const Src&, const Func&) [with Dst = Eigen::Matrix<float, 3, 1>; Src = Eigen::Block<const Eigen::CwiseNullaryOp<scalar_identity_op<float>, Eigen::Matrix<float, 3, 3> >, 3, 1, false>; Func = assign_op<float, float>]	32	static
../Core/Inc/Eigen/src/Core/DenseStorage.h:113:56:constexpr void Eigen::internal::DenseStorage_impl<T, Size, Rows, Cols, Options>::resize(Eigen::Index, Eigen::Index, Eigen::Index) [with T = float; int Size = 3; int Rows = 3; int Cols = 1; int Options = 0]	24	static
../Core/Inc/Eigen/src/Core/AssignEvaluator.h:1003:53:static void Eigen::internal::Assignment<DstXprType, Eigen::CwiseNullaryOp<Eigen::internal::scalar_zero_op<typename DstXprType::Scalar>, SrcPlainObject>, Eigen::internal::assign_op<typename DstXprType::Scalar, typename DstXprType::Scalar>, Eigen::internal::Dense2Dense, Weak>::run(DstXprType&, const SrcXprType&, const Functor&) [with DstXprType = Eigen::Matrix<float, 3, 1>; SrcPlainObject = Eigen::Matrix<float, 3, 1>; Weak = void]	24	static
../Core/Inc/Eigen/src/Core/DenseStorage.h:113:56:constexpr void Eigen::internal::DenseStorage_impl<T, Size, Rows, Cols, Options>::resize(Eigen::Index, Eigen::Index, Eigen::Index) [with T = float; int Size = 9; int Rows = 3; int Cols = 3; int Options = 0]	24	static
../Core/Inc/Eigen/src/Core/AssignEvaluator.h:971:63:static constexpr void Eigen::internal::Assignment<DstXprType, SrcXprType, Functor, Eigen::internal::Dense2Dense, Weak>::run(DstXprType&, const SrcXprType&, const Functor&) [with DstXprType = Eigen::Matrix<float, 3, 3>; SrcXprType = Eigen::CwiseNullaryOp<Eigen::internal::scalar_identity_op<float>, Eigen::Matrix<float, 3, 3> >; Functor = Eigen::internal::assign_op<float, float>; Weak = void]	88	static
../Core/Inc/Eigen/src/Core/DenseStorage.h:113:56:constexpr void Eigen::internal::DenseStorage_impl<T, Size, Rows, Cols, Options>::resize(Eigen::Index, Eigen::Index, Eigen::Index) [with T = float; int Size = 6; int Rows = 6; int Cols = 1; int Options = 0]	24	static
../Core/Inc/Eigen/src/Core/AssignEvaluator.h:1003:53:static void Eigen::internal::Assignment<DstXprType, Eigen::CwiseNullaryOp<Eigen::internal::scalar_zero_op<typename DstXprType::Scalar>, SrcPlainObject>, Eigen::internal::assign_op<typename DstXprType::Scalar, typename DstXprType::Scalar>, Eigen::internal::Dense2Dense, Weak>::run(DstXprType&, const SrcXprType&, const Functor&) [with DstXprType = Eigen::Matrix<float, 6, 1>; SrcPlainObject = Eigen::Matrix<float, 6, 1>; Weak = void]	24	static
../Core/Inc/Eigen/src/Core/Block.h:203:28:Eigen::internal::BlockImpl_dense<XprType, BlockRows, BlockCols, InnerPanel, HasDirectAccess>::BlockImpl_dense(XprType&, Eigen::Index) [with XprType = const Eigen::CwiseNullaryOp<Eigen::internal::scalar_identity_op<float>, Eigen::Matrix<float, 3, 3> >; int BlockRows = 3; int BlockCols = 1; bool InnerPanel = false; bool HasDirectAccess = false]	32	static
../Core/Inc/Eigen/src/Core/AssignEvaluator.h:971:63:static constexpr void Eigen::internal::Assignment<DstXprType, SrcXprType, Functor, Eigen::internal::Dense2Dense, Weak>::run(DstXprType&, const SrcXprType&, const Functor&) [with DstXprType = Eigen::Matrix<float, 3, 1>; SrcXprType = Eigen::Block<const Eigen::CwiseNullaryOp<Eigen::internal::scalar_identity_op<float>, Eigen::Matrix<float, 3, 3> >, 3, 1, false>; Functor = Eigen::internal::assign_op<float, float>; Weak = void]	96	static
../Core/Inc/Eigen/src/Core/Fill.h:129:53:static void Eigen::internal::eigen_zero_impl<Xpr, true>::run(Xpr&, const SrcXpr&) [with SrcXpr = Eigen::CwiseNullaryOp<Eigen::internal::scalar_zero_op<float>, Eigen::Matrix<float, 3, 1> >; Xpr = Eigen::Matrix<float, 3, 1>]	24	static
../Core/Inc/Eigen/src/Core/Fill.h:129:53:static void Eigen::internal::eigen_zero_impl<Xpr, true>::run(Xpr&, const SrcXpr&) [with SrcXpr = Eigen::CwiseNullaryOp<Eigen::internal::scalar_zero_op<float>, Eigen::Matrix<float, 6, 1> >; Xpr = Eigen::Matrix<float, 6, 1>]	24	static
../Core/Inc/Eigen/src/Core/util/XprHelper.h:174:50:Eigen::internal::variable_if_dynamic<T, -1>::variable_if_dynamic(T) [with T = int]	16	static
../Core/Inc/Eigen/src/Core/AssignEvaluator.h:803:54:constexpr void Eigen::internal::resize_if_allowed(DstXprType&, const SrcXprType&, const assign_op<T1, T2>&) [with DstXprType = Eigen::Matrix<float, 3, 1>; SrcXprType = Eigen::CwiseNullaryOp<scalar_zero_op<float>, Eigen::Matrix<float, 3, 1> >; T1 = float; T2 = float]	32	static
../Core/Inc/Eigen/src/Core/EigenBase.h:64:37:constexpr Eigen::EigenBase<Derived>::Index Eigen::EigenBase<Derived>::size() const [with Derived = Eigen::Matrix<float, 3, 1>]	24	static
../Core/Inc/Eigen/src/Core/Fill.h:118:53:static void Eigen::internal::eigen_zero_impl<Xpr, true>::run(Xpr&) [with Xpr = Eigen::Matrix<float, 3, 1>]	24	static
../Core/Inc/Eigen/src/Core/CoreEvaluators.h:516:30:Eigen::internal::evaluator<Eigen::CwiseNullaryOp<Func, Xpr> >::evaluator(const XprType&) [with NullaryOp = Eigen::internal::scalar_identity_op<float>; PlainObjectType = Eigen::Matrix<float, 3, 3>]	16	static
../Core/Inc/Eigen/src/Core/AssignEvaluator.h:803:54:constexpr void Eigen::internal::resize_if_allowed(DstXprType&, const SrcXprType&, const assign_op<T1, T2>&) [with DstXprType = Eigen::Matrix<float, 3, 3>; SrcXprType = Eigen::CwiseNullaryOp<scalar_identity_op<float>, Eigen::Matrix<float, 3, 3> >; T1 = float; T2 = float]	32	static
../Core/Inc/Eigen/src/Core/CoreEvaluators.h:272:60:constexpr Eigen::internal::evaluator<Eigen::Matrix<Scalar, Rows, Cols, Options, MaxRows, MaxCols> >::evaluator(const XprType&) [with Scalar = float; int Rows = 3; int Cols = 3; int Options = 0; int MaxRows = 3; int MaxCols = 3]	16	static
../Core/Inc/Eigen/src/Core/EigenBase.h:53:47:constexpr Derived& Eigen::EigenBase<Derived>::const_cast_derived() const [with Derived = Eigen::Matrix<float, 3, 3>]	16	static
../Core/Inc/Eigen/src/Core/AssignEvaluator.h:667:51:constexpr Eigen::internal::generic_dense_assignment_kernel<DstEvaluatorTypeT, SrcEvaluatorTypeT, Functor, Version>::generic_dense_assignment_kernel(DstEvaluatorType&, const SrcEvaluatorType&, const Functor&, DstXprType&) [with DstEvaluatorTypeT = Eigen::internal::evaluator<Eigen::Matrix<float, 3, 3> >; SrcEvaluatorTypeT = Eigen::internal::evaluator<Eigen::CwiseNullaryOp<Eigen::internal::scalar_identity_op<float>, Eigen::Matrix<float, 3, 3> > >; Functor = Eigen::internal::assign_op<float, float>; int Version = 0]	24	static
../Core/Inc/Eigen/src/Core/AssignEvaluator.h:317:63:static constexpr void Eigen::internal::dense_assignment_loop<Kernel, Traversal, Unrolling>::run(Kernel&) [with Kernel = Eigen::internal::generic_dense_assignment_kernel<Eigen::internal::evaluator<Eigen::Matrix<float, 3, 3> >, Eigen::internal::evaluator<Eigen::CwiseNullaryOp<Eigen::internal::scalar_identity_op<float>, Eigen::Matrix<float, 3, 3> > >, Eigen::internal::assign_op<float, float>, 0>; int Traversal = 0; int Unrolling = 2]	16	static
../Core/Inc/Eigen/src/Core/AssignEvaluator.h:803:54:constexpr void Eigen::internal::resize_if_allowed(DstXprType&, const SrcXprType&, const assign_op<T1, T2>&) [with DstXprType = Eigen::Matrix<float, 6, 1>; SrcXprType = Eigen::CwiseNullaryOp<scalar_zero_op<float>, Eigen::Matrix<float, 6, 1> >; T1 = float; T2 = float]	32	static
../Core/Inc/Eigen/src/Core/EigenBase.h:64:37:constexpr Eigen::EigenBase<Derived>::Index Eigen::EigenBase<Derived>::size() const [with Derived = Eigen::Matrix<float, 6, 1>]	24	static
../Core/Inc/Eigen/src/Core/Fill.h:118:53:static void Eigen::internal::eigen_zero_impl<Xpr, true>::run(Xpr&) [with Xpr = Eigen::Matrix<float, 6, 1>]	24	static
../Core/Inc/Eigen/src/Core/CoreEvaluators.h:1421:50:Eigen::internal::evaluator<Eigen::Block<XprType, BlockRows, BlockCols, InnerPanel> >::evaluator(const XprType&) [with ArgType = const Eigen::CwiseNullaryOp<Eigen::internal::scalar_identity_op<float>, Eigen::Matrix<float, 3, 3> >; int BlockRows = 3; int BlockCols = 1; bool InnerPanel = false]	16	static
../Core/Inc/Eigen/src/Core/AssignEvaluator.h:803:54:constexpr void Eigen::internal::resize_if_allowed(DstXprType&, const SrcXprType&, const assign_op<T1, T2>&) [with DstXprType = Eigen::Matrix<float, 3, 1>; SrcXprType = Eigen::Block<const Eigen::CwiseNullaryOp<scalar_identity_op<float>, Eigen::Matrix<float, 3, 3> >, 3, 1, false>; T1 = float; T2 = float]	32	static
../Core/Inc/Eigen/src/Core/CoreEvaluators.h:272:60:constexpr Eigen::internal::evaluator<Eigen::Matrix<Scalar, Rows, Cols, Options, MaxRows, MaxCols> >::evaluator(const XprType&) [with Scalar = float; int Rows = 3; int Cols = 1; int Options = 0; int MaxRows = 3; int MaxCols = 1]	16	static
../Core/Inc/Eigen/src/Core/EigenBase.h:53:47:constexpr Derived& Eigen::EigenBase<Derived>::const_cast_derived() const [with Derived = Eigen::Matrix<float, 3, 1>]	16	static
../Core/Inc/Eigen/src/Core/AssignEvaluator.h:667:51:constexpr Eigen::internal::generic_dense_assignment_kernel<DstEvaluatorTypeT, SrcEvaluatorTypeT, Functor, Version>::generic_dense_assignment_kernel(DstEvaluatorType&, const SrcEvaluatorType&, const Functor&, DstXprType&) [with DstEvaluatorTypeT = Eigen::internal::evaluator<Eigen::Matrix<float, 3, 1> >; SrcEvaluatorTypeT = Eigen::internal::evaluator<Eigen::Block<const Eigen::CwiseNullaryOp<Eigen::internal::scalar_identity_op<float>, Eigen::Matrix<float, 3, 3> >, 3, 1, false> >; Functor = Eigen::internal::assign_op<float, float>; int Version = 0]	24	static
../Core/Inc/Eigen/src/Core/AssignEvaluator.h:317:63:static constexpr void Eigen::internal::dense_assignment_loop<Kernel, Traversal, Unrolling>::run(Kernel&) [with Kernel = Eigen::internal::generic_dense_assignment_kernel<Eigen::internal::evaluator<Eigen::Matrix<float, 3, 1> >, Eigen::internal::evaluator<Eigen::Block<const Eigen::CwiseNullaryOp<Eigen::internal::scalar_identity_op<float>, Eigen::Matrix<float, 3, 3> >, 3, 1, false> >, Eigen::internal::assign_op<float, float>, 0>; int Traversal = 1; int Unrolling = 2]	16	static
../Core/Inc/Eigen/src/Core/PlainObjectBase.h:165:57:constexpr Eigen::Index Eigen::PlainObjectBase<Derived>::rows() const [with Derived = Eigen::Matrix<float, 3, 1>]	16	static
../Core/Inc/Eigen/src/Core/PlainObjectBase.h:166:57:constexpr Eigen::Index Eigen::PlainObjectBase<Derived>::cols() const [with Derived = Eigen::Matrix<float, 3, 1>]	16	static
../Core/Inc/Eigen/src/Core/EigenBase.h:59:37:constexpr Eigen::EigenBase<Derived>::Index Eigen::EigenBase<Derived>::rows() const [with Derived = Eigen::Matrix<float, 3, 1>]	16	static
../Core/Inc/Eigen/src/Core/EigenBase.h:61:37:constexpr Eigen::EigenBase<Derived>::Index Eigen::EigenBase<Derived>::cols() const [with Derived = Eigen::Matrix<float, 3, 1>]	16	static
../Core/Inc/Eigen/src/Core/PlainObjectBase.h:250:39:constexpr Eigen::PlainObjectBase<Derived>::Scalar* Eigen::PlainObjectBase<Derived>::data() [with Derived = Eigen::Matrix<float, 3, 1>]	16	static
../Core/Inc/Eigen/src/Core/CwiseNullaryOp.h:83:38:const NullaryOp& Eigen::CwiseNullaryOp<NullaryOp, MatrixType>::functor() const [with NullaryOp = Eigen::internal::scalar_identity_op<float>; PlainObjectType = Eigen::Matrix<float, 3, 3>]	16	static
../Core/Inc/Eigen/src/Core/PlainObjectBase.h:165:57:constexpr Eigen::Index Eigen::PlainObjectBase<Derived>::rows() const [with Derived = Eigen::Matrix<float, 3, 3>]	16	static
../Core/Inc/Eigen/src/Core/PlainObjectBase.h:166:57:constexpr Eigen::Index Eigen::PlainObjectBase<Derived>::cols() const [with Derived = Eigen::Matrix<float, 3, 3>]	16	static
../Core/Inc/Eigen/src/Core/CoreEvaluators.h:195:60:constexpr Eigen::internal::evaluator<Eigen::PlainObjectBase<Derived> >::evaluator(const PlainObjectType&) [with Derived = Eigen::Matrix<float, 3, 3>]	24	static
../Core/Inc/Eigen/src/Core/AssignEvaluator.h:361:63:static constexpr void Eigen::internal::dense_assignment_loop_impl<Kernel, 0, 2>::run(Kernel&) [with Kernel = Eigen::internal::generic_dense_assignment_kernel<Eigen::internal::evaluator<Eigen::Matrix<float, 3, 3> >, Eigen::internal::evaluator<Eigen::CwiseNullaryOp<Eigen::internal::scalar_identity_op<float>, Eigen::Matrix<float, 3, 3> > >, Eigen::internal::assign_op<float, float>, 0>]	16	static
../Core/Inc/Eigen/src/Core/PlainObjectBase.h:165:57:constexpr Eigen::Index Eigen::PlainObjectBase<Derived>::rows() const [with Derived = Eigen::Matrix<float, 6, 1>]	16	static
../Core/Inc/Eigen/src/Core/PlainObjectBase.h:166:57:constexpr Eigen::Index Eigen::PlainObjectBase<Derived>::cols() const [with Derived = Eigen::Matrix<float, 6, 1>]	16	static
../Core/Inc/Eigen/src/Core/EigenBase.h:59:37:constexpr Eigen::EigenBase<Derived>::Index Eigen::EigenBase<Derived>::rows() const [with Derived = Eigen::Matrix<float, 6, 1>]	16	static
../Core/Inc/Eigen/src/Core/EigenBase.h:61:37:constexpr Eigen::EigenBase<Derived>::Index Eigen::EigenBase<Derived>::cols() const [with Derived = Eigen::Matrix<float, 6, 1>]	16	static
../Core/Inc/Eigen/src/Core/PlainObjectBase.h:250:39:constexpr Eigen::PlainObjectBase<Derived>::Scalar* Eigen::PlainObjectBase<Derived>::data() [with Derived = Eigen::Matrix<float, 6, 1>]	16	static
../Core/Inc/Eigen/src/Core/CoreEvaluators.h:1432:50:Eigen::internal::block_evaluator<ArgType, BlockRows, BlockCols, InnerPanel, false>::block_evaluator(const XprType&) [with ArgType = const Eigen::CwiseNullaryOp<Eigen::internal::scalar_identity_op<float>, Eigen::Matrix<float, 3, 3> >; int BlockRows = 3; int BlockCols = 1; bool InnerPanel = false]	16	static
../Core/Inc/Eigen/src/Core/CoreEvaluators.h:195:60:constexpr Eigen::internal::evaluator<Eigen::PlainObjectBase<Derived> >::evaluator(const PlainObjectType&) [with Derived = Eigen::Matrix<float, 3, 1>]	24	static
../Core/Inc/Eigen/src/Core/AssignEvaluator.h:572:63:static constexpr void Eigen::internal::dense_assignment_loop_impl<Kernel, 1, 2>::run(Kernel&) [with Kernel = Eigen::internal::generic_dense_assignment_kernel<Eigen::internal::evaluator<Eigen::Matrix<float, 3, 1> >, Eigen::internal::evaluator<Eigen::Block<const Eigen::CwiseNullaryOp<Eigen::internal::scalar_identity_op<float>, Eigen::Matrix<float, 3, 3> >, 3, 1, false> >, Eigen::internal::assign_op<float, float>, 0>]	16	static
../Core/Inc/Eigen/src/Core/DenseStorage.h:114:57:constexpr Eigen::Index Eigen::internal::DenseStorage_impl<T, Size, Rows, Cols, Options>::rows() const [with T = float; int Size = 3; int Rows = 3; int Cols = 1; int Options = 0]	16	static
../Core/Inc/Eigen/src/Core/DenseStorage.h:115:57:constexpr Eigen::Index Eigen::internal::DenseStorage_impl<T, Size, Rows, Cols, Options>::cols() const [with T = float; int Size = 3; int Rows = 3; int Cols = 1; int Options = 0]	16	static
../Core/Inc/Eigen/src/Core/EigenBase.h:51:46:constexpr const Derived& Eigen::EigenBase<Derived>::derived() const [with Derived = Eigen::Matrix<float, 3, 1>]	16	static
../Core/Inc/Eigen/src/Core/DenseStorage.h:114:57:constexpr Eigen::Index Eigen::internal::DenseStorage_impl<T, Size, Rows, Cols, Options>::rows() const [with T = float; int Size = 9; int Rows = 3; int Cols = 3; int Options = 0]	16	static
../Core/Inc/Eigen/src/Core/DenseStorage.h:115:57:constexpr Eigen::Index Eigen::internal::DenseStorage_impl<T, Size, Rows, Cols, Options>::cols() const [with T = float; int Size = 9; int Rows = 3; int Cols = 3; int Options = 0]	16	static
../Core/Inc/Eigen/src/Core/PlainObjectBase.h:247:45:constexpr const Eigen::PlainObjectBase<Derived>::Scalar* Eigen::PlainObjectBase<Derived>::data() const [with Derived = Eigen::Matrix<float, 3, 3>]	16	static
../Core/Inc/Eigen/src/Core/DenseCoeffsBase.h:508:37:constexpr Eigen::Index Eigen::DenseCoeffsBase<Derived, 3>::outerStride() const [with Derived = Eigen::Matrix<float, 3, 3>]	16	static
../Core/Inc/Eigen/src/Core/CoreEvaluators.h:145:51:constexpr Eigen::internal::plainobjectbase_evaluator_data<Scalar, OuterStride>::plainobjectbase_evaluator_data(const Scalar*, Eigen::Index) [with Scalar = float; int OuterStride = 3]	24	static
../Core/Inc/Eigen/src/Core/AssignEvaluator.h:195:63:static constexpr void Eigen::internal::copy_using_evaluator_DefaultTraversal_CompleteUnrolling<Kernel, Index_, Stop>::run(Kernel&) [with Kernel = Eigen::internal::generic_dense_assignment_kernel<Eigen::internal::evaluator<Eigen::Matrix<float, 3, 3> >, Eigen::internal::evaluator<Eigen::CwiseNullaryOp<Eigen::internal::scalar_identity_op<float>, Eigen::Matrix<float, 3, 3> > >, Eigen::internal::assign_op<float, float>, 0>; int Index_ = 0; int Stop = 9]	16	static
../Core/Inc/Eigen/src/Core/DenseStorage.h:114:57:constexpr Eigen::Index Eigen::internal::DenseStorage_impl<T, Size, Rows, Cols, Options>::rows() const [with T = float; int Size = 6; int Rows = 6; int Cols = 1; int Options = 0]	16	static
../Core/Inc/Eigen/src/Core/DenseStorage.h:115:57:constexpr Eigen::Index Eigen::internal::DenseStorage_impl<T, Size, Rows, Cols, Options>::cols() const [with T = float; int Size = 6; int Rows = 6; int Cols = 1; int Options = 0]	16	static
../Core/Inc/Eigen/src/Core/EigenBase.h:51:46:constexpr const Derived& Eigen::EigenBase<Derived>::derived() const [with Derived = Eigen::Matrix<float, 6, 1>]	16	static
../Core/Inc/Eigen/src/Core/DenseStorage.h:117:54:constexpr T* Eigen::internal::DenseStorage_impl<T, Size, Rows, Cols, Options>::data() [with T = float; int Size = 6; int Rows = 6; int Cols = 1; int Options = 0]	16	static
../Core/Inc/Eigen/src/Core/CoreEvaluators.h:1441:50:Eigen::internal::unary_evaluator<Eigen::Block<XprType, BlockRows, BlockCols, InnerPanel>, Eigen::internal::IndexBased>::unary_evaluator(const XprType&) [with ArgType = const Eigen::CwiseNullaryOp<Eigen::internal::scalar_identity_op<float>, Eigen::Matrix<float, 3, 3> >; int BlockRows = 3; int BlockCols = 1; bool InnerPanel = false]	24	static
../Core/Inc/Eigen/src/Core/PlainObjectBase.h:247:45:constexpr const Eigen::PlainObjectBase<Derived>::Scalar* Eigen::PlainObjectBase<Derived>::data() const [with Derived = Eigen::Matrix<float, 3, 1>]	16	static
../Core/Inc/Eigen/src/Core/CoreEvaluators.h:145:51:constexpr Eigen::internal::plainobjectbase_evaluator_data<Scalar, OuterStride>::plainobjectbase_evaluator_data(const Scalar*, Eigen::Index) [with Scalar = float; int OuterStride = 0]	24	static
../Core/Inc/Eigen/src/Core/AssignEvaluator.h:225:63:static constexpr void Eigen::internal::copy_using_evaluator_LinearTraversal_CompleteUnrolling<Kernel, Index_, Stop>::run(Kernel&) [with Kernel = Eigen::internal::generic_dense_assignment_kernel<Eigen::internal::evaluator<Eigen::Matrix<float, 3, 1> >, Eigen::internal::evaluator<Eigen::Block<const Eigen::CwiseNullaryOp<Eigen::internal::scalar_identity_op<float>, Eigen::Matrix<float, 3, 3> >, 3, 1, false> >, Eigen::internal::assign_op<float, float>, 0>; int Index_ = 0; int Stop = 3]	16	static
../Core/Inc/Eigen/src/Core/DenseStorage.h:118:60:constexpr const T* Eigen::internal::DenseStorage_impl<T, Size, Rows, Cols, Options>::data() const [with T = float; int Size = 9; int Rows = 3; int Cols = 3; int Options = 0]	16	static
../Core/Inc/Eigen/src/Core/EigenBase.h:51:46:constexpr const Derived& Eigen::EigenBase<Derived>::derived() const [with Derived = Eigen::Matrix<float, 3, 3>]	16	static
../Core/Inc/Eigen/src/Core/Matrix.h:397:37:constexpr Eigen::Index Eigen::Matrix<Scalar_, Rows_, Cols_, Options_, MaxRows_, MaxCols_>::outerStride() const [with Scalar_ = float; int Rows_ = 3; int Cols_ = 3; int Options_ = 0; int MaxRows_ = 3; int MaxCols_ = 3]	16	static
../Core/Inc/Eigen/src/Core/AssignEvaluator.h:698:56:constexpr void Eigen::internal::generic_dense_assignment_kernel<DstEvaluatorTypeT, SrcEvaluatorTypeT, Functor, Version>::assignCoeffByOuterInner(Eigen::Index, Eigen::Index) [with DstEvaluatorTypeT = Eigen::internal::evaluator<Eigen::Matrix<float, 3, 3> >; SrcEvaluatorTypeT = Eigen::internal::evaluator<Eigen::CwiseNullaryOp<Eigen::internal::scalar_identity_op<float>, Eigen::Matrix<float, 3, 3> > >; Functor = Eigen::internal::assign_op<float, float>; int Version = 0]	32	static
../Core/Inc/Eigen/src/Core/AssignEvaluator.h:195:63:static constexpr void Eigen::internal::copy_using_evaluator_DefaultTraversal_CompleteUnrolling<Kernel, Index_, Stop>::run(Kernel&) [with Kernel = Eigen::internal::generic_dense_assignment_kernel<Eigen::internal::evaluator<Eigen::Matrix<float, 3, 3> >, Eigen::internal::evaluator<Eigen::CwiseNullaryOp<Eigen::internal::scalar_identity_op<float>, Eigen::Matrix<float, 3, 3> > >, Eigen::internal::assign_op<float, float>, 0>; int Index_ = 1; int Stop = 9]	16	static
../Core/Inc/Eigen/src/Core/Block.h:286:86:Eigen::internal::remove_all_t<typename Eigen::internal::ref_selector<T>::non_const_type>& Eigen::internal::BlockImpl_dense<XprType, BlockRows, BlockCols, InnerPanel, HasDirectAccess>::nestedExpression() const [with XprType = const Eigen::CwiseNullaryOp<Eigen::internal::scalar_identity_op<float>, Eigen::Matrix<float, 3, 3> >; int BlockRows = 3; int BlockCols = 1; bool InnerPanel = false; bool HasDirectAccess = false]	16	static
../Core/Inc/Eigen/src/Core/Block.h:292:64:constexpr Eigen::internal::BlockImpl_dense<XprType, BlockRows, BlockCols, InnerPanel, HasDirectAccess>::StorageIndex Eigen::internal::BlockImpl_dense<XprType, BlockRows, BlockCols, InnerPanel, HasDirectAccess>::startRow() const [with XprType = const Eigen::CwiseNullaryOp<Eigen::internal::scalar_identity_op<float>, Eigen::Matrix<float, 3, 3> >; int BlockRows = 3; int BlockCols = 1; bool InnerPanel = false; bool HasDirectAccess = false]	16	static
../Core/Inc/Eigen/src/Core/Block.h:294:64:constexpr Eigen::internal::BlockImpl_dense<XprType, BlockRows, BlockCols, InnerPanel, HasDirectAccess>::StorageIndex Eigen::internal::BlockImpl_dense<XprType, BlockRows, BlockCols, InnerPanel, HasDirectAccess>::startCol() const [with XprType = const Eigen::CwiseNullaryOp<Eigen::internal::scalar_identity_op<float>, Eigen::Matrix<float, 3, 3> >; int BlockRows = 3; int BlockCols = 1; bool InnerPanel = false; bool HasDirectAccess = false]	16	static
../Core/Inc/Eigen/src/Core/CoreEvaluators.h:112:50:Eigen::internal::evaluator<const T>::evaluator(const T&) [with T = Eigen::CwiseNullaryOp<Eigen::internal::scalar_identity_op<float>, Eigen::Matrix<float, 3, 3> >]	16	static
../Core/Inc/Eigen/src/Core/util/XprHelper.h:157:50:Eigen::internal::variable_if_dynamic<T, Value>::variable_if_dynamic(T) [with T = int; int Value = 0]	16	static
../Core/Inc/Eigen/src/Core/DenseStorage.h:118:60:constexpr const T* Eigen::internal::DenseStorage_impl<T, Size, Rows, Cols, Options>::data() const [with T = float; int Size = 3; int Rows = 3; int Cols = 1; int Options = 0]	16	static
../Core/Inc/Eigen/src/Core/AssignEvaluator.h:693:46:void Eigen::internal::generic_dense_assignment_kernel<DstEvaluatorTypeT, SrcEvaluatorTypeT, Functor, Version>::assignCoeff(Eigen::Index) [with DstEvaluatorTypeT = Eigen::internal::evaluator<Eigen::Matrix<float, 3, 1> >; SrcEvaluatorTypeT = Eigen::internal::evaluator<Eigen::Block<const Eigen::CwiseNullaryOp<Eigen::internal::scalar_identity_op<float>, Eigen::Matrix<float, 3, 3> >, 3, 1, false> >; Functor = Eigen::internal::assign_op<float, float>; int Version = 0]	32	static
../Core/Inc/Eigen/src/Core/AssignEvaluator.h:225:63:static constexpr void Eigen::internal::copy_using_evaluator_LinearTraversal_CompleteUnrolling<Kernel, Index_, Stop>::run(Kernel&) [with Kernel = Eigen::internal::generic_dense_assignment_kernel<Eigen::internal::evaluator<Eigen::Matrix<float, 3, 1> >, Eigen::internal::evaluator<Eigen::Block<const Eigen::CwiseNullaryOp<Eigen::internal::scalar_identity_op<float>, Eigen::Matrix<float, 3, 3> >, 3, 1, false> >, Eigen::internal::assign_op<float, float>, 0>; int Index_ = 1; int Stop = 3]	16	static
../Core/Inc/Eigen/src/Core/DenseBase.h:220:37:constexpr Eigen::Index Eigen::DenseBase<Derived>::innerSize() const [with Derived = Eigen::Matrix<float, 3, 3>]	16	static
../Core/Inc/Eigen/src/Core/AssignEvaluator.h:743:64:static constexpr Eigen::Index Eigen::internal::generic_dense_assignment_kernel<DstEvaluatorTypeT, SrcEvaluatorTypeT, Functor, Version>::rowIndexByOuterInner(Eigen::Index, Eigen::Index) [with DstEvaluatorTypeT = Eigen::internal::evaluator<Eigen::Matrix<float, 3, 3> >; SrcEvaluatorTypeT = Eigen::internal::evaluator<Eigen::CwiseNullaryOp<Eigen::internal::scalar_identity_op<float>, Eigen::Matrix<float, 3, 3> > >; Functor = Eigen::internal::assign_op<float, float>; int Version = 0]	16	static
../Core/Inc/Eigen/src/Core/AssignEvaluator.h:751:64:static constexpr Eigen::Index Eigen::internal::generic_dense_assignment_kernel<DstEvaluatorTypeT, SrcEvaluatorTypeT, Functor, Version>::colIndexByOuterInner(Eigen::Index, Eigen::Index) [with DstEvaluatorTypeT = Eigen::internal::evaluator<Eigen::Matrix<float, 3, 3> >; SrcEvaluatorTypeT = Eigen::internal::evaluator<Eigen::CwiseNullaryOp<Eigen::internal::scalar_identity_op<float>, Eigen::Matrix<float, 3, 3> > >; Functor = Eigen::internal::assign_op<float, float>; int Version = 0]	16	static
../Core/Inc/Eigen/src/Core/AssignEvaluator.h:688:56:constexpr void Eigen::internal::generic_dense_assignment_kernel<DstEvaluatorTypeT, SrcEvaluatorTypeT, Functor, Version>::assignCoeff(Eigen::Index, Eigen::Index) [with DstEvaluatorTypeT = Eigen::internal::evaluator<Eigen::Matrix<float, 3, 3> >; SrcEvaluatorTypeT = Eigen::internal::evaluator<Eigen::CwiseNullaryOp<Eigen::internal::scalar_identity_op<float>, Eigen::Matrix<float, 3, 3> > >; Functor = Eigen::internal::assign_op<float, float>; int Version = 0]	40	static
../Core/Inc/Eigen/src/Core/AssignEvaluator.h:195:63:static constexpr void Eigen::internal::copy_using_evaluator_DefaultTraversal_CompleteUnrolling<Kernel, Index_, Stop>::run(Kernel&) [with Kernel = Eigen::internal::generic_dense_assignment_kernel<Eigen::internal::evaluator<Eigen::Matrix<float, 3, 3> >, Eigen::internal::evaluator<Eigen::CwiseNullaryOp<Eigen::internal::scalar_identity_op<float>, Eigen::Matrix<float, 3, 3> > >, Eigen::internal::assign_op<float, float>, 0>; int Index_ = 2; int Stop = 9]	16	static
../Core/Inc/Eigen/src/Core/util/XprHelper.h:175:43:T Eigen::internal::variable_if_dynamic<T, -1>::value() const [with T = int]	16	static
../Core/Inc/Eigen/src/Core/CoreEvaluators.h:210:59:constexpr Eigen::internal::evaluator<Eigen::PlainObjectBase<Derived> >::Scalar& Eigen::internal::evaluator<Eigen::PlainObjectBase<Derived> >::coeffRef(Eigen::Index) [with Derived = Eigen::Matrix<float, 3, 1>]	16	static
../Core/Inc/Eigen/src/Core/CoreEvaluators.h:1464:57:Eigen::internal::unary_evaluator<Eigen::Block<XprType, BlockRows, BlockCols, InnerPanel>, Eigen::internal::IndexBased>::CoeffReturnType Eigen::internal::unary_evaluator<Eigen::Block<XprType, BlockRows, BlockCols, InnerPanel>, Eigen::internal::IndexBased>::coeff(Eigen::Index) const [with ArgType = const Eigen::CwiseNullaryOp<Eigen::internal::scalar_identity_op<float>, Eigen::Matrix<float, 3, 3> >; int BlockRows = 3; int BlockCols = 1; bool InnerPanel = false]	24	static
../Core/Inc/Eigen/src/Core/functors/AssignmentFunctors.h:26:56:constexpr void Eigen::internal::assign_op<DstScalar, SrcScalar>::assignCoeff(DstScalar&, const SrcScalar&) const [with DstScalar = float; SrcScalar = float]	24	static
../Core/Inc/Eigen/src/Core/AssignEvaluator.h:225:63:static constexpr void Eigen::internal::copy_using_evaluator_LinearTraversal_CompleteUnrolling<Kernel, Index_, Stop>::run(Kernel&) [with Kernel = Eigen::internal::generic_dense_assignment_kernel<Eigen::internal::evaluator<Eigen::Matrix<float, 3, 1> >, Eigen::internal::evaluator<Eigen::Block<const Eigen::CwiseNullaryOp<Eigen::internal::scalar_identity_op<float>, Eigen::Matrix<float, 3, 3> >, 3, 1, false> >, Eigen::internal::assign_op<float, float>, 0>; int Index_ = 2; int Stop = 3]	16	static
../Core/Inc/Eigen/src/Core/EigenBase.h:59:37:constexpr Eigen::EigenBase<Derived>::Index Eigen::EigenBase<Derived>::rows() const [with Derived = Eigen::Matrix<float, 3, 3>]	16	static
../Core/Inc/Eigen/src/Core/CoreEvaluators.h:206:59:constexpr Eigen::internal::evaluator<Eigen::PlainObjectBase<Derived> >::Scalar& Eigen::internal::evaluator<Eigen::PlainObjectBase<Derived> >::coeffRef(Eigen::Index, Eigen::Index) [with Derived = Eigen::Matrix<float, 3, 3>]	24	static
../Core/Inc/Eigen/src/Core/CoreEvaluators.h:523:57:Eigen::internal::evaluator<Eigen::CwiseNullaryOp<Func, Xpr> >::CoeffReturnType Eigen::internal::evaluator<Eigen::CwiseNullaryOp<Func, Xpr> >::coeff(IndexType, IndexType) const [with IndexType = int; NullaryOp = Eigen::internal::scalar_identity_op<float>; PlainObjectType = Eigen::Matrix<float, 3, 3>]	24	static
../Core/Inc/Eigen/src/Core/AssignEvaluator.h:195:63:static constexpr void Eigen::internal::copy_using_evaluator_DefaultTraversal_CompleteUnrolling<Kernel, Index_, Stop>::run(Kernel&) [with Kernel = Eigen::internal::generic_dense_assignment_kernel<Eigen::internal::evaluator<Eigen::Matrix<float, 3, 3> >, Eigen::internal::evaluator<Eigen::CwiseNullaryOp<Eigen::internal::scalar_identity_op<float>, Eigen::Matrix<float, 3, 3> > >, Eigen::internal::assign_op<float, float>, 0>; int Index_ = 3; int Stop = 9]	16	static
../Core/Inc/Eigen/src/Core/CoreEvaluators.h:1542:3:Eigen::internal::unary_evaluator<Eigen::Block<XprType, BlockRows, BlockCols, InnerPanel>, Eigen::internal::IndexBased>::CoeffReturnType Eigen::internal::unary_evaluator<Eigen::Block<XprType, BlockRows, BlockCols, InnerPanel>, Eigen::internal::IndexBased>::linear_coeff_impl(Eigen::Index, std::false_type) const [with ArgType = const Eigen::CwiseNullaryOp<Eigen::internal::scalar_identity_op<float>, Eigen::Matrix<float, 3, 3> >; int BlockRows = 3; int BlockCols = 1; bool InnerPanel = false]	24	static
../Core/Inc/Eigen/src/Core/AssignEvaluator.h:233:63:static constexpr void Eigen::internal::copy_using_evaluator_LinearTraversal_CompleteUnrolling<Kernel, Stop, Stop>::run(Kernel&) [with Kernel = Eigen::internal::generic_dense_assignment_kernel<Eigen::internal::evaluator<Eigen::Matrix<float, 3, 1> >, Eigen::internal::evaluator<Eigen::Block<const Eigen::CwiseNullaryOp<Eigen::internal::scalar_identity_op<float>, Eigen::Matrix<float, 3, 3> >, 3, 1, false> >, Eigen::internal::assign_op<float, float>, 0>; int Stop = 3]	16	static
../Core/Inc/Eigen/src/Core/CoreEvaluators.h:260:57:constexpr Eigen::Index Eigen::internal::evaluator<Eigen::PlainObjectBase<Derived> >::getIndex(Eigen::Index, Eigen::Index) const [with Derived = Eigen::Matrix<float, 3, 3>]	24	static
../Core/Inc/Eigen/src/Core/CoreEvaluators.h:210:59:constexpr Eigen::internal::evaluator<Eigen::PlainObjectBase<Derived> >::Scalar& Eigen::internal::evaluator<Eigen::PlainObjectBase<Derived> >::coeffRef(Eigen::Index) [with Derived = Eigen::Matrix<float, 3, 3>]	16	static
../Core/Inc/Eigen/src/Core/CoreEvaluators.h:404:48:Scalar Eigen::internal::nullary_wrapper<Scalar, NullaryOp, false, false, true>::operator()(const NullaryOp&, IndexType, IndexType) const [with IndexType = int; Scalar = float; NullaryOp = Eigen::internal::scalar_identity_op<float>]	24	static
../Core/Inc/Eigen/src/Core/AssignEvaluator.h:195:63:static constexpr void Eigen::internal::copy_using_evaluator_DefaultTraversal_CompleteUnrolling<Kernel, Index_, Stop>::run(Kernel&) [with Kernel = Eigen::internal::generic_dense_assignment_kernel<Eigen::internal::evaluator<Eigen::Matrix<float, 3, 3> >, Eigen::internal::evaluator<Eigen::CwiseNullaryOp<Eigen::internal::scalar_identity_op<float>, Eigen::Matrix<float, 3, 3> > >, Eigen::internal::assign_op<float, float>, 0>; int Index_ = 4; int Stop = 9]	16	static
../Core/Inc/Eigen/src/Core/CoreEvaluators.h:1460:57:Eigen::internal::unary_evaluator<Eigen::Block<XprType, BlockRows, BlockCols, InnerPanel>, Eigen::internal::IndexBased>::CoeffReturnType Eigen::internal::unary_evaluator<Eigen::Block<XprType, BlockRows, BlockCols, InnerPanel>, Eigen::internal::IndexBased>::coeff(Eigen::Index, Eigen::Index) const [with ArgType = const Eigen::CwiseNullaryOp<Eigen::internal::scalar_identity_op<float>, Eigen::Matrix<float, 3, 3> >; int BlockRows = 3; int BlockCols = 1; bool InnerPanel = false]	32	static
../Core/Inc/Eigen/src/Core/CoreEvaluators.h:152:57:constexpr Eigen::Index Eigen::internal::plainobjectbase_evaluator_data<Scalar, OuterStride>::outerStride() const [with Scalar = float; int OuterStride = 3]	16	static
../Core/Inc/Eigen/src/Core/functors/NullaryFunctors.h:54:54:const Scalar Eigen::internal::scalar_identity_op<Scalar>::operator()(IndexType, IndexType) const [with IndexType = int; Scalar = float]	24	static
../Core/Inc/Eigen/src/Core/AssignEvaluator.h:195:63:static constexpr void Eigen::internal::copy_using_evaluator_DefaultTraversal_CompleteUnrolling<Kernel, Index_, Stop>::run(Kernel&) [with Kernel = Eigen::internal::generic_dense_assignment_kernel<Eigen::internal::evaluator<Eigen::Matrix<float, 3, 3> >, Eigen::internal::evaluator<Eigen::CwiseNullaryOp<Eigen::internal::scalar_identity_op<float>, Eigen::Matrix<float, 3, 3> > >, Eigen::internal::assign_op<float, float>, 0>; int Index_ = 5; int Stop = 9]	16	static
../Core/Inc/Eigen/src/Core/AssignEvaluator.h:195:63:static constexpr void Eigen::internal::copy_using_evaluator_DefaultTraversal_CompleteUnrolling<Kernel, Index_, Stop>::run(Kernel&) [with Kernel = Eigen::internal::generic_dense_assignment_kernel<Eigen::internal::evaluator<Eigen::Matrix<float, 3, 3> >, Eigen::internal::evaluator<Eigen::CwiseNullaryOp<Eigen::internal::scalar_identity_op<float>, Eigen::Matrix<float, 3, 3> > >, Eigen::internal::assign_op<float, float>, 0>; int Index_ = 6; int Stop = 9]	16	static
../Core/Inc/Eigen/src/Core/AssignEvaluator.h:195:63:static constexpr void Eigen::internal::copy_using_evaluator_DefaultTraversal_CompleteUnrolling<Kernel, Index_, Stop>::run(Kernel&) [with Kernel = Eigen::internal::generic_dense_assignment_kernel<Eigen::internal::evaluator<Eigen::Matrix<float, 3, 3> >, Eigen::internal::evaluator<Eigen::CwiseNullaryOp<Eigen::internal::scalar_identity_op<float>, Eigen::Matrix<float, 3, 3> > >, Eigen::internal::assign_op<float, float>, 0>; int Index_ = 7; int Stop = 9]	16	static
../Core/Inc/Eigen/src/Core/AssignEvaluator.h:195:63:static constexpr void Eigen::internal::copy_using_evaluator_DefaultTraversal_CompleteUnrolling<Kernel, Index_, Stop>::run(Kernel&) [with Kernel = Eigen::internal::generic_dense_assignment_kernel<Eigen::internal::evaluator<Eigen::Matrix<float, 3, 3> >, Eigen::internal::evaluator<Eigen::CwiseNullaryOp<Eigen::internal::scalar_identity_op<float>, Eigen::Matrix<float, 3, 3> > >, Eigen::internal::assign_op<float, float>, 0>; int Index_ = 8; int Stop = 9]	16	static
../Core/Inc/Eigen/src/Core/AssignEvaluator.h:203:63:static constexpr void Eigen::internal::copy_using_evaluator_DefaultTraversal_CompleteUnrolling<Kernel, Stop, Stop>::run(Kernel&) [with Kernel = Eigen::internal::generic_dense_assignment_kernel<Eigen::internal::evaluator<Eigen::Matrix<float, 3, 3> >, Eigen::internal::evaluator<Eigen::CwiseNullaryOp<Eigen::internal::scalar_identity_op<float>, Eigen::Matrix<float, 3, 3> > >, Eigen::internal::assign_op<float, float>, 0>; int Stop = 9]	16	static
